../Core/Src/IQS7222A.c:39:6:IQS7222A_begin	16	static
../Core/Src/IQS7222A.c:60:6:IQS7222A_init	24	static
../Core/Src/IQS7222A.c:208:6:IQS7222A_run	8	static
../Core/Src/IQS7222A.c:272:6:iqs7222a_ready_interrupt	24	static
../Core/Src/IQS7222A.c:293:6:IQS7222A_clearRDY	8	static
../Core/Src/IQS7222A.c:308:6:IQS7222A_getRDYStatus	8	static
../Core/Src/IQS7222A.c:322:6:IQS7222A_queueValueUpdates	32	static
../Core/Src/IQS7222A.c:365:6:IQS7222A_readATIactive	8	static
../Core/Src/IQS7222A.c:385:6:IQS7222A_checkReset	8	static
../Core/Src/IQS7222A.c:402:10:IQS7222A_getProductNum	48	static
../Core/Src/IQS7222A.c:428:9:IQS7222A_getmajorVersion	40	static
../Core/Src/IQS7222A.c:448:9:IQS7222A_getminorVersion	40	static
../Core/Src/IQS7222A.c:472:6:IQS7222A_acknowledgeReset	40	static
../Core/Src/IQS7222A.c:492:6:IQS7222A_ReATI	40	static
../Core/Src/IQS7222A.c:512:6:IQS7222A_SW_Reset	40	static
../Core/Src/IQS7222A.c:531:6:IQS7222A_setStreamMode	40	static
../Core/Src/IQS7222A.c:551:6:IQS7222A_setEventMode	40	static
../Core/Src/IQS7222A.c:571:6:IQS7222A_setStreamInTouchMode	40	static
../Core/Src/IQS7222A.c:593:6:IQS7222A_updateInfoFlags	40	static
../Core/Src/IQS7222A.c:613:22:IQS7222A_get_PowerMode	16	static
../Core/Src/IQS7222A.c:645:6:IQS7222A_channelTouchState	16	static
../Core/Src/IQS7222A.c:674:6:IQS7222A_channel_proxState	16	static
../Core/Src/IQS7222A.c:703:10:IQS7222A_sliderCoordinate	24	static
../Core/Src/IQS7222A.c:727:6:IQS7222A_slider_event_occurred	16	static
../Core/Src/IQS7222A.c:750:26:IQS7222A_slider_event	32	static
../Core/Src/IQS7222A.c:791:6:IQS7222A_writeMM	64	static
../Core/Src/IQS7222A.c:1186:6:IQS7222A_ReadRandomBytes	40	static
../Core/Src/IQS7222A.c:1221:6:writeRandomBytes	72	dynamic
../Core/Src/IQS7222A.c:1239:6:writeRandomBytes16	72	dynamic
../Core/Src/IQS7222A.c:1268:6:IQS7222A_getBit	16	static
../Core/Src/IQS7222A.c:1282:9:IQS7222A_setBit	16	static
../Core/Src/IQS7222A.c:1296:9:IQS7222A_clearBit	16	static
../Core/Src/IQS7222A.c:1310:6:IQS7222A_ForceI2CCommunication	32	static
