Archive member included to satisfy reference by file (symbol)

C:/ST/STM32CubeIDE_1.18.1/STM32CubeIDE/plugins/com.st.stm32cube.ide.mcu.externaltools.gnu-tools-for-stm32.13.3.rel1.win32_1.0.0.202411081344/tools/bin/../lib/gcc/arm-none-eabi/13.3.1/../../../../arm-none-eabi/lib/thumb/v6-m/nofp\libc_nano.a(libc_a-exit.o)
                              C:/ST/STM32CubeIDE_1.18.1/STM32CubeIDE/plugins/com.st.stm32cube.ide.mcu.externaltools.gnu-tools-for-stm32.13.3.rel1.win32_1.0.0.202411081344/tools/bin/../lib/gcc/arm-none-eabi/13.3.1/../../../../arm-none-eabi/lib/thumb/v6-m/nofp/crt0.o (exit)
C:/ST/STM32CubeIDE_1.18.1/STM32CubeIDE/plugins/com.st.stm32cube.ide.mcu.externaltools.gnu-tools-for-stm32.13.3.rel1.win32_1.0.0.202411081344/tools/bin/../lib/gcc/arm-none-eabi/13.3.1/../../../../arm-none-eabi/lib/thumb/v6-m/nofp\libc_nano.a(libc_a-findfp.o)
                              C:/ST/STM32CubeIDE_1.18.1/STM32CubeIDE/plugins/com.st.stm32cube.ide.mcu.externaltools.gnu-tools-for-stm32.13.3.rel1.win32_1.0.0.202411081344/tools/bin/../lib/gcc/arm-none-eabi/13.3.1/../../../../arm-none-eabi/lib/thumb/v6-m/nofp\libc_nano.a(libc_a-exit.o) (__stdio_exit_handler)
C:/ST/STM32CubeIDE_1.18.1/STM32CubeIDE/plugins/com.st.stm32cube.ide.mcu.externaltools.gnu-tools-for-stm32.13.3.rel1.win32_1.0.0.202411081344/tools/bin/../lib/gcc/arm-none-eabi/13.3.1/../../../../arm-none-eabi/lib/thumb/v6-m/nofp\libc_nano.a(libc_a-fwalk.o)
                              C:/ST/STM32CubeIDE_1.18.1/STM32CubeIDE/plugins/com.st.stm32cube.ide.mcu.externaltools.gnu-tools-for-stm32.13.3.rel1.win32_1.0.0.202411081344/tools/bin/../lib/gcc/arm-none-eabi/13.3.1/../../../../arm-none-eabi/lib/thumb/v6-m/nofp\libc_nano.a(libc_a-findfp.o) (_fwalk_sglue)
C:/ST/STM32CubeIDE_1.18.1/STM32CubeIDE/plugins/com.st.stm32cube.ide.mcu.externaltools.gnu-tools-for-stm32.13.3.rel1.win32_1.0.0.202411081344/tools/bin/../lib/gcc/arm-none-eabi/13.3.1/../../../../arm-none-eabi/lib/thumb/v6-m/nofp\libc_nano.a(libc_a-printf.o)
                              ./Core/Src/IQS7222A.o (printf)
C:/ST/STM32CubeIDE_1.18.1/STM32CubeIDE/plugins/com.st.stm32cube.ide.mcu.externaltools.gnu-tools-for-stm32.13.3.rel1.win32_1.0.0.202411081344/tools/bin/../lib/gcc/arm-none-eabi/13.3.1/../../../../arm-none-eabi/lib/thumb/v6-m/nofp\libc_nano.a(libc_a-puts.o)
                              ./Core/Src/IQS7222A.o (puts)
C:/ST/STM32CubeIDE_1.18.1/STM32CubeIDE/plugins/com.st.stm32cube.ide.mcu.externaltools.gnu-tools-for-stm32.13.3.rel1.win32_1.0.0.202411081344/tools/bin/../lib/gcc/arm-none-eabi/13.3.1/../../../../arm-none-eabi/lib/thumb/v6-m/nofp\libc_nano.a(libc_a-stdio.o)
                              C:/ST/STM32CubeIDE_1.18.1/STM32CubeIDE/plugins/com.st.stm32cube.ide.mcu.externaltools.gnu-tools-for-stm32.13.3.rel1.win32_1.0.0.202411081344/tools/bin/../lib/gcc/arm-none-eabi/13.3.1/../../../../arm-none-eabi/lib/thumb/v6-m/nofp\libc_nano.a(libc_a-findfp.o) (__sread)
C:/ST/STM32CubeIDE_1.18.1/STM32CubeIDE/plugins/com.st.stm32cube.ide.mcu.externaltools.gnu-tools-for-stm32.13.3.rel1.win32_1.0.0.202411081344/tools/bin/../lib/gcc/arm-none-eabi/13.3.1/../../../../arm-none-eabi/lib/thumb/v6-m/nofp\libc_nano.a(libc_a-wbuf.o)
                              C:/ST/STM32CubeIDE_1.18.1/STM32CubeIDE/plugins/com.st.stm32cube.ide.mcu.externaltools.gnu-tools-for-stm32.13.3.rel1.win32_1.0.0.202411081344/tools/bin/../lib/gcc/arm-none-eabi/13.3.1/../../../../arm-none-eabi/lib/thumb/v6-m/nofp\libc_nano.a(libc_a-puts.o) (__swbuf_r)
C:/ST/STM32CubeIDE_1.18.1/STM32CubeIDE/plugins/com.st.stm32cube.ide.mcu.externaltools.gnu-tools-for-stm32.13.3.rel1.win32_1.0.0.202411081344/tools/bin/../lib/gcc/arm-none-eabi/13.3.1/../../../../arm-none-eabi/lib/thumb/v6-m/nofp\libc_nano.a(libc_a-wsetup.o)
                              C:/ST/STM32CubeIDE_1.18.1/STM32CubeIDE/plugins/com.st.stm32cube.ide.mcu.externaltools.gnu-tools-for-stm32.13.3.rel1.win32_1.0.0.202411081344/tools/bin/../lib/gcc/arm-none-eabi/13.3.1/../../../../arm-none-eabi/lib/thumb/v6-m/nofp\libc_nano.a(libc_a-puts.o) (__swsetup_r)
C:/ST/STM32CubeIDE_1.18.1/STM32CubeIDE/plugins/com.st.stm32cube.ide.mcu.externaltools.gnu-tools-for-stm32.13.3.rel1.win32_1.0.0.202411081344/tools/bin/../lib/gcc/arm-none-eabi/13.3.1/../../../../arm-none-eabi/lib/thumb/v6-m/nofp\libc_nano.a(libc_a-memset.o)
                              C:/ST/STM32CubeIDE_1.18.1/STM32CubeIDE/plugins/com.st.stm32cube.ide.mcu.externaltools.gnu-tools-for-stm32.13.3.rel1.win32_1.0.0.202411081344/tools/bin/../lib/gcc/arm-none-eabi/13.3.1/../../../../arm-none-eabi/lib/thumb/v6-m/nofp/crt0.o (memset)
C:/ST/STM32CubeIDE_1.18.1/STM32CubeIDE/plugins/com.st.stm32cube.ide.mcu.externaltools.gnu-tools-for-stm32.13.3.rel1.win32_1.0.0.202411081344/tools/bin/../lib/gcc/arm-none-eabi/13.3.1/../../../../arm-none-eabi/lib/thumb/v6-m/nofp\libc_nano.a(libc_a-closer.o)
[...]
Memory Configuration

Name             Origin             Length             Attributes
RAM              0x20000000         0x00008000         xrw
FLASH            0x08000000         0x00040000         xr
*default*        0x00000000         0xffffffff

Linker script and memory map

LOAD C:/ST/STM32CubeIDE_1.18.1/STM32CubeIDE/plugins/com.st.stm32cube.ide.mcu.externaltools.gnu-tools-for-stm32.13.3.rel1.win32_1.0.0.202411081344/tools/bin/../lib/gcc/arm-none-eabi/13.3.1/thumb/v6-m/nofp/crti.o
LOAD C:/ST/STM32CubeIDE_1.18.1/STM32CubeIDE/plugins/com.st.stm32cube.ide.mcu.externaltools.gnu-tools-for-stm32.13.3.rel1.win32_1.0.0.202411081344/tools/bin/../lib/gcc/arm-none-eabi/13.3.1/thumb/v6-m/nofp/crtbegin.o
LOAD C:/ST/STM32CubeIDE_1.18.1/STM32CubeIDE/plugins/com.st.stm32cube.ide.mcu.externaltools.gnu-tools-for-stm32.13.3.rel1.win32_1.0.0.202411081344/tools/bin/../lib/gcc/arm-none-eabi/13.3.1/../../../../arm-none-eabi/lib/thumb/v6-m/nofp/crt0.o
LOAD ./Core/Src/GFX_FUNCTIONS.o
LOAD ./Core/Src/IQS7222A.o
LOAD ./Core/Src/ST7735.o
LOAD ./Core/Src/fonts.o
LOAD ./Core/Src/icons.o
LOAD ./Core/Src/main.o
LOAD ./Core/Src/menu.o
LOAD ./Core/Src/stm32f0xx_hal_msp.o
LOAD ./Core/Src/stm32f0xx_it.o
LOAD ./Core/Src/syscalls.o
LOAD ./Core/Src/sysmem.o
LOAD ./Core/Src/system_stm32f0xx.o
LOAD ./Core/Startup/startup_stm32f030cctx.o
LOAD ./Drivers/STM32F0xx_HAL_Driver/Src/stm32f0xx_hal.o
LOAD ./Drivers/STM32F0xx_HAL_Driver/Src/stm32f0xx_hal_cortex.o
LOAD ./Drivers/STM32F0xx_HAL_Driver/Src/stm32f0xx_hal_dma.o
LOAD ./Drivers/STM32F0xx_HAL_Driver/Src/stm32f0xx_hal_exti.o
LOAD ./Drivers/STM32F0xx_HAL_Driver/Src/stm32f0xx_hal_flash.o
LOAD ./Drivers/STM32F0xx_HAL_Driver/Src/stm32f0xx_hal_flash_ex.o
LOAD ./Drivers/STM32F0xx_HAL_Driver/Src/stm32f0xx_hal_gpio.o
LOAD ./Drivers/STM32F0xx_HAL_Driver/Src/stm32f0xx_hal_i2c.o
LOAD ./Drivers/STM32F0xx_HAL_Driver/Src/stm32f0xx_hal_i2c_ex.o
LOAD ./Drivers/STM32F0xx_HAL_Driver/Src/stm32f0xx_hal_pwr.o
LOAD ./Drivers/STM32F0xx_HAL_Driver/Src/stm32f0xx_hal_pwr_ex.o
LOAD ./Drivers/STM32F0xx_HAL_Driver/Src/stm32f0xx_hal_rcc.o
LOAD ./Drivers/STM32F0xx_HAL_Driver/Src/stm32f0xx_hal_rcc_ex.o
LOAD ./Drivers/STM32F0xx_HAL_Driver/Src/stm32f0xx_hal_spi.o
LOAD ./Drivers/STM32F0xx_HAL_Driver/Src/stm32f0xx_hal_spi_ex.o
LOAD ./Drivers/STM32F0xx_HAL_Driver/Src/stm32f0xx_hal_uart.o
LOAD ./Drivers/STM32F0xx_HAL_Driver/Src/stm32f0xx_hal_uart_ex.o
START GROUP
LOAD C:/ST/STM32CubeIDE_1.18.1/STM32CubeIDE/plugins/com.st.stm32cube.ide.mcu.externaltools.gnu-tools-for-stm32.13.3.rel1.win32_1.0.0.202411081344/tools/bin/../lib/gcc/arm-none-eabi/13.3.1/../../../../arm-none-eabi/lib/thumb/v6-m/nofp\libc_nano.a
LOAD C:/ST/STM32CubeIDE_1.18.1/STM32CubeIDE/plugins/com.st.stm32cube.ide.mcu.externaltools.gnu-tools-for-stm32.13.3.rel1.win32_1.0.0.202411081344/tools/bin/../lib/gcc/arm-none-eabi/13.3.1/../../../../arm-none-eabi/lib/thumb/v6-m/nofp\libm.a
END GROUP
START GROUP
LOAD C:/ST/STM32CubeIDE_1.18.1/STM32CubeIDE/plugins/com.st.stm32cube.ide.mcu.externaltools.gnu-tools-for-stm32.13.3.rel1.win32_1.0.0.202411081344/tools/bin/../lib/gcc/arm-none-eabi/13.3.1/thumb/v6-m/nofp\libgcc.a
LOAD C:/ST/STM32CubeIDE_1.18.1/STM32CubeIDE/plugins/com.st.stm32cube.ide.mcu.externaltools.gnu-tools-for-stm32.13.3.rel1.win32_1.0.0.202411081344/tools/bin/../lib/gcc/arm-none-eabi/13.3.1/../../../../arm-none-eabi/lib/thumb/v6-m/nofp\libc_nano.a
END GROUP
START GROUP
LOAD C:/ST/STM32CubeIDE_1.18.1/STM32CubeIDE/plugins/com.st.stm32cube.ide.mcu.externaltools.gnu-tools-for-stm32.13.3.rel1.win32_1.0.0.202411081344/tools/bin/../lib/gcc/arm-none-eabi/13.3.1/thumb/v6-m/nofp\libgcc.a
LOAD C:/ST/STM32CubeIDE_1.18.1/STM32CubeIDE/plugins/com.st.stm32cube.ide.mcu.externaltools.gnu-tools-for-stm32.13.3.rel1.win32_1.0.0.202411081344/tools/bin/../lib/gcc/arm-none-eabi/13.3.1/../../../../arm-none-eabi/lib/thumb/v6-m/nofp\libc_nano.a
LOAD C:/ST/STM32CubeIDE_1.18.1/STM32CubeIDE/plugins/com.st.stm32cube.ide.mcu.externaltools.gnu-tools-for-stm32.13.3.rel1.win32_1.0.0.202411081344/tools/bin/../lib/gcc/arm-none-eabi/13.3.1/../../../../arm-none-eabi/lib/thumb/v6-m/nofp\libnosys.a
END GROUP
START GROUP
LOAD C:/ST/STM32CubeIDE_1.18.1/STM32CubeIDE/plugins/com.st.stm32cube.ide.mcu.externaltools.gnu-tools-for-stm32.13.3.rel1.win32_1.0.0.202411081344/tools/bin/../lib/gcc/arm-none-eabi/13.3.1/thumb/v6-m/nofp\libgcc.a
LOAD C:/ST/STM32CubeIDE_1.18.1/STM32CubeIDE/plugins/com.st.stm32cube.ide.mcu.externaltools.gnu-tools-for-stm32.13.3.rel1.win32_1.0.0.202411081344/tools/bin/../lib/gcc/arm-none-eabi/13.3.1/../../../../arm-none-eabi/lib/thumb/v6-m/nofp\libc_nano.a
LOAD C:/ST/STM32CubeIDE_1.18.1/STM32CubeIDE/plugins/com.st.stm32cube.ide.mcu.externaltools.gnu-tools-for-stm32.13.3.rel1.win32_1.0.0.202411081344/tools/bin/../lib/gcc/arm-none-eabi/13.3.1/../../../../arm-none-eabi/lib/thumb/v6-m/nofp\libnosys.a
END GROUP
LOAD C:/ST/STM32CubeIDE_1.18.1/STM32CubeIDE/plugins/com.st.stm32cube.ide.mcu.externaltools.gnu-tools-for-stm32.13.3.rel1.win32_1.0.0.202411081344/tools/bin/../lib/gcc/arm-none-eabi/13.3.1/thumb/v6-m/nofp/crtend.o
LOAD C:/ST/STM32CubeIDE_1.18.1/STM32CubeIDE/plugins/com.st.stm32cube.ide.mcu.externaltools.gnu-tools-for-stm32.13.3.rel1.win32_1.0.0.202411081344/tools/bin/../lib/gcc/arm-none-eabi/13.3.1/thumb/v6-m/nofp/crtn.o
                0x20008000                        _estack = (ORIGIN (RAM) + LENGTH (RAM))
                0x00000200                        _Min_Heap_Size = 0x200
                0x00000400                        _Min_Stack_Size = 0x400

.isr_vector     0x08000000       0xbc
                0x08000000                        . = ALIGN (0x4)
 *(.isr_vector)
 .isr_vector    0x08000000       0xbc ./Core/Startup/startup_stm32f030cctx.o
                0x08000000                g_pfnVectors
                0x080000bc                        . = ALIGN (0x4)

.text           0x080000bc     0x632c
                0x080000bc                        . = ALIGN (0x4)
 *(.text)
 .text          0x080000bc       0x48 C:/ST/STM32CubeIDE_1.18.1/STM32CubeIDE/plugins/com.st.stm32cube.ide.mcu.externaltools.gnu-tools-for-stm32.13.3.rel1.win32_1.0.0.202411081344/tools/bin/../lib/gcc/arm-none-eabi/13.3.1/thumb/v6-m/nofp/crtbegin.o
 .text          0x08000104        0xe C:/ST/STM32CubeIDE_1.18.1/STM32CubeIDE/plugins/com.st.stm32cube.ide.mcu.externaltools.gnu-tools-for-stm32.13.3.rel1.win32_1.0.0.202411081344/tools/bin/../lib/gcc/arm-none-eabi/13.3.1/../../../../arm-none-eabi/lib/thumb/v6-m/nofp\libc_nano.a(libc_a-strlen.o)
                0x08000104                strlen
 *fill*         0x08000112        0x2 
 .text          0x08000114       0x14 C:/ST/STM32CubeIDE_1.18.1/STM32CubeIDE/plugins/com.st.stm32cube.ide.mcu.externaltools.gnu-tools-for-stm32.13.3.rel1.win32_1.0.0.202411081344/tools/bin/../lib/gcc/arm-none-eabi/13.3.1/thumb/v6-m/nofp\libgcc.a(_thumb1_case_shi.o)
                0x08000114                __gnu_thumb1_case_shi
 .text          0x08000128      0x114 C:/ST/STM32CubeIDE_1.18.1/STM32CubeIDE/plugins/com.st.stm32cube.ide.mcu.externaltools.gnu-tools-for-stm32.13.3.rel1.win32_1.0.0.202411081344/tools/bin/../lib/gcc/arm-none-eabi/13.3.1/thumb/v6-m/nofp\libgcc.a(_udivsi3.o)
                0x08000128                __aeabi_uidiv
                0x08000128                __udivsi3
                0x08000234                __aeabi_uidivmod
 .text          0x0800023c        0x4 C:/ST/STM32CubeIDE_1.18.1/STM32CubeIDE/plugins/com.st.stm32cube.ide.mcu.externaltools.gnu-tools-for-stm32.13.3.rel1.win32_1.0.0.202411081344/tools/bin/../lib/gcc/arm-none-eabi/13.3.1/thumb/v6-m/nofp\libgcc.a(_dvmd_tls.o)
                0x0800023c                __aeabi_idiv0
                0x0800023c                __aeabi_ldiv0
 *(.text*)
 .text.fillRect
                0x08000240       0x4c ./Core/Src/GFX_FUNCTIONS.o
                0x08000240                fillRect
 .text.FillScreen
                0x0800028c       0x26 ./Core/Src/GFX_FUNCTIONS.o
                0x0800028c                FillScreen
 *fill*         0x080002b2        0x2 
 .text.IQS7222A_begin
                0x080002b4       0x48 ./Core/Src/IQS7222A.o
                0x080002b4                IQS7222A_begin
 .text.IQS7222A_init
                0x080002fc      0x280 ./Core/Src/IQS7222A.o
                0x080002fc                IQS7222A_init
 .text.IQS7222A_run
                0x0800057c       0xd8 ./Core/Src/IQS7222A.o
                0x0800057c                IQS7222A_run
 .text.IQS7222A_queueValueUpdates
                0x08000654       0xb4 ./Core/Src/IQS7222A.o
                0x08000654                IQS7222A_queueValueUpdates
 .text.IQS7222A_readATIactive
                0x08000708       0x24 ./Core/Src/IQS7222A.o
                0x08000708                IQS7222A_readATIactive
 .text.IQS7222A_checkReset
                0x0800072c       0x1c ./Core/Src/IQS7222A.o
                0x0800072c                IQS7222A_checkReset
 .text.IQS7222A_getProductNum
                0x08000748       0x80 ./Core/Src/IQS7222A.o
                0x08000748                IQS7222A_getProductNum
 .text.IQS7222A_getmajorVersion
                0x080007c8       0x44 ./Core/Src/IQS7222A.o
                0x080007c8                IQS7222A_getmajorVersion
 .text.IQS7222A_getminorVersion
                0x0800080c       0x44 ./Core/Src/IQS7222A.o
                0x0800080c                IQS7222A_getminorVersion
 .text.IQS7222A_acknowledgeReset
                0x08000850       0x58 ./Core/Src/IQS7222A.o
                0x08000850                IQS7222A_acknowledgeReset
 .text.IQS7222A_ReATI
                0x080008a8       0x58 ./Core/Src/IQS7222A.o
                0x080008a8                IQS7222A_ReATI
 .text.IQS7222A_SW_Reset
                0x08000900       0x58 ./Core/Src/IQS7222A.o
                0x08000900                IQS7222A_SW_Reset
 .text.IQS7222A_setEventMode
                0x08000958       0x6c ./Core/Src/IQS7222A.o
                0x08000958                IQS7222A_setEventMode
 .text.IQS7222A_setStreamInTouchMode
                0x080009c4       0x6c ./Core/Src/IQS7222A.o
                0x080009c4                IQS7222A_setStreamInTouchMode
 .text.IQS7222A_updateInfoFlags
                0x08000a30       0x48 ./Core/Src/IQS7222A.o
                0x08000a30                IQS7222A_updateInfoFlags
 .text.IQS7222A_channelTouchState
                0x08000a78       0xe0 ./Core/Src/IQS7222A.o
                0x08000a78                IQS7222A_channelTouchState
 .text.IQS7222A_writeMM
                0x08000b58      0x8dc ./Core/Src/IQS7222A.o
                0x08000b58                IQS7222A_writeMM
 .text.IQS7222A_ReadRandomBytes
                0x08001434       0x68 ./Core/Src/IQS7222A.o
                0x08001434                IQS7222A_ReadRandomBytes
 .text.writeRandomBytes
                0x0800149c       0xf0 ./Core/Src/IQS7222A.o
                0x0800149c                writeRandomBytes
 .text.writeRandomBytes16
                0x0800158c       0xfc ./Core/Src/IQS7222A.o
                0x0800158c                writeRandomBytes16
 .text.IQS7222A_getBit
                0x08001688       0x30 ./Core/Src/IQS7222A.o
                0x08001688                IQS7222A_getBit
 .text.IQS7222A_setBit
                0x080016b8       0x2e ./Core/Src/IQS7222A.o
                0x080016b8                IQS7222A_setBit
 .text.IQS7222A_clearBit
                0x080016e6       0x32 ./Core/Src/IQS7222A.o
                0x080016e6                IQS7222A_clearBit
 .text.ST7735_Select
                0x08001718       0x1a ./Core/Src/ST7735.o
                0x08001718                ST7735_Select
 .text.ST7735_Unselect
                0x08001732       0x1a ./Core/Src/ST7735.o
                0x08001732                ST7735_Unselect
 .text.ST7735_Reset
                0x0800174c       0x2c ./Core/Src/ST7735.o
                0x0800174c                ST7735_Reset
 .text.ST7735_WriteCommand
                0x08001778       0x38 ./Core/Src/ST7735.o
                0x08001778                ST7735_WriteCommand
 .text.ST7735_WriteData
                0x080017b0       0x38 ./Core/Src/ST7735.o
                0x080017b0                ST7735_WriteData
 .text.DisplayInit
                0x080017e8       0xc8 ./Core/Src/ST7735.o
                0x080017e8                DisplayInit
 .text.ST7735_SetAddressWindow
                0x080018b0       0xb0 ./Core/Src/ST7735.o
                0x080018b0                ST7735_SetAddressWindow
 .text.ST7735_Init
                0x08001960       0x58 ./Core/Src/ST7735.o
                0x08001960                ST7735_Init
 .text.ST7735_SetRotation
                0x080019b8      0x114 ./Core/Src/ST7735.o
                0x080019b8                ST7735_SetRotation
 .text.ST7735_FillRectangle
                0x08001acc      0x160 ./Core/Src/ST7735.o
                0x08001acc                ST7735_FillRectangle
 .text.ST7735_DrawImage
                0x08001c2c       0xdc ./Core/Src/ST7735.o
                0x08001c2c                ST7735_DrawImage
 .text.main     0x08001d08       0x58 ./Core/Src/main.o
                0x08001d08                main
 .text.SystemClock_Config
                0x08001d60       0xca ./Core/Src/main.o
                0x08001d60                SystemClock_Config
 *fill*         0x08001e2a        0x2 
 .text.MX_I2C1_Init
                0x08001e2c       0x80 ./Core/Src/main.o
 .text.MX_SPI1_Init
                0x08001eac       0x7c ./Core/Src/main.o
 .text.MX_USART1_UART_Init
                0x08001f28       0x60 ./Core/Src/main.o
 .text.MX_GPIO_Init
                0x08001f88      0x1ac ./Core/Src/main.o
 .text.Error_Handler
                0x08002134        0xc ./Core/Src/main.o
                0x08002134                Error_Handler
 .text.SendUART
                0x08002140       0x4c ./Core/Src/menu.o
                0x08002140                SendUART
 .text.drawMenu
                0x0800218c      0x130 ./Core/Src/menu.o
                0x0800218c                drawMenu
 .text.IQS7222A_anyChannelTouched
                0x080022bc       0x3c ./Core/Src/menu.o
                0x080022bc                IQS7222A_anyChannelTouched
 .text.checkTouch
                0x080022f8       0xc0 ./Core/Src/menu.o
                0x080022f8                checkTouch
 .text.HAL_MspInit
                0x080023b8       0x48 ./Core/Src/stm32f0xx_hal_msp.o
                0x080023b8                HAL_MspInit
 .text.HAL_I2C_MspInit
                0x08002400       0x9c ./Core/Src/stm32f0xx_hal_msp.o
                0x08002400                HAL_I2C_MspInit
 .text.HAL_SPI_MspInit
                0x0800249c       0x9c ./Core/Src/stm32f0xx_hal_msp.o
                0x0800249c                HAL_SPI_MspInit
 .text.HAL_UART_MspInit
                0x08002538       0x9c ./Core/Src/stm32f0xx_hal_msp.o
                0x08002538                HAL_UART_MspInit
 .text.NMI_Handler
                0x080025d4        0x8 ./Core/Src/stm32f0xx_it.o
                0x080025d4                NMI_Handler
 .text.HardFault_Handler
                0x080025dc        0x8 ./Core/Src/stm32f0xx_it.o
                0x080025dc                HardFault_Handler
 .text.SVC_Handler
                0x080025e4        0xa ./Core/Src/stm32f0xx_it.o
                0x080025e4                SVC_Handler
 .text.PendSV_Handler
                0x080025ee        0xa ./Core/Src/stm32f0xx_it.o
                0x080025ee                PendSV_Handler
 .text.SysTick_Handler
                0x080025f8        0xe ./Core/Src/stm32f0xx_it.o
                0x080025f8                SysTick_Handler
 .text._read    0x08002606       0x3a ./Core/Src/syscalls.o
                0x08002606                _read
 .text._write   0x08002640       0x38 ./Core/Src/syscalls.o
                0x08002640                _write
 .text._close   0x08002678       0x14 ./Core/Src/syscalls.o
                0x08002678                _close
 .text._fstat   0x0800268c       0x1c ./Core/Src/syscalls.o
                0x0800268c                _fstat
 .text._isatty  0x080026a8       0x12 ./Core/Src/syscalls.o
                0x080026a8                _isatty
 .text._lseek   0x080026ba       0x16 ./Core/Src/syscalls.o
                0x080026ba                _lseek
 .text._sbrk    0x080026d0       0x6c ./Core/Src/sysmem.o
                0x080026d0                _sbrk
 .text.SystemInit
                0x0800273c        0xa ./Core/Src/system_stm32f0xx.o
                0x0800273c                SystemInit
 *fill*         0x08002746        0x2 
 .text.Reset_Handler
                0x08002748       0x50 ./Core/Startup/startup_stm32f030cctx.o
                0x08002748                Reset_Handler
 .text.Default_Handler
                0x08002798        0x2 ./Core/Startup/startup_stm32f030cctx.o
                0x08002798                TIM1_CC_IRQHandler
                0x08002798                TIM6_IRQHandler
                0x08002798                I2C1_IRQHandler
                0x08002798                SPI1_IRQHandler
                0x08002798                EXTI2_3_IRQHandler
                0x08002798                ADC1_IRQHandler
                0x08002798                I2C2_IRQHandler
                0x08002798                USART3_6_IRQHandler
                0x08002798                TIM17_IRQHandler
                0x08002798                RTC_IRQHandler
                0x08002798                TIM16_IRQHandler
                0x08002798                TIM3_IRQHandler
                0x08002798                EXTI4_15_IRQHandler
                0x08002798                RCC_IRQHandler
                0x08002798                DMA1_Channel1_IRQHandler
                0x08002798                Default_Handler
                0x08002798                TIM14_IRQHandler
                0x08002798                DMA1_Channel4_5_IRQHandler
                0x08002798                TIM7_IRQHandler
                0x08002798                TIM15_IRQHandler
                0x08002798                EXTI0_1_IRQHandler
                0x08002798                SPI2_IRQHandler
                0x08002798                WWDG_IRQHandler
                0x08002798                DMA1_Channel2_3_IRQHandler
                0x08002798                USART2_IRQHandler
                0x08002798                FLASH_IRQHandler
                0x08002798                USART1_IRQHandler
                0x08002798                TIM1_BRK_UP_TRG_COM_IRQHandler
 *fill*         0x0800279a        0x2 
 .text.HAL_Init
                0x0800279c       0x28 ./Drivers/STM32F0xx_HAL_Driver/Src/stm32f0xx_hal.o
                0x0800279c                HAL_Init
 .text.HAL_InitTick
                0x080027c4       0x68 ./Drivers/STM32F0xx_HAL_Driver/Src/stm32f0xx_hal.o
                0x080027c4                HAL_InitTick
 .text.HAL_IncTick
                0x0800282c       0x24 ./Drivers/STM32F0xx_HAL_Driver/Src/stm32f0xx_hal.o
                0x0800282c                HAL_IncTick
 .text.HAL_GetTick
                0x08002850       0x14 ./Drivers/STM32F0xx_HAL_Driver/Src/stm32f0xx_hal.o
                0x08002850                HAL_GetTick
 .text.HAL_Delay
                0x08002864       0x48 ./Drivers/STM32F0xx_HAL_Driver/Src/stm32f0xx_hal.o
                0x08002864                HAL_Delay
 .text.__NVIC_SetPriority
                0x080028ac       0xdc ./Drivers/STM32F0xx_HAL_Driver/Src/stm32f0xx_hal_cortex.o
 .text.SysTick_Config
                0x08002988       0x48 ./Drivers/STM32F0xx_HAL_Driver/Src/stm32f0xx_hal_cortex.o
 .text.HAL_NVIC_SetPriority
                0x080029d0       0x2a ./Drivers/STM32F0xx_HAL_Driver/Src/stm32f0xx_hal_cortex.o
                0x080029d0                HAL_NVIC_SetPriority
 .text.HAL_SYSTICK_Config
                0x080029fa       0x1a ./Drivers/STM32F0xx_HAL_Driver/Src/stm32f0xx_hal_cortex.o
                0x080029fa                HAL_SYSTICK_Config
 .text.HAL_GPIO_Init
                0x08002a14      0x2e0 ./Drivers/STM32F0xx_HAL_Driver/Src/stm32f0xx_hal_gpio.o
                0x08002a14                HAL_GPIO_Init
 .text.HAL_GPIO_WritePin
                0x08002cf4       0x3a ./Drivers/STM32F0xx_HAL_Driver/Src/stm32f0xx_hal_gpio.o
                0x08002cf4                HAL_GPIO_WritePin
 *fill*         0x08002d2e        0x2 
 .text.HAL_I2C_Init
                0x08002d30      0x14c ./Drivers/STM32F0xx_HAL_Driver/Src/stm32f0xx_hal_i2c.o
                0x08002d30                HAL_I2C_Init
 .text.HAL_I2C_Master_Transmit
                0x08002e7c      0x254 ./Drivers/STM32F0xx_HAL_Driver/Src/stm32f0xx_hal_i2c.o
                0x08002e7c                HAL_I2C_Master_Transmit
 .text.HAL_I2C_Mem_Read
                0x080030d0      0x268 ./Drivers/STM32F0xx_HAL_Driver/Src/stm32f0xx_hal_i2c.o
                0x080030d0                HAL_I2C_Mem_Read
 .text.I2C_RequestMemoryRead
                0x08003338       0xc4 ./Drivers/STM32F0xx_HAL_Driver/Src/stm32f0xx_hal_i2c.o
 .text.I2C_Flush_TXDR
                0x080033fc       0x44 ./Drivers/STM32F0xx_HAL_Driver/Src/stm32f0xx_hal_i2c.o
 .text.I2C_WaitOnFlagUntilTimeout
                0x08003440       0xb0 ./Drivers/STM32F0xx_HAL_Driver/Src/stm32f0xx_hal_i2c.o
 .text.I2C_WaitOnTXISFlagUntilTimeout
                0x080034f0       0x8c ./Drivers/STM32F0xx_HAL_Driver/Src/stm32f0xx_hal_i2c.o
 .text.I2C_WaitOnSTOPFlagUntilTimeout
                0x0800357c       0x86 ./Drivers/STM32F0xx_HAL_Driver/Src/stm32f0xx_hal_i2c.o
 *fill*         0x08003602        0x2 
 .text.I2C_IsErrorOccurred
                0x08003604      0x1f0 ./Drivers/STM32F0xx_HAL_Driver/Src/stm32f0xx_hal_i2c.o
 .text.I2C_TransferConfig
                0x080037f4       0x74 ./Drivers/STM32F0xx_HAL_Driver/Src/stm32f0xx_hal_i2c.o
 .text.HAL_I2CEx_ConfigAnalogFilter
                0x08003868       0x98 ./Drivers/STM32F0xx_HAL_Driver/Src/stm32f0xx_hal_i2c_ex.o
                0x08003868                HAL_I2CEx_ConfigAnalogFilter
 .text.HAL_I2CEx_ConfigDigitalFilter
                0x08003900       0x98 ./Drivers/STM32F0xx_HAL_Driver/Src/stm32f0xx_hal_i2c_ex.o
                0x08003900                HAL_I2CEx_ConfigDigitalFilter
 .text.HAL_RCC_OscConfig
                0x08003998      0x63c ./Drivers/STM32F0xx_HAL_Driver/Src/stm32f0xx_hal_rcc.o
                0x08003998                HAL_RCC_OscConfig
 .text.HAL_RCC_ClockConfig
                0x08003fd4      0x19c ./Drivers/STM32F0xx_HAL_Driver/Src/stm32f0xx_hal_rcc.o
                0x08003fd4                HAL_RCC_ClockConfig
 .text.HAL_RCC_GetSysClockFreq
                0x08004170       0xb0 ./Drivers/STM32F0xx_HAL_Driver/Src/stm32f0xx_hal_rcc.o
                0x08004170                HAL_RCC_GetSysClockFreq
 .text.HAL_RCC_GetHCLKFreq
                0x08004220       0x14 ./Drivers/STM32F0xx_HAL_Driver/Src/stm32f0xx_hal_rcc.o
                0x08004220                HAL_RCC_GetHCLKFreq
 .text.HAL_RCC_GetPCLK1Freq
                0x08004234       0x2c ./Drivers/STM32F0xx_HAL_Driver/Src/stm32f0xx_hal_rcc.o
                0x08004234                HAL_RCC_GetPCLK1Freq
 .text.HAL_RCCEx_PeriphCLKConfig
                0x08004260      0x19c ./Drivers/STM32F0xx_HAL_Driver/Src/stm32f0xx_hal_rcc_ex.o
                0x08004260                HAL_RCCEx_PeriphCLKConfig
 .text.HAL_SPI_Init
                0x080043fc      0x170 ./Drivers/STM32F0xx_HAL_Driver/Src/stm32f0xx_hal_spi.o
                0x080043fc                HAL_SPI_Init
 .text.HAL_SPI_Transmit
                0x0800456c      0x2be ./Drivers/STM32F0xx_HAL_Driver/Src/stm32f0xx_hal_spi.o
                0x0800456c                HAL_SPI_Transmit
 *fill*         0x0800482a        0x2 
 .text.SPI_WaitFlagStateUntilTimeout
                0x0800482c      0x11c ./Drivers/STM32F0xx_HAL_Driver/Src/stm32f0xx_hal_spi.o
 .text.SPI_WaitFifoStateUntilTimeout
                0x08004948      0x144 ./Drivers/STM32F0xx_HAL_Driver/Src/stm32f0xx_hal_spi.o
 .text.SPI_EndRxTxTransaction
                0x08004a8c       0x8c ./Drivers/STM32F0xx_HAL_Driver/Src/stm32f0xx_hal_spi.o
 .text.HAL_UART_Init
                0x08004b18       0xa8 ./Drivers/STM32F0xx_HAL_Driver/Src/stm32f0xx_hal_uart.o
                0x08004b18                HAL_UART_Init
 .text.HAL_UART_Transmit
                0x08004bc0      0x13e ./Drivers/STM32F0xx_HAL_Driver/Src/stm32f0xx_hal_uart.o
                0x08004bc0                HAL_UART_Transmit
 *fill*         0x08004cfe        0x2 
 .text.UART_SetConfig
                0x08004d00      0x2e0 ./Drivers/STM32F0xx_HAL_Driver/Src/stm32f0xx_hal_uart.o
                0x08004d00                UART_SetConfig
 .text.UART_AdvFeatureConfig
                0x08004fe0      0x168 ./Drivers/STM32F0xx_HAL_Driver/Src/stm32f0xx_hal_uart.o
                0x08004fe0                UART_AdvFeatureConfig
 .text.UART_CheckIdleState
                0x08005148      0x150 ./Drivers/STM32F0xx_HAL_Driver/Src/stm32f0xx_hal_uart.o
                0x08005148                UART_CheckIdleState
 .text.UART_WaitOnFlagUntilTimeout
                0x08005298       0xde ./Drivers/STM32F0xx_HAL_Driver/Src/stm32f0xx_hal_uart.o
                0x08005298                UART_WaitOnFlagUntilTimeout
 *fill*         0x08005376        0x2 
 .text.UART_EndRxTransfer
                0x08005378       0xc8 ./Drivers/STM32F0xx_HAL_Driver/Src/stm32f0xx_hal_uart.o
 .text.std      0x08005440       0x6c C:/ST/STM32CubeIDE_1.18.1/STM32CubeIDE/plugins/com.st.stm32cube.ide.mcu.externaltools.gnu-tools-for-stm32.13.3.rel1.win32_1.0.0.202411081344/tools/bin/../lib/gcc/arm-none-eabi/13.3.1/../../../../arm-none-eabi/lib/thumb/v6-m/nofp\libc_nano.a(libc_a-findfp.o)
 .text.stdio_exit_handler
                0x080054ac       0x1c C:/ST/STM32CubeIDE_1.18.1/STM32CubeIDE/plugins/com.st.stm32cube.ide.mcu.externaltools.gnu-tools-for-stm32.13.3.rel1.win32_1.0.0.202411081344/tools/bin/../lib/gcc/arm-none-eabi/13.3.1/../../../../arm-none-eabi/lib/thumb/v6-m/nofp\libc_nano.a(libc_a-findfp.o)
 .text.cleanup_stdio
                0x080054c8       0x3c C:/ST/STM32CubeIDE_1.18.1/STM32CubeIDE/plugins/com.st.stm32cube.ide.mcu.externaltools.gnu-tools-for-stm32.13.3.rel1.win32_1.0.0.202411081344/tools/bin/../lib/gcc/arm-none-eabi/13.3.1/../../../../arm-none-eabi/lib/thumb/v6-m/nofp\libc_nano.a(libc_a-findfp.o)
 .text.global_stdio_init.part.0
                0x08005504       0x3c C:/ST/STM32CubeIDE_1.18.1/STM32CubeIDE/plugins/com.st.stm32cube.ide.mcu.externaltools.gnu-tools-for-stm32.13.3.rel1.win32_1.0.0.202411081344/tools/bin/../lib/gcc/arm-none-eabi/13.3.1/../../../../arm-none-eabi/lib/thumb/v6-m/nofp\libc_nano.a(libc_a-findfp.o)
 .text.__sfp_lock_acquire
                0x08005540       0x10 C:/ST/STM32CubeIDE_1.18.1/STM32CubeIDE/plugins/com.st.stm32cube.ide.mcu.externaltools.gnu-tools-for-stm32.13.3.rel1.win32_1.0.0.202411081344/tools/bin/../lib/gcc/arm-none-eabi/13.3.1/../../../../arm-none-eabi/lib/thumb/v6-m/nofp\libc_nano.a(libc_a-findfp.o)
                0x08005540                __sfp_lock_acquire
 .text.__sfp_lock_release
                0x08005550       0x10 C:/ST/STM32CubeIDE_1.18.1/STM32CubeIDE/plugins/com.st.stm32cube.ide.mcu.externaltools.gnu-tools-for-stm32.13.3.rel1.win32_1.0.0.202411081344/tools/bin/../lib/gcc/arm-none-eabi/13.3.1/../../../../arm-none-eabi/lib/thumb/v6-m/nofp\libc_nano.a(libc_a-findfp.o)
                0x08005550                __sfp_lock_release
 .text.__sinit  0x08005560       0x30 C:/ST/STM32CubeIDE_1.18.1/STM32CubeIDE/plugins/com.st.stm32cube.ide.mcu.externaltools.gnu-tools-for-stm32.13.3.rel1.win32_1.0.0.202411081344/tools/bin/../lib/gcc/arm-none-eabi/13.3.1/../../../../arm-none-eabi/lib/thumb/v6-m/nofp\libc_nano.a(libc_a-findfp.o)
                0x08005560                __sinit
 .text._fwalk_sglue
                0x08005590       0x38 C:/ST/STM32CubeIDE_1.18.1/STM32CubeIDE/plugins/com.st.stm32cube.ide.mcu.externaltools.gnu-tools-for-stm32.13.3.rel1.win32_1.0.0.202411081344/tools/bin/../lib/gcc/arm-none-eabi/13.3.1/../../../../arm-none-eabi/lib/thumb/v6-m/nofp\libc_nano.a(libc_a-fwalk.o)
                0x08005590                _fwalk_sglue
 .text.printf   0x080055c8       0x20 C:/ST/STM32CubeIDE_1.18.1/STM32CubeIDE/plugins/com.st.stm32cube.ide.mcu.externaltools.gnu-tools-for-stm32.13.3.rel1.win32_1.0.0.202411081344/tools/bin/../lib/gcc/arm-none-eabi/13.3.1/../../../../arm-none-eabi/lib/thumb/v6-m/nofp\libc_nano.a(libc_a-printf.o)
                0x080055c8                iprintf
                0x080055c8                printf
 .text._puts_r  0x080055e8       0xac C:/ST/STM32CubeIDE_1.18.1/STM32CubeIDE/plugins/com.st.stm32cube.ide.mcu.externaltools.gnu-tools-for-stm32.13.3.rel1.win32_1.0.0.202411081344/tools/bin/../lib/gcc/arm-none-eabi/13.3.1/../../../../arm-none-eabi/lib/thumb/v6-m/nofp\libc_nano.a(libc_a-puts.o)
                0x080055e8                _puts_r
 .text.puts     0x08005694       0x14 C:/ST/STM32CubeIDE_1.18.1/STM32CubeIDE/plugins/com.st.stm32cube.ide.mcu.externaltools.gnu-tools-for-stm32.13.3.rel1.win32_1.0.0.202411081344/tools/bin/../lib/gcc/arm-none-eabi/13.3.1/../../../../arm-none-eabi/lib/thumb/v6-m/nofp\libc_nano.a(libc_a-puts.o)
                0x08005694                puts
 .text.__sread  0x080056a8       0x28 C:/ST/STM32CubeIDE_1.18.1/STM32CubeIDE/plugins/com.st.stm32cube.ide.mcu.externaltools.gnu-tools-for-stm32.13.3.rel1.win32_1.0.0.202411081344/tools/bin/../lib/gcc/arm-none-eabi/13.3.1/../../../../arm-none-eabi/lib/thumb/v6-m/nofp\libc_nano.a(libc_a-stdio.o)
                0x080056a8                __sread
 .text.__swrite
                0x080056d0       0x38 C:/ST/STM32CubeIDE_1.18.1/STM32CubeIDE/plugins/com.st.stm32cube.ide.mcu.externaltools.gnu-tools-for-stm32.13.3.rel1.win32_1.0.0.202411081344/tools/bin/../lib/gcc/arm-none-eabi/13.3.1/../../../../arm-none-eabi/lib/thumb/v6-m/nofp\libc_nano.a(libc_a-stdio.o)
                0x080056d0                __swrite
 .text.__sseek  0x08005708       0x2c C:/ST/STM32CubeIDE_1.18.1/STM32CubeIDE/plugins/com.st.stm32cube.ide.mcu.externaltools.gnu-tools-for-stm32.13.3.rel1.win32_1.0.0.202411081344/tools/bin/../lib/gcc/arm-none-eabi/13.3.1/../../../../arm-none-eabi/lib/thumb/v6-m/nofp\libc_nano.a(libc_a-stdio.o)
                0x08005708                __sseek
 .text.__sclose
                0x08005734        0xc C:/ST/STM32CubeIDE_1.18.1/STM32CubeIDE/plugins/com.st.stm32cube.ide.mcu.externaltools.gnu-tools-for-stm32.13.3.rel1.win32_1.0.0.202411081344/tools/bin/../lib/gcc/arm-none-eabi/13.3.1/../../../../arm-none-eabi/lib/thumb/v6-m/nofp\libc_nano.a(libc_a-stdio.o)
                0x08005734                __sclose
 .text.__swbuf_r
                0x08005740       0x84 C:/ST/STM32CubeIDE_1.18.1/STM32CubeIDE/plugins/com.st.stm32cube.ide.mcu.externaltools.gnu-tools-for-stm32.13.3.rel1.win32_1.0.0.202411081344/tools/bin/../lib/gcc/arm-none-eabi/13.3.1/../../../../arm-none-eabi/lib/thumb/v6-m/nofp\libc_nano.a(libc_a-wbuf.o)
                0x08005740                __swbuf_r
 .text.__swsetup_r
                0x080057c4       0xbc C:/ST/STM32CubeIDE_1.18.1/STM32CubeIDE/plugins/com.st.stm32cube.ide.mcu.externaltools.gnu-tools-for-stm32.13.3.rel1.win32_1.0.0.202411081344/tools/bin/../lib/gcc/arm-none-eabi/13.3.1/../../../../arm-none-eabi/lib/thumb/v6-m/nofp\libc_nano.a(libc_a-wsetup.o)
                0x080057c4                __swsetup_r
 .text.memset   0x08005880       0x10 C:/ST/STM32CubeIDE_1.18.1/STM32CubeIDE/plugins/com.st.stm32cube.ide.mcu.externaltools.gnu-tools-for-stm32.13.3.rel1.win32_1.0.0.202411081344/tools/bin/../lib/gcc/arm-none-eabi/13.3.1/../../../../arm-none-eabi/lib/thumb/v6-m/nofp\libc_nano.a(libc_a-memset.o)
                0x08005880                memset
 .text._close_r
                0x08005890       0x24 C:/ST/STM32CubeIDE_1.18.1/STM32CubeIDE/plugins/com.st.stm32cube.ide.mcu.externaltools.gnu-tools-for-stm32.13.3.rel1.win32_1.0.0.202411081344/tools/bin/../lib/gcc/arm-none-eabi/13.3.1/../../../../arm-none-eabi/lib/thumb/v6-m/nofp\libc_nano.a(libc_a-closer.o)
                0x08005890                _close_r
 .text._lseek_r
                0x080058b4       0x28 C:/ST/STM32CubeIDE_1.18.1/STM32CubeIDE/plugins/com.st.stm32cube.ide.mcu.externaltools.gnu-tools-for-stm32.13.3.rel1.win32_1.0.0.202411081344/tools/bin/../lib/gcc/arm-none-eabi/13.3.1/../../../../arm-none-eabi/lib/thumb/v6-m/nofp\libc_nano.a(libc_a-lseekr.o)
                0x080058b4                _lseek_r
 .text._read_r  0x080058dc       0x28 C:/ST/STM32CubeIDE_1.18.1/STM32CubeIDE/plugins/com.st.stm32cube.ide.mcu.externaltools.gnu-tools-for-stm32.13.3.rel1.win32_1.0.0.202411081344/tools/bin/../lib/gcc/arm-none-eabi/13.3.1/../../../../arm-none-eabi/lib/thumb/v6-m/nofp\libc_nano.a(libc_a-readr.o)
                0x080058dc                _read_r
 .text._write_r
                0x08005904       0x28 C:/ST/STM32CubeIDE_1.18.1/STM32CubeIDE/plugins/com.st.stm32cube.ide.mcu.externaltools.gnu-tools-for-stm32.13.3.rel1.win32_1.0.0.202411081344/tools/bin/../lib/gcc/arm-none-eabi/13.3.1/../../../../arm-none-eabi/lib/thumb/v6-m/nofp\libc_nano.a(libc_a-writer.o)
                0x08005904                _write_r
 .text.__errno  0x0800592c        0xc C:/ST/STM32CubeIDE_1.18.1/STM32CubeIDE/plugins/com.st.stm32cube.ide.mcu.externaltools.gnu-tools-for-stm32.13.3.rel1.win32_1.0.0.202411081344/tools/bin/../lib/gcc/arm-none-eabi/13.3.1/../../../../arm-none-eabi/lib/thumb/v6-m/nofp\libc_nano.a(libc_a-errno.o)
                0x0800592c                __errno
 .text.__libc_init_array
                0x08005938       0x48 C:/ST/STM32CubeIDE_1.18.1/STM32CubeIDE/plugins/com.st.stm32cube.ide.mcu.externaltools.gnu-tools-for-stm32.13.3.rel1.win32_1.0.0.202411081344/tools/bin/../lib/gcc/arm-none-eabi/13.3.1/../../../../arm-none-eabi/lib/thumb/v6-m/nofp\libc_nano.a(libc_a-init.o)
                0x08005938                __libc_init_array
 .text.__retarget_lock_init_recursive
                0x08005980        0x2 C:/ST/STM32CubeIDE_1.18.1/STM32CubeIDE/plugins/com.st.stm32cube.ide.mcu.externaltools.gnu-tools-for-stm32.13.3.rel1.win32_1.0.0.202411081344/tools/bin/../lib/gcc/arm-none-eabi/13.3.1/../../../../arm-none-eabi/lib/thumb/v6-m/nofp\libc_nano.a(libc_a-lock.o)
                0x08005980                __retarget_lock_init_recursive
 .text.__retarget_lock_acquire_recursive
                0x08005982        0x2 C:/ST/STM32CubeIDE_1.18.1/STM32CubeIDE/plugins/com.st.stm32cube.ide.mcu.externaltools.gnu-tools-for-stm32.13.3.rel1.win32_1.0.0.202411081344/tools/bin/../lib/gcc/arm-none-eabi/13.3.1/../../../../arm-none-eabi/lib/thumb/v6-m/nofp\libc_nano.a(libc_a-lock.o)
                0x08005982                __retarget_lock_acquire_recursive
 .text.__retarget_lock_release_recursive
                0x08005984        0x2 C:/ST/STM32CubeIDE_1.18.1/STM32CubeIDE/plugins/com.st.stm32cube.ide.mcu.externaltools.gnu-tools-for-stm32.13.3.rel1.win32_1.0.0.202411081344/tools/bin/../lib/gcc/arm-none-eabi/13.3.1/../../../../arm-none-eabi/lib/thumb/v6-m/nofp\libc_nano.a(libc_a-lock.o)
                0x08005984                __retarget_lock_release_recursive
 .text.memcpy   0x08005986       0x12 C:/ST/STM32CubeIDE_1.18.1/STM32CubeIDE/plugins/com.st.stm32cube.ide.mcu.externaltools.gnu-tools-for-stm32.13.3.rel1.win32_1.0.0.202411081344/tools/bin/../lib/gcc/arm-none-eabi/13.3.1/../../../../arm-none-eabi/lib/thumb/v6-m/nofp\libc_nano.a(libc_a-memcpy-stub.o)
                0x08005986                memcpy
 .text._free_r  0x08005998       0x94 C:/ST/STM32CubeIDE_1.18.1/STM32CubeIDE/plugins/com.st.stm32cube.ide.mcu.externaltools.gnu-tools-for-stm32.13.3.rel1.win32_1.0.0.202411081344/tools/bin/../lib/gcc/arm-none-eabi/13.3.1/../../../../arm-none-eabi/lib/thumb/v6-m/nofp\libc_nano.a(libc_a-freer.o)
                0x08005998                _free_r
 .text.sbrk_aligned
                0x08005a2c       0x44 C:/ST/STM32CubeIDE_1.18.1/STM32CubeIDE/plugins/com.st.stm32cube.ide.mcu.externaltools.gnu-tools-for-stm32.13.3.rel1.win32_1.0.0.202411081344/tools/bin/../lib/gcc/arm-none-eabi/13.3.1/../../../../arm-none-eabi/lib/thumb/v6-m/nofp\libc_nano.a(libc_a-mallocr.o)
 .text._malloc_r
                0x08005a70      0x100 C:/ST/STM32CubeIDE_1.18.1/STM32CubeIDE/plugins/com.st.stm32cube.ide.mcu.externaltools.gnu-tools-for-stm32.13.3.rel1.win32_1.0.0.202411081344/tools/bin/../lib/gcc/arm-none-eabi/13.3.1/../../../../arm-none-eabi/lib/thumb/v6-m/nofp\libc_nano.a(libc_a-mallocr.o)
                0x08005a70                _malloc_r
 .text.__malloc_lock
                0x08005b70       0x10 C:/ST/STM32CubeIDE_1.18.1/STM32CubeIDE/plugins/com.st.stm32cube.ide.mcu.externaltools.gnu-tools-for-stm32.13.3.rel1.win32_1.0.0.202411081344/tools/bin/../lib/gcc/arm-none-eabi/13.3.1/../../../../arm-none-eabi/lib/thumb/v6-m/nofp\libc_nano.a(libc_a-mlock.o)
                0x08005b70                __malloc_lock
 .text.__malloc_unlock
                0x08005b80       0x10 C:/ST/STM32CubeIDE_1.18.1/STM32CubeIDE/plugins/com.st.stm32cube.ide.mcu.externaltools.gnu-tools-for-stm32.13.3.rel1.win32_1.0.0.202411081344/tools/bin/../lib/gcc/arm-none-eabi/13.3.1/../../../../arm-none-eabi/lib/thumb/v6-m/nofp\libc_nano.a(libc_a-mlock.o)
                0x08005b80                __malloc_unlock
 .text.__sfputc_r
                0x08005b90       0x2a C:/ST/STM32CubeIDE_1.18.1/STM32CubeIDE/plugins/com.st.stm32cube.ide.mcu.externaltools.gnu-tools-for-stm32.13.3.rel1.win32_1.0.0.202411081344/tools/bin/../lib/gcc/arm-none-eabi/13.3.1/../../../../arm-none-eabi/lib/thumb/v6-m/nofp\libc_nano.a(libc_a-nano-vfprintf.o)
 .text.__sfputs_r
                0x08005bba       0x24 C:/ST/STM32CubeIDE_1.18.1/STM32CubeIDE/plugins/com.st.stm32cube.ide.mcu.externaltools.gnu-tools-for-stm32.13.3.rel1.win32_1.0.0.202411081344/tools/bin/../lib/gcc/arm-none-eabi/13.3.1/../../../../arm-none-eabi/lib/thumb/v6-m/nofp\libc_nano.a(libc_a-nano-vfprintf.o)
                0x08005bba                __sfputs_r
 *fill*         0x08005bde        0x2 
 .text._vfprintf_r
                0x08005be0      0x238 C:/ST/STM32CubeIDE_1.18.1/STM32CubeIDE/plugins/com.st.stm32cube.ide.mcu.externaltools.gnu-tools-for-stm32.13.3.rel1.win32_1.0.0.202411081344/tools/bin/../lib/gcc/arm-none-eabi/13.3.1/../../../../arm-none-eabi/lib/thumb/v6-m/nofp\libc_nano.a(libc_a-nano-vfprintf.o)
                0x08005be0                _vfprintf_r
                0x08005be0                _vfiprintf_r
 .text._printf_common
                0x08005e18       0xde C:/ST/STM32CubeIDE_1.18.1/STM32CubeIDE/plugins/com.st.stm32cube.ide.mcu.externaltools.gnu-tools-for-stm32.13.3.rel1.win32_1.0.0.202411081344/tools/bin/../lib/gcc/arm-none-eabi/13.3.1/../../../../arm-none-eabi/lib/thumb/v6-m/nofp\libc_nano.a(libc_a-nano-vfprintf_i.o)
                0x08005e18                _printf_common
 *fill*         0x08005ef6        0x2 
 .text._printf_i
                0x08005ef8      0x218 C:/ST/STM32CubeIDE_1.18.1/STM32CubeIDE/plugins/com.st.stm32cube.ide.mcu.externaltools.gnu-tools-for-stm32.13.3.rel1.win32_1.0.0.202411081344/tools/bin/../lib/gcc/arm-none-eabi/13.3.1/../../../../arm-none-eabi/lib/thumb/v6-m/nofp\libc_nano.a(libc_a-nano-vfprintf_i.o)
                0x08005ef8                _printf_i
 .text.__sflush_r
                0x08006110      0x10c C:/ST/STM32CubeIDE_1.18.1/STM32CubeIDE/plugins/com.st.stm32cube.ide.mcu.externaltools.gnu-tools-for-stm32.13.3.rel1.win32_1.0.0.202411081344/tools/bin/../lib/gcc/arm-none-eabi/13.3.1/../../../../arm-none-eabi/lib/thumb/v6-m/nofp\libc_nano.a(libc_a-fflush.o)
                0x08006110                __sflush_r
 .text._fflush_r
                0x0800621c       0x56 C:/ST/STM32CubeIDE_1.18.1/STM32CubeIDE/plugins/com.st.stm32cube.ide.mcu.externaltools.gnu-tools-for-stm32.13.3.rel1.win32_1.0.0.202411081344/tools/bin/../lib/gcc/arm-none-eabi/13.3.1/../../../../arm-none-eabi/lib/thumb/v6-m/nofp\libc_nano.a(libc_a-fflush.o)
                0x0800621c                _fflush_r
 *fill*         0x08006272        0x2 
 .text.__swhatbuf_r
                0x08006274       0x54 C:/ST/STM32CubeIDE_1.18.1/STM32CubeIDE/plugins/com.st.stm32cube.ide.mcu.externaltools.gnu-tools-for-stm32.13.3.rel1.win32_1.0.0.202411081344/tools/bin/../lib/gcc/arm-none-eabi/13.3.1/../../../../arm-none-eabi/lib/thumb/v6-m/nofp\libc_nano.a(libc_a-makebuf.o)
                0x08006274                __swhatbuf_r
 .text.__smakebuf_r
                0x080062c8       0x82 C:/ST/STM32CubeIDE_1.18.1/STM32CubeIDE/plugins/com.st.stm32cube.ide.mcu.externaltools.gnu-tools-for-stm32.13.3.rel1.win32_1.0.0.202411081344/tools/bin/../lib/gcc/arm-none-eabi/13.3.1/../../../../arm-none-eabi/lib/thumb/v6-m/nofp\libc_nano.a(libc_a-makebuf.o)
                0x080062c8                __smakebuf_r
 *fill*         0x0800634a        0x2 
 .text._fstat_r
                0x0800634c       0x24 C:/ST/STM32CubeIDE_1.18.1/STM32CubeIDE/plugins/com.st.stm32cube.ide.mcu.externaltools.gnu-tools-for-stm32.13.3.rel1.win32_1.0.0.202411081344/tools/bin/../lib/gcc/arm-none-eabi/13.3.1/../../../../arm-none-eabi/lib/thumb/v6-m/nofp\libc_nano.a(libc_a-fstatr.o)
                0x0800634c                _fstat_r
 .text._isatty_r
                0x08006370       0x24 C:/ST/STM32CubeIDE_1.18.1/STM32CubeIDE/plugins/com.st.stm32cube.ide.mcu.externaltools.gnu-tools-for-stm32.13.3.rel1.win32_1.0.0.202411081344/tools/bin/../lib/gcc/arm-none-eabi/13.3.1/../../../../arm-none-eabi/lib/thumb/v6-m/nofp\libc_nano.a(libc_a-isattyr.o)
                0x08006370                _isatty_r
 .text._sbrk_r  0x08006394       0x24 C:/ST/STM32CubeIDE_1.18.1/STM32CubeIDE/plugins/com.st.stm32cube.ide.mcu.externaltools.gnu-tools-for-stm32.13.3.rel1.win32_1.0.0.202411081344/tools/bin/../lib/gcc/arm-none-eabi/13.3.1/../../../../arm-none-eabi/lib/thumb/v6-m/nofp\libc_nano.a(libc_a-sbrkr.o)
                0x08006394                _sbrk_r
 .text.memchr   0x080063b8       0x16 C:/ST/STM32CubeIDE_1.18.1/STM32CubeIDE/plugins/com.st.stm32cube.ide.mcu.externaltools.gnu-tools-for-stm32.13.3.rel1.win32_1.0.0.202411081344/tools/bin/../lib/gcc/arm-none-eabi/13.3.1/../../../../arm-none-eabi/lib/thumb/v6-m/nofp\libc_nano.a(libc_a-memchr-stub.o)
                0x080063b8                memchr
 *(.glue_7)
 .glue_7        0x080063ce        0x0 linker stubs
 *(.glue_7t)
 .glue_7t       0x080063ce        0x0 linker stubs
 *(.eh_frame)
 *fill*         0x080063ce        0x2 
 .eh_frame      0x080063d0        0x0 C:/ST/STM32CubeIDE_1.18.1/STM32CubeIDE/plugins/com.st.stm32cube.ide.mcu.externaltools.gnu-tools-for-stm32.13.3.rel1.win32_1.0.0.202411081344/tools/bin/../lib/gcc/arm-none-eabi/13.3.1/thumb/v6-m/nofp/crtbegin.o
 *(.init)
 .init          0x080063d0        0x4 C:/ST/STM32CubeIDE_1.18.1/STM32CubeIDE/plugins/com.st.stm32cube.ide.mcu.externaltools.gnu-tools-for-stm32.13.3.rel1.win32_1.0.0.202411081344/tools/bin/../lib/gcc/arm-none-eabi/13.3.1/thumb/v6-m/nofp/crti.o
                0x080063d0                _init
 .init          0x080063d4        0x8 C:/ST/STM32CubeIDE_1.18.1/STM32CubeIDE/plugins/com.st.stm32cube.ide.mcu.externaltools.gnu-tools-for-stm32.13.3.rel1.win32_1.0.0.202411081344/tools/bin/../lib/gcc/arm-none-eabi/13.3.1/thumb/v6-m/nofp/crtn.o
 *(.fini)
 .fini          0x080063dc        0x4 C:/ST/STM32CubeIDE_1.18.1/STM32CubeIDE/plugins/com.st.stm32cube.ide.mcu.externaltools.gnu-tools-for-stm32.13.3.rel1.win32_1.0.0.202411081344/tools/bin/../lib/gcc/arm-none-eabi/13.3.1/thumb/v6-m/nofp/crti.o
                0x080063dc                _fini
 .fini          0x080063e0        0x8 C:/ST/STM32CubeIDE_1.18.1/STM32CubeIDE/plugins/com.st.stm32cube.ide.mcu.externaltools.gnu-tools-for-stm32.13.3.rel1.win32_1.0.0.202411081344/tools/bin/../lib/gcc/arm-none-eabi/13.3.1/thumb/v6-m/nofp/crtn.o
                0x080063e8                        . = ALIGN (0x4)
                0x080063e8                        _etext = .

.vfp11_veneer   0x080063e8        0x0
 .vfp11_veneer  0x080063e8        0x0 linker stubs

.v4_bx          0x080063e8        0x0
 .v4_bx         0x080063e8        0x0 linker stubs

.iplt           0x080063e8        0x0
 .iplt          0x080063e8        0x0 C:/ST/STM32CubeIDE_1.18.1/STM32CubeIDE/plugins/com.st.stm32cube.ide.mcu.externaltools.gnu-tools-for-stm32.13.3.rel1.win32_1.0.0.202411081344/tools/bin/../lib/gcc/arm-none-eabi/13.3.1/thumb/v6-m/nofp/crtbegin.o

.rodata         0x080063e8     0x15d8
                0x080063e8                        . = ALIGN (0x4)
 *(.rodata)
 .rodata        0x080063e8      0x265 ./Core/Src/IQS7222A.o
 *fill*         0x0800664d        0x3 
 .rodata        0x08006650        0xe ./Core/Src/menu.o
 *(.rodata*)
 *fill*         0x0800665e        0x2 
 .rodata.IQS7222A_init
                0x08006660       0x34 ./Core/Src/IQS7222A.o
 .rodata.IQS7222A_run
                0x08006694       0x18 ./Core/Src/IQS7222A.o
 .rodata.IQS7222A_channelTouchState
                0x080066ac       0x2c ./Core/Src/IQS7222A.o
 .rodata.init_cmds1
                0x080066d8       0x38 ./Core/Src/ST7735.o
                0x080066d8                init_cmds1
 .rodata.init_cmds3
                0x08006710       0x2b ./Core/Src/ST7735.o
                0x08006710                init_cmds3
 *fill*         0x0800673b        0x1 
 .rodata.icon1  0x0800673c      0x900 ./Core/Src/icons.o
                0x0800673c                icon1
 .rodata.home_icon
                0x0800703c        0xc ./Core/Src/icons.o
                0x0800703c                home_icon
 .rodata.icon2  0x08007048      0x900 ./Core/Src/icons.o
                0x08007048                icon2
 .rodata.light_bulb_icon
                0x08007948        0xc ./Core/Src/icons.o
                0x08007948                light_bulb_icon
 .rodata.AHBPrescTable
                0x08007954       0x10 ./Core/Src/system_stm32f0xx.o
                0x08007954                AHBPrescTable
 .rodata.APBPrescTable
                0x08007964        0x8 ./Core/Src/system_stm32f0xx.o
                0x08007964                APBPrescTable
 .rodata.aPLLMULFactorTable.1
                0x0800796c       0x10 ./Drivers/STM32F0xx_HAL_Driver/Src/stm32f0xx_hal_rcc.o
 .rodata.aPredivFactorTable.0
                0x0800797c       0x10 ./Drivers/STM32F0xx_HAL_Driver/Src/stm32f0xx_hal_rcc.o
 .rodata._vfprintf_r.str1.1
                0x0800798c       0x33 C:/ST/STM32CubeIDE_1.18.1/STM32CubeIDE/plugins/com.st.stm32cube.ide.mcu.externaltools.gnu-tools-for-stm32.13.3.rel1.win32_1.0.0.202411081344/tools/bin/../lib/gcc/arm-none-eabi/13.3.1/../../../../arm-none-eabi/lib/thumb/v6-m/nofp\libc_nano.a(libc_a-nano-vfprintf.o)
                                 0x11 (size before relaxing)
 .rodata._printf_i.str1.1
                0x080079bf       0x22 C:/ST/STM32CubeIDE_1.18.1/STM32CubeIDE/plugins/com.st.stm32cube.ide.mcu.externaltools.gnu-tools-for-stm32.13.3.rel1.win32_1.0.0.202411081344/tools/bin/../lib/gcc/arm-none-eabi/13.3.1/../../../../arm-none-eabi/lib/thumb/v6-m/nofp\libc_nano.a(libc_a-nano-vfprintf_i.o)
                0x080079e4                        . = ALIGN (0x4)
 *fill*         0x080079bf        0x1 

.ARM.extab      0x080079c0        0x0
                0x080079c0                        . = ALIGN (0x4)
 *(.ARM.extab* .gnu.linkonce.armextab.*)
                0x080079c0                        . = ALIGN (0x4)

.ARM            0x080079c0        0x0
                0x080079c0                        . = ALIGN (0x4)
                0x080079c0                        __exidx_start = .
 *(.ARM.exidx*)
                0x080079c0                        __exidx_end = .
                0x080079c0                        . = ALIGN (0x4)

.preinit_array  0x080079c0        0x0
                0x080079c0                        . = ALIGN (0x4)
                0x080079c0                        PROVIDE (__preinit_array_start = .)
 *(.preinit_array*)
                0x080079c0                        PROVIDE (__preinit_array_end = .)
                0x080079c0                        . = ALIGN (0x4)

.init_array     0x080079c0        0x4
                0x080079c0                        . = ALIGN (0x4)
                0x080079c0                        PROVIDE (__init_array_start = .)
 *(SORT_BY_NAME(.init_array.*))
 *(.init_array*)
 .init_array    0x080079c0        0x4 C:/ST/STM32CubeIDE_1.18.1/STM32CubeIDE/plugins/com.st.stm32cube.ide.mcu.externaltools.gnu-tools-for-stm32.13.3.rel1.win32_1.0.0.202411081344/tools/bin/../lib/gcc/arm-none-eabi/13.3.1/thumb/v6-m/nofp/crtbegin.o
                0x080079c4                        PROVIDE (__init_array_end = .)
                0x080079c4                        . = ALIGN (0x4)

.fini_array     0x080079c4        0x4
                0x080079c4                        . = ALIGN (0x4)
                [!provide]                        PROVIDE (__fini_array_start = .)
 *(SORT_BY_NAME(.fini_array.*))
 *(.fini_array*)
 .fini_array    0x080079c4        0x4 C:/ST/STM32CubeIDE_1.18.1/STM32CubeIDE/plugins/com.st.stm32cube.ide.mcu.externaltools.gnu-tools-for-stm32.13.3.rel1.win32_1.0.0.202411081344/tools/bin/../lib/gcc/arm-none-eabi/13.3.1/thumb/v6-m/nofp/crtbegin.o
                [!provide]                        PROVIDE (__fini_array_end = .)
                0x080079c8                        . = ALIGN (0x4)
                0x080079c8                        _sidata = LOADADDR (.data)

.rel.dyn        0x080079c8        0x0
 .rel.iplt      0x080079c8        0x0 C:/ST/STM32CubeIDE_1.18.1/STM32CubeIDE/plugins/com.st.stm32cube.ide.mcu.externaltools.gnu-tools-for-stm32.13.3.rel1.win32_1.0.0.202411081344/tools/bin/../lib/gcc/arm-none-eabi/13.3.1/thumb/v6-m/nofp/crtbegin.o

.data           0x20000000       0x78 load address 0x080079c8
                0x20000000                        . = ALIGN (0x4)
                0x20000000                        _sdata = .
 *(.data)
 *(.data*)
 .data.menu_items
                0x20000000       0x10 ./Core/Src/menu.o
                0x20000000                menu_items
 .data.SystemCoreClock
                0x20000010        0x4 ./Core/Src/system_stm32f0xx.o
                0x20000010                SystemCoreClock
 .data.uwTickPrio
                0x20000014        0x4 ./Drivers/STM32F0xx_HAL_Driver/Src/stm32f0xx_hal.o
                0x20000014                uwTickPrio
 .data.uwTickFreq
                0x20000018        0x1 ./Drivers/STM32F0xx_HAL_Driver/Src/stm32f0xx_hal.o
                0x20000018                uwTickFreq
 *fill*         0x20000019        0x3 
 .data.__sglue  0x2000001c        0xc C:/ST/STM32CubeIDE_1.18.1/STM32CubeIDE/plugins/com.st.stm32cube.ide.mcu.externaltools.gnu-tools-for-stm32.13.3.rel1.win32_1.0.0.202411081344/tools/bin/../lib/gcc/arm-none-eabi/13.3.1/../../../../arm-none-eabi/lib/thumb/v6-m/nofp\libc_nano.a(libc_a-findfp.o)
                0x2000001c                __sglue
 .data._impure_ptr
                0x20000028        0x4 C:/ST/STM32CubeIDE_1.18.1/STM32CubeIDE/plugins/com.st.stm32cube.ide.mcu.externaltools.gnu-tools-for-stm32.13.3.rel1.win32_1.0.0.202411081344/tools/bin/../lib/gcc/arm-none-eabi/13.3.1/../../../../arm-none-eabi/lib/thumb/v6-m/nofp\libc_nano.a(libc_a-impure.o)
                0x20000028                _impure_ptr
 .data._impure_data
                0x2000002c       0x4c C:/ST/STM32CubeIDE_1.18.1/STM32CubeIDE/plugins/com.st.stm32cube.ide.mcu.externaltools.gnu-tools-for-stm32.13.3.rel1.win32_1.0.0.202411081344/tools/bin/../lib/gcc/arm-none-eabi/13.3.1/../../../../arm-none-eabi/lib/thumb/v6-m/nofp\libc_nano.a(libc_a-impure.o)
                0x2000002c                _impure_data
 *(.RamFunc)
 *(.RamFunc*)
                0x20000078                        . = ALIGN (0x4)
                0x20000078                        _edata = .

.igot.plt       0x20000078        0x0 load address 0x08007a40
 .igot.plt      0x20000078        0x0 C:/ST/STM32CubeIDE_1.18.1/STM32CubeIDE/plugins/com.st.stm32cube.ide.mcu.externaltools.gnu-tools-for-stm32.13.3.rel1.win32_1.0.0.202411081344/tools/bin/../lib/gcc/arm-none-eabi/13.3.1/thumb/v6-m/nofp/crtbegin.o
                0x20000078                        . = ALIGN (0x4)

.bss            0x20000078      0x358 load address 0x08007a40
                0x20000078                        _sbss = .
                0x20000078                        __bss_start__ = _sbss
 *(.bss)
 .bss           0x20000078       0x1c C:/ST/STM32CubeIDE_1.18.1/STM32CubeIDE/plugins/com.st.stm32cube.ide.mcu.externaltools.gnu-tools-for-stm32.13.3.rel1.win32_1.0.0.202411081344/tools/bin/../lib/gcc/arm-none-eabi/13.3.1/thumb/v6-m/nofp/crtbegin.o
 *(.bss*)
 .bss.iqs7222a  0x20000094       0x4c ./Core/Src/IQS7222A.o
                0x20000094                iqs7222a
 .bss.IQSMemoryMap
                0x200000e0       0x3e ./Core/Src/IQS7222A.o
                0x200000e0                IQSMemoryMap
 .bss.iqs7222a_deviceRDY
                0x2000011e        0x1 ./Core/Src/IQS7222A.o
                0x2000011e                iqs7222a_deviceRDY
 *fill*         0x2000011f        0x1 
 .bss._width    0x20000120        0x2 ./Core/Src/ST7735.o
                0x20000120                _width
 .bss._height   0x20000122        0x2 ./Core/Src/ST7735.o
                0x20000122                _height
 .bss.rotation  0x20000124        0x1 ./Core/Src/ST7735.o
                0x20000124                rotation
 .bss._colstart
                0x20000125        0x1 ./Core/Src/ST7735.o
                0x20000125                _colstart
 .bss._rowstart
                0x20000126        0x1 ./Core/Src/ST7735.o
                0x20000126                _rowstart
 .bss._xstart   0x20000127        0x1 ./Core/Src/ST7735.o
                0x20000127                _xstart
 .bss._ystart   0x20000128        0x1 ./Core/Src/ST7735.o
                0x20000128                _ystart
 *fill*         0x20000129        0x3 
 .bss.hi2c1     0x2000012c       0x54 ./Core/Src/main.o
                0x2000012c                hi2c1
 .bss.hspi1     0x20000180       0x64 ./Core/Src/main.o
                0x20000180                hspi1
 .bss.huart1    0x200001e4       0x88 ./Core/Src/main.o
                0x200001e4                huart1
 .bss.selectedIndex
                0x2000026c        0x1 ./Core/Src/menu.o
                0x2000026c                selectedIndex
 .bss.last_touch
                0x2000026d        0x1 ./Core/Src/menu.o
                0x2000026d                last_touch
 *fill*         0x2000026e        0x2 
 .bss.lastTapTime
                0x20000270        0x4 ./Core/Src/menu.o
                0x20000270                lastTapTime
 .bss.tapCount  0x20000274        0x1 ./Core/Src/menu.o
                0x20000274                tapCount
 *fill*         0x20000275        0x3 
 .bss.debounceTime.0
                0x20000278        0x4 ./Core/Src/menu.o
 .bss.__sbrk_heap_end
                0x2000027c        0x4 ./Core/Src/sysmem.o
 .bss.uwTick    0x20000280        0x4 ./Drivers/STM32F0xx_HAL_Driver/Src/stm32f0xx_hal.o
                0x20000280                uwTick
 .bss.__sf      0x20000284      0x138 C:/ST/STM32CubeIDE_1.18.1/STM32CubeIDE/plugins/com.st.stm32cube.ide.mcu.externaltools.gnu-tools-for-stm32.13.3.rel1.win32_1.0.0.202411081344/tools/bin/../lib/gcc/arm-none-eabi/13.3.1/../../../../arm-none-eabi/lib/thumb/v6-m/nofp\libc_nano.a(libc_a-findfp.o)
                0x20000284                __sf
 .bss.__stdio_exit_handler
                0x200003bc        0x4 C:/ST/STM32CubeIDE_1.18.1/STM32CubeIDE/plugins/com.st.stm32cube.ide.mcu.externaltools.gnu-tools-for-stm32.13.3.rel1.win32_1.0.0.202411081344/tools/bin/../lib/gcc/arm-none-eabi/13.3.1/../../../../arm-none-eabi/lib/thumb/v6-m/nofp\libc_nano.a(libc_a-findfp.o)
                0x200003bc                __stdio_exit_handler
 .bss.errno     0x200003c0        0x4 C:/ST/STM32CubeIDE_1.18.1/STM32CubeIDE/plugins/com.st.stm32cube.ide.mcu.externaltools.gnu-tools-for-stm32.13.3.rel1.win32_1.0.0.202411081344/tools/bin/../lib/gcc/arm-none-eabi/13.3.1/../../../../arm-none-eabi/lib/thumb/v6-m/nofp\libc_nano.a(libc_a-reent.o)
                0x200003c0                errno
 .bss.__lock___malloc_recursive_mutex
                0x200003c4        0x1 C:/ST/STM32CubeIDE_1.18.1/STM32CubeIDE/plugins/com.st.stm32cube.ide.mcu.externaltools.gnu-tools-for-stm32.13.3.rel1.win32_1.0.0.202411081344/tools/bin/../lib/gcc/arm-none-eabi/13.3.1/../../../../arm-none-eabi/lib/thumb/v6-m/nofp\libc_nano.a(libc_a-lock.o)
                0x200003c4                __lock___malloc_recursive_mutex
 .bss.__lock___sfp_recursive_mutex
                0x200003c5        0x1 C:/ST/STM32CubeIDE_1.18.1/STM32CubeIDE/plugins/com.st.stm32cube.ide.mcu.externaltools.gnu-tools-for-stm32.13.3.rel1.win32_1.0.0.202411081344/tools/bin/../lib/gcc/arm-none-eabi/13.3.1/../../../../arm-none-eabi/lib/thumb/v6-m/nofp\libc_nano.a(libc_a-lock.o)
                0x200003c5                __lock___sfp_recursive_mutex
 *fill*         0x200003c6        0x2 
 .bss.__malloc_sbrk_start
                0x200003c8        0x4 C:/ST/STM32CubeIDE_1.18.1/STM32CubeIDE/plugins/com.st.stm32cube.ide.mcu.externaltools.gnu-tools-for-stm32.13.3.rel1.win32_1.0.0.202411081344/tools/bin/../lib/gcc/arm-none-eabi/13.3.1/../../../../arm-none-eabi/lib/thumb/v6-m/nofp\libc_nano.a(libc_a-mallocr.o)
                0x200003c8                __malloc_sbrk_start
 .bss.__malloc_free_list
                0x200003cc        0x4 C:/ST/STM32CubeIDE_1.18.1/STM32CubeIDE/plugins/com.st.stm32cube.ide.mcu.externaltools.gnu-tools-for-stm32.13.3.rel1.win32_1.0.0.202411081344/tools/bin/../lib/gcc/arm-none-eabi/13.3.1/../../../../arm-none-eabi/lib/thumb/v6-m/nofp\libc_nano.a(libc_a-mallocr.o)
                0x200003cc                __malloc_free_list
 *(COMMON)
                0x200003d0                        . = ALIGN (0x4)
                0x200003d0                        _ebss = .
                0x200003d0                        __bss_end__ = _ebss

._user_heap_stack
                0x200003d0      0x600 load address 0x08007a40
                0x200003d0                        . = ALIGN (0x8)
                [!provide]                        PROVIDE (end = .)
                0x200003d0                        PROVIDE (_end = .)
                0x200005d0                        . = (. + _Min_Heap_Size)
 *fill*         0x200003d0      0x200 
                0x200009d0                        . = (. + _Min_Stack_Size)
 *fill*         0x200005d0      0x400 
                0x200009d0                        . = ALIGN (0x8)

/DISCARD/
 libc.a(*)
 libm.a(*)
 libgcc.a(*)

.ARM.attributes
                0x00000000       0x28
 *(.ARM.attributes)
 .ARM.attributes
                0x00000000       0x1e C:/ST/STM32CubeIDE_1.18.1/STM32CubeIDE/plugins/com.st.stm32cube.ide.mcu.externaltools.gnu-tools-for-stm32.13.3.rel1.win32_1.0.0.202411081344/tools/bin/../lib/gcc/arm-none-eabi/13.3.1/thumb/v6-m/nofp/crti.o
 .ARM.attributes
                0x0000001e       0x2c C:/ST/STM32CubeIDE_1.18.1/STM32CubeIDE/plugins/com.st.stm32cube.ide.mcu.externaltools.gnu-tools-for-stm32.13.3.rel1.win32_1.0.0.202411081344/tools/bin/../lib/gcc/arm-none-eabi/13.3.1/thumb/v6-m/nofp/crtbegin.o
 .ARM.attributes
                0x0000004a       0x2c ./Core/Src/GFX_FUNCTIONS.o
 .ARM.attributes
                0x00000076       0x2c ./Core/Src/IQS7222A.o
 .ARM.attributes
                0x000000a2       0x2c ./Core/Src/ST7735.o
 .ARM.attributes
                0x000000ce       0x2c ./Core/Src/icons.o
 .ARM.attributes
                0x000000fa       0x2c ./Core/Src/main.o
 .ARM.attributes
                0x00000126       0x2c ./Core/Src/menu.o
 .ARM.attributes
                0x00000152       0x2c ./Core/Src/stm32f0xx_hal_msp.o
 .ARM.attributes
                0x0000017e       0x2c ./Core/Src/stm32f0xx_it.o
 .ARM.attributes
                0x000001aa       0x2c ./Core/Src/syscalls.o
 .ARM.attributes
                0x000001d6       0x2c ./Core/Src/sysmem.o
 .ARM.attributes
                0x00000202       0x2c ./Core/Src/system_stm32f0xx.o
 .ARM.attributes
                0x0000022e       0x21 ./Core/Startup/startup_stm32f030cctx.o
 .ARM.attributes
                0x0000024f       0x2c ./Drivers/STM32F0xx_HAL_Driver/Src/stm32f0xx_hal.o
 .ARM.attributes
                0x0000027b       0x2c ./Drivers/STM32F0xx_HAL_Driver/Src/stm32f0xx_hal_cortex.o
 .ARM.attributes
                0x000002a7       0x2c ./Drivers/STM32F0xx_HAL_Driver/Src/stm32f0xx_hal_gpio.o
 .ARM.attributes
                0x000002d3       0x2c ./Drivers/STM32F0xx_HAL_Driver/Src/stm32f0xx_hal_i2c.o
 .ARM.attributes
                0x000002ff       0x2c ./Drivers/STM32F0xx_HAL_Driver/Src/stm32f0xx_hal_i2c_ex.o
 .ARM.attributes
                0x0000032b       0x2c ./Drivers/STM32F0xx_HAL_Driver/Src/stm32f0xx_hal_rcc.o
 .ARM.attributes
                0x00000357       0x2c ./Drivers/STM32F0xx_HAL_Driver/Src/stm32f0xx_hal_rcc_ex.o
 .ARM.attributes
                0x00000383       0x2c ./Drivers/STM32F0xx_HAL_Driver/Src/stm32f0xx_hal_spi.o
 .ARM.attributes
                0x000003af       0x2c ./Drivers/STM32F0xx_HAL_Driver/Src/stm32f0xx_hal_uart.o
 .ARM.attributes
                0x000003db       0x2c C:/ST/STM32CubeIDE_1.18.1/STM32CubeIDE/plugins/com.st.stm32cube.ide.mcu.externaltools.gnu-tools-for-stm32.13.3.rel1.win32_1.0.0.202411081344/tools/bin/../lib/gcc/arm-none-eabi/13.3.1/../../../../arm-none-eabi/lib/thumb/v6-m/nofp\libc_nano.a(libc_a-findfp.o)
 .ARM.attributes
                0x00000407       0x2c C:/ST/STM32CubeIDE_1.18.1/STM32CubeIDE/plugins/com.st.stm32cube.ide.mcu.externaltools.gnu-tools-for-stm32.13.3.rel1.win32_1.0.0.202411081344/tools/bin/../lib/gcc/arm-none-eabi/13.3.1/../../../../arm-none-eabi/lib/thumb/v6-m/nofp\libc_nano.a(libc_a-fwalk.o)
 .ARM.attributes
                0x00000433       0x2c C:/ST/STM32CubeIDE_1.18.1/STM32CubeIDE/plugins/com.st.stm32cube.ide.mcu.externaltools.gnu-tools-for-stm32.13.3.rel1.win32_1.0.0.202411081344/tools/bin/../lib/gcc/arm-none-eabi/13.3.1/../../../../arm-none-eabi/lib/thumb/v6-m/nofp\libc_nano.a(libc_a-printf.o)
 .ARM.attributes
                0x0000045f       0x2c C:/ST/STM32CubeIDE_1.18.1/STM32CubeIDE/plugins/com.st.stm32cube.ide.mcu.externaltools.gnu-tools-for-stm32.13.3.rel1.win32_1.0.0.202411081344/tools/bin/../lib/gcc/arm-none-eabi/13.3.1/../../../../arm-none-eabi/lib/thumb/v6-m/nofp\libc_nano.a(libc_a-puts.o)
 .ARM.attributes
                0x0000048b       0x2c C:/ST/STM32CubeIDE_1.18.1/STM32CubeIDE/plugins/com.st.stm32cube.ide.mcu.externaltools.gnu-tools-for-stm32.13.3.rel1.win32_1.0.0.202411081344/tools/bin/../lib/gcc/arm-none-eabi/13.3.1/../../../../arm-none-eabi/lib/thumb/v6-m/nofp\libc_nano.a(libc_a-stdio.o)
 .ARM.attributes
                0x000004b7       0x2c C:/ST/STM32CubeIDE_1.18.1/STM32CubeIDE/plugins/com.st.stm32cube.ide.mcu.externaltools.gnu-tools-for-stm32.13.3.rel1.win32_1.0.0.202411081344/tools/bin/../lib/gcc/arm-none-eabi/13.3.1/../../../../arm-none-eabi/lib/thumb/v6-m/nofp\libc_nano.a(libc_a-wbuf.o)
 .ARM.attributes
                0x000004e3       0x2c C:/ST/STM32CubeIDE_1.18.1/STM32CubeIDE/plugins/com.st.stm32cube.ide.mcu.externaltools.gnu-tools-for-stm32.13.3.rel1.win32_1.0.0.202411081344/tools/bin/../lib/gcc/arm-none-eabi/13.3.1/../../../../arm-none-eabi/lib/thumb/v6-m/nofp\libc_nano.a(libc_a-wsetup.o)
 .ARM.attributes
                0x0000050f       0x2c C:/ST/STM32CubeIDE_1.18.1/STM32CubeIDE/plugins/com.st.stm32cube.ide.mcu.externaltools.gnu-tools-for-stm32.13.3.rel1.win32_1.0.0.202411081344/tools/bin/../lib/gcc/arm-none-eabi/13.3.1/../../../../arm-none-eabi/lib/thumb/v6-m/nofp\libc_nano.a(libc_a-memset.o)
 .ARM.attributes
                0x0000053b       0x2c C:/ST/STM32CubeIDE_1.18.1/STM32CubeIDE/plugins/com.st.stm32cube.ide.mcu.externaltools.gnu-tools-for-stm32.13.3.rel1.win32_1.0.0.202411081344/tools/bin/../lib/gcc/arm-none-eabi/13.3.1/../../../../arm-none-eabi/lib/thumb/v6-m/nofp\libc_nano.a(libc_a-closer.o)
 .ARM.attributes
                0x00000567       0x2c C:/ST/STM32CubeIDE_1.18.1/STM32CubeIDE/plugins/com.st.stm32cube.ide.mcu.externaltools.gnu-tools-for-stm32.13.3.rel1.win32_1.0.0.202411081344/tools/bin/../lib/gcc/arm-none-eabi/13.3.1/../../../../arm-none-eabi/lib/thumb/v6-m/nofp\libc_nano.a(libc_a-reent.o)
 .ARM.attributes
                0x00000593       0x2c C:/ST/STM32CubeIDE_1.18.1/STM32CubeIDE/plugins/com.st.stm32cube.ide.mcu.externaltools.gnu-tools-for-stm32.13.3.rel1.win32_1.0.0.202411081344/tools/bin/../lib/gcc/arm-none-eabi/13.3.1/../../../../arm-none-eabi/lib/thumb/v6-m/nofp\libc_nano.a(libc_a-impure.o)
 .ARM.attributes
                0x000005bf       0x2c C:/ST/STM32CubeIDE_1.18.1/STM32CubeIDE/plugins/com.st.stm32cube.ide.mcu.externaltools.gnu-tools-for-stm32.13.3.rel1.win32_1.0.0.202411081344/tools/bin/../lib/gcc/arm-none-eabi/13.3.1/../../../../arm-none-eabi/lib/thumb/v6-m/nofp\libc_nano.a(libc_a-lseekr.o)
 .ARM.attributes
                0x000005eb       0x2c C:/ST/STM32CubeIDE_1.18.1/STM32CubeIDE/plugins/com.st.stm32cube.ide.mcu.externaltools.gnu-tools-for-stm32.13.3.rel1.win32_1.0.0.202411081344/tools/bin/../lib/gcc/arm-none-eabi/13.3.1/../../../../arm-none-eabi/lib/thumb/v6-m/nofp\libc_nano.a(libc_a-readr.o)
 .ARM.attributes
                0x00000617       0x2c C:/ST/STM32CubeIDE_1.18.1/STM32CubeIDE/plugins/com.st.stm32cube.ide.mcu.externaltools.gnu-tools-for-stm32.13.3.rel1.win32_1.0.0.202411081344/tools/bin/../lib/gcc/arm-none-eabi/13.3.1/../../../../arm-none-eabi/lib/thumb/v6-m/nofp\libc_nano.a(libc_a-writer.o)
 .ARM.attributes
                0x00000643       0x2c C:/ST/STM32CubeIDE_1.18.1/STM32CubeIDE/plugins/com.st.stm32cube.ide.mcu.externaltools.gnu-tools-for-stm32.13.3.rel1.win32_1.0.0.202411081344/tools/bin/../lib/gcc/arm-none-eabi/13.3.1/../../../../arm-none-eabi/lib/thumb/v6-m/nofp\libc_nano.a(libc_a-errno.o)
 .ARM.attributes
                0x0000066f       0x2c C:/ST/STM32CubeIDE_1.18.1/STM32CubeIDE/plugins/com.st.stm32cube.ide.mcu.externaltools.gnu-tools-for-stm32.13.3.rel1.win32_1.0.0.202411081344/tools/bin/../lib/gcc/arm-none-eabi/13.3.1/../../../../arm-none-eabi/lib/thumb/v6-m/nofp\libc_nano.a(libc_a-init.o)
 .ARM.attributes
                0x0000069b       0x2c C:/ST/STM32CubeIDE_1.18.1/STM32CubeIDE/plugins/com.st.stm32cube.ide.mcu.externaltools.gnu-tools-for-stm32.13.3.rel1.win32_1.0.0.202411081344/tools/bin/../lib/gcc/arm-none-eabi/13.3.1/../../../../arm-none-eabi/lib/thumb/v6-m/nofp\libc_nano.a(libc_a-lock.o)
 .ARM.attributes
                0x000006c7       0x2c C:/ST/STM32CubeIDE_1.18.1/STM32CubeIDE/plugins/com.st.stm32cube.ide.mcu.externaltools.gnu-tools-for-stm32.13.3.rel1.win32_1.0.0.202411081344/tools/bin/../lib/gcc/arm-none-eabi/13.3.1/../../../../arm-none-eabi/lib/thumb/v6-m/nofp\libc_nano.a(libc_a-memcpy-stub.o)
 .ARM.attributes
                0x000006f3       0x1c C:/ST/STM32CubeIDE_1.18.1/STM32CubeIDE/plugins/com.st.stm32cube.ide.mcu.externaltools.gnu-tools-for-stm32.13.3.rel1.win32_1.0.0.202411081344/tools/bin/../lib/gcc/arm-none-eabi/13.3.1/../../../../arm-none-eabi/lib/thumb/v6-m/nofp\libc_nano.a(libc_a-strlen.o)
 .ARM.attributes
                0x0000070f       0x2c C:/ST/STM32CubeIDE_1.18.1/STM32CubeIDE/plugins/com.st.stm32cube.ide.mcu.externaltools.gnu-tools-for-stm32.13.3.rel1.win32_1.0.0.202411081344/tools/bin/../lib/gcc/arm-none-eabi/13.3.1/../../../../arm-none-eabi/lib/thumb/v6-m/nofp\libc_nano.a(libc_a-freer.o)
 .ARM.attributes
                0x0000073b       0x2c C:/ST/STM32CubeIDE_1.18.1/STM32CubeIDE/plugins/com.st.stm32cube.ide.mcu.externaltools.gnu-tools-for-stm32.13.3.rel1.win32_1.0.0.202411081344/tools/bin/../lib/gcc/arm-none-eabi/13.3.1/../../../../arm-none-eabi/lib/thumb/v6-m/nofp\libc_nano.a(libc_a-mallocr.o)
 .ARM.attributes
                0x00000767       0x2c C:/ST/STM32CubeIDE_1.18.1/STM32CubeIDE/plugins/com.st.stm32cube.ide.mcu.externaltools.gnu-tools-for-stm32.13.3.rel1.win32_1.0.0.202411081344/tools/bin/../lib/gcc/arm-none-eabi/13.3.1/../../../../arm-none-eabi/lib/thumb/v6-m/nofp\libc_nano.a(libc_a-mlock.o)
 .ARM.attributes
                0x00000793       0x2c C:/ST/STM32CubeIDE_1.18.1/STM32CubeIDE/plugins/com.st.stm32cube.ide.mcu.externaltools.gnu-tools-for-stm32.13.3.rel1.win32_1.0.0.202411081344/tools/bin/../lib/gcc/arm-none-eabi/13.3.1/../../../../arm-none-eabi/lib/thumb/v6-m/nofp\libc_nano.a(libc_a-nano-vfprintf.o)
 .ARM.attributes
                0x000007bf       0x2c C:/ST/STM32CubeIDE_1.18.1/STM32CubeIDE/plugins/com.st.stm32cube.ide.mcu.externaltools.gnu-tools-for-stm32.13.3.rel1.win32_1.0.0.202411081344/tools/bin/../lib/gcc/arm-none-eabi/13.3.1/../../../../arm-none-eabi/lib/thumb/v6-m/nofp\libc_nano.a(libc_a-nano-vfprintf_i.o)
 .ARM.attributes
                0x000007eb       0x2c C:/ST/STM32CubeIDE_1.18.1/STM32CubeIDE/plugins/com.st.stm32cube.ide.mcu.externaltools.gnu-tools-for-stm32.13.3.rel1.win32_1.0.0.202411081344/tools/bin/../lib/gcc/arm-none-eabi/13.3.1/../../../../arm-none-eabi/lib/thumb/v6-m/nofp\libc_nano.a(libc_a-fflush.o)
 .ARM.attributes
                0x00000817       0x2c C:/ST/STM32CubeIDE_1.18.1/STM32CubeIDE/plugins/com.st.stm32cube.ide.mcu.externaltools.gnu-tools-for-stm32.13.3.rel1.win32_1.0.0.202411081344/tools/bin/../lib/gcc/arm-none-eabi/13.3.1/../../../../arm-none-eabi/lib/thumb/v6-m/nofp\libc_nano.a(libc_a-makebuf.o)
 .ARM.attributes
                0x00000843       0x2c C:/ST/STM32CubeIDE_1.18.1/STM32CubeIDE/plugins/com.st.stm32cube.ide.mcu.externaltools.gnu-tools-for-stm32.13.3.rel1.win32_1.0.0.202411081344/tools/bin/../lib/gcc/arm-none-eabi/13.3.1/../../../../arm-none-eabi/lib/thumb/v6-m/nofp\libc_nano.a(libc_a-fstatr.o)
 .ARM.attributes
                0x0000086f       0x2c C:/ST/STM32CubeIDE_1.18.1/STM32CubeIDE/plugins/com.st.stm32cube.ide.mcu.externaltools.gnu-tools-for-stm32.13.3.rel1.win32_1.0.0.202411081344/tools/bin/../lib/gcc/arm-none-eabi/13.3.1/../../../../arm-none-eabi/lib/thumb/v6-m/nofp\libc_nano.a(libc_a-isattyr.o)
 .ARM.attributes
                0x0000089b       0x2c C:/ST/STM32CubeIDE_1.18.1/STM32CubeIDE/plugins/com.st.stm32cube.ide.mcu.externaltools.gnu-tools-for-stm32.13.3.rel1.win32_1.0.0.202411081344/tools/bin/../lib/gcc/arm-none-eabi/13.3.1/../../../../arm-none-eabi/lib/thumb/v6-m/nofp\libc_nano.a(libc_a-sbrkr.o)
 .ARM.attributes
                0x000008c7       0x2c C:/ST/STM32CubeIDE_1.18.1/STM32CubeIDE/plugins/com.st.stm32cube.ide.mcu.externaltools.gnu-tools-for-stm32.13.3.rel1.win32_1.0.0.202411081344/tools/bin/../lib/gcc/arm-none-eabi/13.3.1/../../../../arm-none-eabi/lib/thumb/v6-m/nofp\libc_nano.a(libc_a-memchr-stub.o)
 .ARM.attributes
                0x000008f3       0x1e C:/ST/STM32CubeIDE_1.18.1/STM32CubeIDE/plugins/com.st.stm32cube.ide.mcu.externaltools.gnu-tools-for-stm32.13.3.rel1.win32_1.0.0.202411081344/tools/bin/../lib/gcc/arm-none-eabi/13.3.1/thumb/v6-m/nofp\libgcc.a(_thumb1_case_shi.o)
 .ARM.attributes
                0x00000911       0x1e C:/ST/STM32CubeIDE_1.18.1/STM32CubeIDE/plugins/com.st.stm32cube.ide.mcu.externaltools.gnu-tools-for-stm32.13.3.rel1.win32_1.0.0.202411081344/tools/bin/../lib/gcc/arm-none-eabi/13.3.1/thumb/v6-m/nofp\libgcc.a(_udivsi3.o)
 .ARM.attributes
                0x0000092f       0x1e C:/ST/STM32CubeIDE_1.18.1/STM32CubeIDE/plugins/com.st.stm32cube.ide.mcu.externaltools.gnu-tools-for-stm32.13.3.rel1.win32_1.0.0.202411081344/tools/bin/../lib/gcc/arm-none-eabi/13.3.1/thumb/v6-m/nofp\libgcc.a(_dvmd_tls.o)
 .ARM.attributes
                0x0000094d       0x1e C:/ST/STM32CubeIDE_1.18.1/STM32CubeIDE/plugins/com.st.stm32cube.ide.mcu.externaltools.gnu-tools-for-stm32.13.3.rel1.win32_1.0.0.202411081344/tools/bin/../lib/gcc/arm-none-eabi/13.3.1/thumb/v6-m/nofp/crtn.o
OUTPUT(ekran_dokunmatik.elf elf32-littlearm)
LOAD linker stubs
LOAD C:/ST/STM32CubeIDE_1.18.1/STM32CubeIDE/plugins/com.st.stm32cube.ide.mcu.externaltools.gnu-tools-for-stm32.13.3.rel1.win32_1.0.0.202411081344/tools/bin/../lib/gcc/arm-none-eabi/13.3.1/../../../../arm-none-eabi/lib/thumb/v6-m/nofp\libc.a
LOAD C:/ST/STM32CubeIDE_1.18.1/STM32CubeIDE/plugins/com.st.stm32cube.ide.mcu.externaltools.gnu-tools-for-stm32.13.3.rel1.win32_1.0.0.202411081344/tools/bin/../lib/gcc/arm-none-eabi/13.3.1/../../../../arm-none-eabi/lib/thumb/v6-m/nofp\libm.a
LOAD C:/ST/STM32CubeIDE_1.18.1/STM32CubeIDE/plugins/com.st.stm32cube.ide.mcu.externaltools.gnu-tools-for-stm32.13.3.rel1.win32_1.0.0.202411081344/tools/bin/../lib/gcc/arm-none-eabi/13.3.1/thumb/v6-m/nofp\libgcc.a

.debug_info     0x00000000    0x102eb
 .debug_info    0x00000000      0xe41 ./Core/Src/GFX_FUNCTIONS.o
 .debug_info    0x00000e41     0x1335 ./Core/Src/IQS7222A.o
 .debug_info    0x00002176      0xc8f ./Core/Src/ST7735.o
 .debug_info    0x00002e05      0x27c ./Core/Src/icons.o
 .debug_info    0x00003081     0x1531 ./Core/Src/main.o
 .debug_info    0x000045b2      0xa18 ./Core/Src/menu.o
 .debug_info    0x00004fca      0xfbb ./Core/Src/stm32f0xx_hal_msp.o
 .debug_info    0x00005f85       0xd3 ./Core/Src/stm32f0xx_it.o
 .debug_info    0x00006058      0x6a3 ./Core/Src/syscalls.o
 .debug_info    0x000066fb      0x168 ./Core/Src/sysmem.o
 .debug_info    0x00006863      0x242 ./Core/Src/system_stm32f0xx.o
 .debug_info    0x00006aa5       0x30 ./Core/Startup/startup_stm32f030cctx.o
 .debug_info    0x00006ad5      0x67c ./Drivers/STM32F0xx_HAL_Driver/Src/stm32f0xx_hal.o
 .debug_info    0x00007151      0x6a7 ./Drivers/STM32F0xx_HAL_Driver/Src/stm32f0xx_hal_cortex.o
 .debug_info    0x000077f8      0x5bf ./Drivers/STM32F0xx_HAL_Driver/Src/stm32f0xx_hal_gpio.o
 .debug_info    0x00007db7     0x20f7 ./Drivers/STM32F0xx_HAL_Driver/Src/stm32f0xx_hal_i2c.o
 .debug_info    0x00009eae      0x806 ./Drivers/STM32F0xx_HAL_Driver/Src/stm32f0xx_hal_i2c_ex.o
 .debug_info    0x0000a6b4      0x844 ./Drivers/STM32F0xx_HAL_Driver/Src/stm32f0xx_hal_rcc.o
 .debug_info    0x0000aef8      0x35d ./Drivers/STM32F0xx_HAL_Driver/Src/stm32f0xx_hal_rcc_ex.o
 .debug_info    0x0000b255     0x1642 ./Drivers/STM32F0xx_HAL_Driver/Src/stm32f0xx_hal_spi.o
 .debug_info    0x0000c897     0x3a54 ./Drivers/STM32F0xx_HAL_Driver/Src/stm32f0xx_hal_uart.o

.debug_abbrev   0x00000000     0x27fd
 .debug_abbrev  0x00000000      0x1b0 ./Core/Src/GFX_FUNCTIONS.o
 .debug_abbrev  0x000001b0      0x31b ./Core/Src/IQS7222A.o
 .debug_abbrev  0x000004cb      0x26e ./Core/Src/ST7735.o
 .debug_abbrev  0x00000739      0x12d ./Core/Src/icons.o
 .debug_abbrev  0x00000866      0x316 ./Core/Src/main.o
 .debug_abbrev  0x00000b7c      0x235 ./Core/Src/menu.o
 .debug_abbrev  0x00000db1      0x1e1 ./Core/Src/stm32f0xx_hal_msp.o
 .debug_abbrev  0x00000f92       0x73 ./Core/Src/stm32f0xx_it.o
 .debug_abbrev  0x00001005      0x1b6 ./Core/Src/syscalls.o
 .debug_abbrev  0x000011bb       0xbc ./Core/Src/sysmem.o
 .debug_abbrev  0x00001277      0x11c ./Core/Src/system_stm32f0xx.o
 .debug_abbrev  0x00001393       0x24 ./Core/Startup/startup_stm32f030cctx.o
 .debug_abbrev  0x000013b7      0x24b ./Drivers/STM32F0xx_HAL_Driver/Src/stm32f0xx_hal.o
 .debug_abbrev  0x00001602      0x28c ./Drivers/STM32F0xx_HAL_Driver/Src/stm32f0xx_hal_cortex.o
 .debug_abbrev  0x0000188e      0x1ca ./Drivers/STM32F0xx_HAL_Driver/Src/stm32f0xx_hal_gpio.o
 .debug_abbrev  0x00001a58      0x282 ./Drivers/STM32F0xx_HAL_Driver/Src/stm32f0xx_hal_i2c.o
 .debug_abbrev  0x00001cda      0x1d4 ./Drivers/STM32F0xx_HAL_Driver/Src/stm32f0xx_hal_i2c_ex.o
 .debug_abbrev  0x00001eae      0x28b ./Drivers/STM32F0xx_HAL_Driver/Src/stm32f0xx_hal_rcc.o
 .debug_abbrev  0x00002139      0x16f ./Drivers/STM32F0xx_HAL_Driver/Src/stm32f0xx_hal_rcc_ex.o
 .debug_abbrev  0x000022a8      0x277 ./Drivers/STM32F0xx_HAL_Driver/Src/stm32f0xx_hal_spi.o
 .debug_abbrev  0x0000251f      0x2de ./Drivers/STM32F0xx_HAL_Driver/Src/stm32f0xx_hal_uart.o

.debug_aranges  0x00000000      0xe68
 .debug_aranges
                0x00000000      0x100 ./Core/Src/GFX_FUNCTIONS.o
 .debug_aranges
                0x00000100      0x120 ./Core/Src/IQS7222A.o
 .debug_aranges
                0x00000220       0x90 ./Core/Src/ST7735.o
 .debug_aranges
                0x000002b0       0x20 ./Core/Src/icons.o
 .debug_aranges
                0x000002d0       0x58 ./Core/Src/main.o
 .debug_aranges
                0x00000328       0x38 ./Core/Src/menu.o
 .debug_aranges
                0x00000360       0x50 ./Core/Src/stm32f0xx_hal_msp.o
 .debug_aranges
                0x000003b0       0x40 ./Core/Src/stm32f0xx_it.o
 .debug_aranges
                0x000003f0       0xa8 ./Core/Src/syscalls.o
 .debug_aranges
                0x00000498       0x20 ./Core/Src/sysmem.o
 .debug_aranges
                0x000004b8       0x28 ./Core/Src/system_stm32f0xx.o
 .debug_aranges
                0x000004e0       0x28 ./Core/Startup/startup_stm32f030cctx.o
 .debug_aranges
                0x00000508       0xd0 ./Drivers/STM32F0xx_HAL_Driver/Src/stm32f0xx_hal.o
 .debug_aranges
                0x000005d8       0xc0 ./Drivers/STM32F0xx_HAL_Driver/Src/stm32f0xx_hal_cortex.o
 .debug_aranges
                0x00000698       0x58 ./Drivers/STM32F0xx_HAL_Driver/Src/stm32f0xx_hal_gpio.o
 .debug_aranges
                0x000006f0      0x2a0 ./Drivers/STM32F0xx_HAL_Driver/Src/stm32f0xx_hal_i2c.o
 .debug_aranges
                0x00000990       0x38 ./Drivers/STM32F0xx_HAL_Driver/Src/stm32f0xx_hal_i2c_ex.o
 .debug_aranges
                0x000009c8       0x80 ./Drivers/STM32F0xx_HAL_Driver/Src/stm32f0xx_hal_rcc.o
 .debug_aranges
                0x00000a48       0x30 ./Drivers/STM32F0xx_HAL_Driver/Src/stm32f0xx_hal_rcc_ex.o
 .debug_aranges
                0x00000a78      0x1d8 ./Drivers/STM32F0xx_HAL_Driver/Src/stm32f0xx_hal_spi.o
 .debug_aranges
                0x00000c50      0x218 ./Drivers/STM32F0xx_HAL_Driver/Src/stm32f0xx_hal_uart.o

.debug_rnglists
                0x00000000      0xb36
 .debug_rnglists
                0x00000000       0xcf ./Core/Src/GFX_FUNCTIONS.o
 .debug_rnglists
                0x000000cf       0xdd ./Core/Src/IQS7222A.o
 .debug_rnglists
                0x000001ac       0x6f ./Core/Src/ST7735.o
 .debug_rnglists
                0x0000021b       0x14 ./Core/Src/icons.o
 .debug_rnglists
                0x0000022f       0x40 ./Core/Src/main.o
 .debug_rnglists
                0x0000026f       0x27 ./Core/Src/menu.o
 .debug_rnglists
                0x00000296       0x3a ./Core/Src/stm32f0xx_hal_msp.o
 .debug_rnglists
                0x000002d0       0x2b ./Core/Src/stm32f0xx_it.o
 .debug_rnglists
                0x000002fb       0x79 ./Core/Src/syscalls.o
 .debug_rnglists
                0x00000374       0x13 ./Core/Src/sysmem.o
 .debug_rnglists
                0x00000387       0x1a ./Core/Src/system_stm32f0xx.o
 .debug_rnglists
                0x000003a1       0x19 ./Core/Startup/startup_stm32f030cctx.o
 .debug_rnglists
                0x000003ba       0x97 ./Drivers/STM32F0xx_HAL_Driver/Src/stm32f0xx_hal.o
 .debug_rnglists
                0x00000451       0x8c ./Drivers/STM32F0xx_HAL_Driver/Src/stm32f0xx_hal_cortex.o
 .debug_rnglists
                0x000004dd       0x3f ./Drivers/STM32F0xx_HAL_Driver/Src/stm32f0xx_hal_gpio.o
 .debug_rnglists
                0x0000051c      0x229 ./Drivers/STM32F0xx_HAL_Driver/Src/stm32f0xx_hal_i2c.o
 .debug_rnglists
                0x00000745       0x27 ./Drivers/STM32F0xx_HAL_Driver/Src/stm32f0xx_hal_i2c_ex.o
 .debug_rnglists
                0x0000076c       0x61 ./Drivers/STM32F0xx_HAL_Driver/Src/stm32f0xx_hal_rcc.o
 .debug_rnglists
                0x000007cd       0x21 ./Drivers/STM32F0xx_HAL_Driver/Src/stm32f0xx_hal_rcc_ex.o
 .debug_rnglists
                0x000007ee      0x17a ./Drivers/STM32F0xx_HAL_Driver/Src/stm32f0xx_hal_spi.o
 .debug_rnglists
                0x00000968      0x1ce ./Drivers/STM32F0xx_HAL_Driver/Src/stm32f0xx_hal_uart.o

.debug_macro    0x00000000    0x13854
 .debug_macro   0x00000000      0x2d9 ./Core/Src/GFX_FUNCTIONS.o
 .debug_macro   0x000002d9      0xaae ./Core/Src/GFX_FUNCTIONS.o
 .debug_macro   0x00000d87       0x22 ./Core/Src/GFX_FUNCTIONS.o
 .debug_macro   0x00000da9       0x8e ./Core/Src/GFX_FUNCTIONS.o
 .debug_macro   0x00000e37       0x51 ./Core/Src/GFX_FUNCTIONS.o
 .debug_macro   0x00000e88      0x103 ./Core/Src/GFX_FUNCTIONS.o
 .debug_macro   0x00000f8b       0x6a ./Core/Src/GFX_FUNCTIONS.o
 .debug_macro   0x00000ff5      0x1df ./Core/Src/GFX_FUNCTIONS.o
 .debug_macro   0x000011d4      0x133 ./Core/Src/GFX_FUNCTIONS.o
 .debug_macro   0x00001307       0x2e ./Core/Src/GFX_FUNCTIONS.o
 .debug_macro   0x00001335       0x22 ./Core/Src/GFX_FUNCTIONS.o
 .debug_macro   0x00001357       0x1c ./Core/Src/GFX_FUNCTIONS.o
 .debug_macro   0x00001373       0x22 ./Core/Src/GFX_FUNCTIONS.o
 .debug_macro   0x00001395       0xaf ./Core/Src/GFX_FUNCTIONS.o
 .debug_macro   0x00001444      0x391 ./Core/Src/GFX_FUNCTIONS.o
 .debug_macro   0x000017d5     0x785b ./Core/Src/GFX_FUNCTIONS.o
 .debug_macro   0x00009030       0x66 ./Core/Src/GFX_FUNCTIONS.o
 .debug_macro   0x00009096     0x34da ./Core/Src/GFX_FUNCTIONS.o
 .debug_macro   0x0000c570      0x190 ./Core/Src/GFX_FUNCTIONS.o
 .debug_macro   0x0000c700       0x55 ./Core/Src/GFX_FUNCTIONS.o
 .debug_macro   0x0000c755      0x924 ./Core/Src/GFX_FUNCTIONS.o
 .debug_macro   0x0000d079      0x289 ./Core/Src/GFX_FUNCTIONS.o
 .debug_macro   0x0000d302      0x1ae ./Core/Src/GFX_FUNCTIONS.o
 .debug_macro   0x0000d4b0      0x153 ./Core/Src/GFX_FUNCTIONS.o
 .debug_macro   0x0000d603      0x1a0 ./Core/Src/GFX_FUNCTIONS.o
 .debug_macro   0x0000d7a3      0x1bc ./Core/Src/GFX_FUNCTIONS.o
 .debug_macro   0x0000d95f      0x1dd ./Core/Src/GFX_FUNCTIONS.o
 .debug_macro   0x0000db3c       0x3c ./Core/Src/GFX_FUNCTIONS.o
 .debug_macro   0x0000db78       0x28 ./Core/Src/GFX_FUNCTIONS.o
 .debug_macro   0x0000dba0       0xb0 ./Core/Src/GFX_FUNCTIONS.o
 .debug_macro   0x0000dc50      0x217 ./Core/Src/GFX_FUNCTIONS.o
 .debug_macro   0x0000de67      0x22c ./Core/Src/GFX_FUNCTIONS.o
 .debug_macro   0x0000e093       0x61 ./Core/Src/GFX_FUNCTIONS.o
 .debug_macro   0x0000e0f4       0xa5 ./Core/Src/GFX_FUNCTIONS.o
 .debug_macro   0x0000e199       0x4c ./Core/Src/GFX_FUNCTIONS.o
 .debug_macro   0x0000e1e5       0x49 ./Core/Src/GFX_FUNCTIONS.o
 .debug_macro   0x0000e22e      0x2fe ./Core/Src/GFX_FUNCTIONS.o
 .debug_macro   0x0000e52c      0x56d ./Core/Src/GFX_FUNCTIONS.o
 .debug_macro   0x0000ea99       0x44 ./Core/Src/GFX_FUNCTIONS.o
 .debug_macro   0x0000eadd      0x10d ./Core/Src/GFX_FUNCTIONS.o
 .debug_macro   0x0000ebea       0x22 ./Core/Src/GFX_FUNCTIONS.o
 .debug_macro   0x0000ec0c      0x184 ./Core/Src/GFX_FUNCTIONS.o
 .debug_macro   0x0000ed90       0x24 ./Core/Src/GFX_FUNCTIONS.o
 .debug_macro   0x0000edb4       0x61 ./Core/Src/GFX_FUNCTIONS.o
 .debug_macro   0x0000ee15       0x43 ./Core/Src/GFX_FUNCTIONS.o
 .debug_macro   0x0000ee58       0x34 ./Core/Src/GFX_FUNCTIONS.o
 .debug_macro   0x0000ee8c       0x16 ./Core/Src/GFX_FUNCTIONS.o
 .debug_macro   0x0000eea2       0x3c ./Core/Src/GFX_FUNCTIONS.o
 .debug_macro   0x0000eede      0x370 ./Core/Src/GFX_FUNCTIONS.o
 .debug_macro   0x0000f24e       0x16 ./Core/Src/GFX_FUNCTIONS.o
 .debug_macro   0x0000f264       0x4a ./Core/Src/GFX_FUNCTIONS.o
 .debug_macro   0x0000f2ae       0x34 ./Core/Src/GFX_FUNCTIONS.o
 .debug_macro   0x0000f2e2       0x10 ./Core/Src/GFX_FUNCTIONS.o
 .debug_macro   0x0000f2f2       0x58 ./Core/Src/GFX_FUNCTIONS.o
 .debug_macro   0x0000f34a       0x8e ./Core/Src/GFX_FUNCTIONS.o
 .debug_macro   0x0000f3d8       0x1c ./Core/Src/GFX_FUNCTIONS.o
 .debug_macro   0x0000f3f4      0x185 ./Core/Src/GFX_FUNCTIONS.o
 .debug_macro   0x0000f579       0x16 ./Core/Src/GFX_FUNCTIONS.o
 .debug_macro   0x0000f58f       0x29 ./Core/Src/GFX_FUNCTIONS.o
 .debug_macro   0x0000f5b8      0x2fe ./Core/Src/IQS7222A.o
 .debug_macro   0x0000f8b6       0x34 ./Core/Src/IQS7222A.o
 .debug_macro   0x0000f8ea      0x202 ./Core/Src/IQS7222A.o
 .debug_macro   0x0000faec      0x166 ./Core/Src/IQS7222A.o
 .debug_macro   0x0000fc52      0x919 ./Core/Src/IQS7222A.o
 .debug_macro   0x0001056b       0x10 ./Core/Src/IQS7222A.o
 .debug_macro   0x0001057b       0x20 ./Core/Src/IQS7222A.o
 .debug_macro   0x0001059b       0x1c ./Core/Src/IQS7222A.o
 .debug_macro   0x000105b7       0x10 ./Core/Src/IQS7222A.o
 .debug_macro   0x000105c7       0x1c ./Core/Src/IQS7222A.o
 .debug_macro   0x000105e3       0x16 ./Core/Src/IQS7222A.o
 .debug_macro   0x000105f9      0x146 ./Core/Src/IQS7222A.o
 .debug_macro   0x0001073f      0x2d5 ./Core/Src/ST7735.o
 .debug_macro   0x00010a14      0x1fd ./Core/Src/icons.o
 .debug_macro   0x00010c11      0x300 ./Core/Src/main.o
 .debug_macro   0x00010f11      0x336 ./Core/Src/menu.o
 .debug_macro   0x00011247      0x1d2 ./Core/Src/stm32f0xx_hal_msp.o
 .debug_macro   0x00011419      0x1dc ./Core/Src/stm32f0xx_it.o
 .debug_macro   0x000115f5      0x274 ./Core/Src/syscalls.o
 .debug_macro   0x00011869       0x5b ./Core/Src/syscalls.o
 .debug_macro   0x000118c4       0x94 ./Core/Src/syscalls.o
 .debug_macro   0x00011958       0x57 ./Core/Src/syscalls.o
 .debug_macro   0x000119af       0x10 ./Core/Src/syscalls.o
 .debug_macro   0x000119bf       0x10 ./Core/Src/syscalls.o
 .debug_macro   0x000119cf       0x10 ./Core/Src/syscalls.o
 .debug_macro   0x000119df       0x10 ./Core/Src/syscalls.o
 .debug_macro   0x000119ef       0x1c ./Core/Src/syscalls.o
 .debug_macro   0x00011a0b       0x52 ./Core/Src/syscalls.o
 .debug_macro   0x00011a5d       0x22 ./Core/Src/syscalls.o
 .debug_macro   0x00011a7f       0x10 ./Core/Src/syscalls.o
 .debug_macro   0x00011a8f       0x52 ./Core/Src/syscalls.o
 .debug_macro   0x00011ae1       0xcf ./Core/Src/syscalls.o
 .debug_macro   0x00011bb0       0x1c ./Core/Src/syscalls.o
 .debug_macro   0x00011bcc       0x3d ./Core/Src/syscalls.o
 .debug_macro   0x00011c09       0x35 ./Core/Src/syscalls.o
 .debug_macro   0x00011c3e      0x12c ./Core/Src/syscalls.o
 .debug_macro   0x00011d6a       0x10 ./Core/Src/syscalls.o
 .debug_macro   0x00011d7a      0x242 ./Core/Src/syscalls.o
 .debug_macro   0x00011fbc       0x10 ./Core/Src/syscalls.o
 .debug_macro   0x00011fcc      0x18a ./Core/Src/syscalls.o
 .debug_macro   0x00012156       0x16 ./Core/Src/syscalls.o
 .debug_macro   0x0001216c       0xce ./Core/Src/syscalls.o
 .debug_macro   0x0001223a      0x112 ./Core/Src/sysmem.o
 .debug_macro   0x0001234c      0x23c ./Core/Src/sysmem.o
 .debug_macro   0x00012588      0x1c3 ./Core/Src/system_stm32f0xx.o
 .debug_macro   0x0001274b      0x1e7 ./Drivers/STM32F0xx_HAL_Driver/Src/stm32f0xx_hal.o
 .debug_macro   0x00012932      0x1c3 ./Drivers/STM32F0xx_HAL_Driver/Src/stm32f0xx_hal_cortex.o
 .debug_macro   0x00012af5      0x1ca ./Drivers/STM32F0xx_HAL_Driver/Src/stm32f0xx_hal_gpio.o
 .debug_macro   0x00012cbf      0x28f ./Drivers/STM32F0xx_HAL_Driver/Src/stm32f0xx_hal_i2c.o
 .debug_macro   0x00012f4e      0x1c3 ./Drivers/STM32F0xx_HAL_Driver/Src/stm32f0xx_hal_i2c_ex.o
 .debug_macro   0x00013111      0x1d5 ./Drivers/STM32F0xx_HAL_Driver/Src/stm32f0xx_hal_rcc.o
 .debug_macro   0x000132e6      0x1c3 ./Drivers/STM32F0xx_HAL_Driver/Src/stm32f0xx_hal_rcc_ex.o
 .debug_macro   0x000134a9      0x1cb ./Drivers/STM32F0xx_HAL_Driver/Src/stm32f0xx_hal_spi.o
 .debug_macro   0x00013674      0x1e0 ./Drivers/STM32F0xx_HAL_Driver/Src/stm32f0xx_hal_uart.o

.debug_line     0x00000000    0x13ad1
 .debug_line    0x00000000     0x1447 ./Core/Src/GFX_FUNCTIONS.o
 .debug_line    0x00001447     0x11bc ./Core/Src/IQS7222A.o
 .debug_line    0x00002603      0xcd6 ./Core/Src/ST7735.o
 .debug_line    0x000032d9      0x7eb ./Core/Src/icons.o
 .debug_line    0x00003ac4      0xb3e ./Core/Src/main.o
 .debug_line    0x00004602      0xa6d ./Core/Src/menu.o
 .debug_line    0x0000506f      0x84a ./Core/Src/stm32f0xx_hal_msp.o
 .debug_line    0x000058b9      0x7bf ./Core/Src/stm32f0xx_it.o
 .debug_line    0x00006078      0x8ac ./Core/Src/syscalls.o
 .debug_line    0x00006924      0x588 ./Core/Src/sysmem.o
 .debug_line    0x00006eac      0x7d7 ./Core/Src/system_stm32f0xx.o
 .debug_line    0x00007683       0x7b ./Core/Startup/startup_stm32f030cctx.o
 .debug_line    0x000076fe      0x9e1 ./Drivers/STM32F0xx_HAL_Driver/Src/stm32f0xx_hal.o
 .debug_line    0x000080df      0xa89 ./Drivers/STM32F0xx_HAL_Driver/Src/stm32f0xx_hal_cortex.o
 .debug_line    0x00008b68      0xb46 ./Drivers/STM32F0xx_HAL_Driver/Src/stm32f0xx_hal_gpio.o
 .debug_line    0x000096ae     0x3775 ./Drivers/STM32F0xx_HAL_Driver/Src/stm32f0xx_hal_i2c.o
 .debug_line    0x0000ce23      0x834 ./Drivers/STM32F0xx_HAL_Driver/Src/stm32f0xx_hal_i2c_ex.o
 .debug_line    0x0000d657      0xe77 ./Drivers/STM32F0xx_HAL_Driver/Src/stm32f0xx_hal_rcc.o
 .debug_line    0x0000e4ce      0x949 ./Drivers/STM32F0xx_HAL_Driver/Src/stm32f0xx_hal_rcc_ex.o
 .debug_line    0x0000ee17     0x2000 ./Drivers/STM32F0xx_HAL_Driver/Src/stm32f0xx_hal_spi.o
 .debug_line    0x00010e17     0x2cba ./Drivers/STM32F0xx_HAL_Driver/Src/stm32f0xx_hal_uart.o

.debug_str      0x00000000    0x6d05f
 .debug_str     0x00000000    0x6d05f ./Core/Src/GFX_FUNCTIONS.o
                              0x6380c (size before relaxing)
 .debug_str     0x0006d05f    0x67915 ./Core/Src/IQS7222A.o
 .debug_str     0x0006d05f    0x63c46 ./Core/Src/ST7735.o
 .debug_str     0x0006d05f    0x6039d ./Core/Src/icons.o
 .debug_str     0x0006d05f    0x65760 ./Core/Src/main.o
 .debug_str     0x0006d05f    0x653cb ./Core/Src/menu.o
 .debug_str     0x0006d05f    0x60898 ./Core/Src/stm32f0xx_hal_msp.o
 .debug_str     0x0006d05f    0x5fef4 ./Core/Src/stm32f0xx_it.o
 .debug_str     0x0006d05f     0x98d2 ./Core/Src/syscalls.o
 .debug_str     0x0006d05f     0x7670 ./Core/Src/sysmem.o
 .debug_str     0x0006d05f    0x5fe92 ./Core/Src/system_stm32f0xx.o
 .debug_str     0x0006d05f       0x89 ./Core/Startup/startup_stm32f030cctx.o
 .debug_str     0x0006d05f    0x6044d ./Drivers/STM32F0xx_HAL_Driver/Src/stm32f0xx_hal.o
 .debug_str     0x0006d05f    0x6023e ./Drivers/STM32F0xx_HAL_Driver/Src/stm32f0xx_hal_cortex.o
 .debug_str     0x0006d05f    0x60042 ./Drivers/STM32F0xx_HAL_Driver/Src/stm32f0xx_hal_gpio.o
 .debug_str     0x0006d05f    0x6120f ./Drivers/STM32F0xx_HAL_Driver/Src/stm32f0xx_hal_i2c.o
 .debug_str     0x0006d05f    0x603e0 ./Drivers/STM32F0xx_HAL_Driver/Src/stm32f0xx_hal_i2c_ex.o
 .debug_str     0x0006d05f    0x602dd ./Drivers/STM32F0xx_HAL_Driver/Src/stm32f0xx_hal_rcc.o
 .debug_str     0x0006d05f    0x5ffea ./Drivers/STM32F0xx_HAL_Driver/Src/stm32f0xx_hal_rcc_ex.o
 .debug_str     0x0006d05f    0x6081b ./Drivers/STM32F0xx_HAL_Driver/Src/stm32f0xx_hal_spi.o
 .debug_str     0x0006d05f    0x60bca ./Drivers/STM32F0xx_HAL_Driver/Src/stm32f0xx_hal_uart.o

.comment        0x00000000       0x43
 .comment       0x00000000       0x43 ./Core/Src/GFX_FUNCTIONS.o
                                 0x44 (size before relaxing)
 .comment       0x00000043       0x44 ./Core/Src/IQS7222A.o
 .comment       0x00000043       0x44 ./Core/Src/ST7735.o
 .comment       0x00000043       0x44 ./Core/Src/icons.o
 .comment       0x00000043       0x44 ./Core/Src/main.o
 .comment       0x00000043       0x44 ./Core/Src/menu.o
 .comment       0x00000043       0x44 ./Core/Src/stm32f0xx_hal_msp.o
 .comment       0x00000043       0x44 ./Core/Src/stm32f0xx_it.o
 .comment       0x00000043       0x44 ./Core/Src/syscalls.o
 .comment       0x00000043       0x44 ./Core/Src/sysmem.o
 .comment       0x00000043       0x44 ./Core/Src/system_stm32f0xx.o
 .comment       0x00000043       0x44 ./Drivers/STM32F0xx_HAL_Driver/Src/stm32f0xx_hal.o
 .comment       0x00000043       0x44 ./Drivers/STM32F0xx_HAL_Driver/Src/stm32f0xx_hal_cortex.o
 .comment       0x00000043       0x44 ./Drivers/STM32F0xx_HAL_Driver/Src/stm32f0xx_hal_gpio.o
 .comment       0x00000043       0x44 ./Drivers/STM32F0xx_HAL_Driver/Src/stm32f0xx_hal_i2c.o
 .comment       0x00000043       0x44 ./Drivers/STM32F0xx_HAL_Driver/Src/stm32f0xx_hal_i2c_ex.o
 .comment       0x00000043       0x44 ./Drivers/STM32F0xx_HAL_Driver/Src/stm32f0xx_hal_rcc.o
 .comment       0x00000043       0x44 ./Drivers/STM32F0xx_HAL_Driver/Src/stm32f0xx_hal_rcc_ex.o
 .comment       0x00000043       0x44 ./Drivers/STM32F0xx_HAL_Driver/Src/stm32f0xx_hal_spi.o
 .comment       0x00000043       0x44 ./Drivers/STM32F0xx_HAL_Driver/Src/stm32f0xx_hal_uart.o

.debug_frame    0x00000000     0x3b08
 .debug_frame   0x00000000      0x400 ./Core/Src/GFX_FUNCTIONS.o
 .debug_frame   0x00000400      0x440 ./Core/Src/IQS7222A.o
 .debug_frame   0x00000840      0x1fc ./Core/Src/ST7735.o
 .debug_frame   0x00000a3c       0x34 ./Core/Src/icons.o
 .debug_frame   0x00000a70       0xfc ./Core/Src/main.o
 .debug_frame   0x00000b6c       0x94 ./Core/Src/menu.o
 .debug_frame   0x00000c00       0xf0 ./Core/Src/stm32f0xx_hal_msp.o
 .debug_frame   0x00000cf0       0x9c ./Core/Src/stm32f0xx_it.o
 .debug_frame   0x00000d8c      0x244 ./Core/Src/syscalls.o
 .debug_frame   0x00000fd0       0x30 ./Core/Src/sysmem.o
 .debug_frame   0x00001000       0x4c ./Core/Src/system_stm32f0xx.o
 .debug_frame   0x0000104c      0x2a4 ./Drivers/STM32F0xx_HAL_Driver/Src/stm32f0xx_hal.o
 .debug_frame   0x000012f0      0x2a0 ./Drivers/STM32F0xx_HAL_Driver/Src/stm32f0xx_hal_cortex.o
 .debug_frame   0x00001590      0x110 ./Drivers/STM32F0xx_HAL_Driver/Src/stm32f0xx_hal_gpio.o
 .debug_frame   0x000016a0      0xa68 ./Drivers/STM32F0xx_HAL_Driver/Src/stm32f0xx_hal_i2c.o
 .debug_frame   0x00002108       0x90 ./Drivers/STM32F0xx_HAL_Driver/Src/stm32f0xx_hal_i2c_ex.o
 .debug_frame   0x00002198      0x198 ./Drivers/STM32F0xx_HAL_Driver/Src/stm32f0xx_hal_rcc.o
 .debug_frame   0x00002330       0x70 ./Drivers/STM32F0xx_HAL_Driver/Src/stm32f0xx_hal_rcc_ex.o
 .debug_frame   0x000023a0      0x710 ./Drivers/STM32F0xx_HAL_Driver/Src/stm32f0xx_hal_spi.o
 .debug_frame   0x00002ab0      0x810 ./Drivers/STM32F0xx_HAL_Driver/Src/stm32f0xx_hal_uart.o
 .debug_frame   0x000032c0      0x138 C:/ST/STM32CubeIDE_1.18.1/STM32CubeIDE/plugins/com.st.stm32cube.ide.mcu.externaltools.gnu-tools-for-stm32.13.3.rel1.win32_1.0.0.202411081344/tools/bin/../lib/gcc/arm-none-eabi/13.3.1/../../../../arm-none-eabi/lib/thumb/v6-m/nofp\libc_nano.a(libc_a-findfp.o)
 .debug_frame   0x000033f8       0x34 C:/ST/STM32CubeIDE_1.18.1/STM32CubeIDE/plugins/com.st.stm32cube.ide.mcu.externaltools.gnu-tools-for-stm32.13.3.rel1.win32_1.0.0.202411081344/tools/bin/../lib/gcc/arm-none-eabi/13.3.1/../../../../arm-none-eabi/lib/thumb/v6-m/nofp\libc_nano.a(libc_a-fwalk.o)
 .debug_frame   0x0000342c       0x4c C:/ST/STM32CubeIDE_1.18.1/STM32CubeIDE/plugins/com.st.stm32cube.ide.mcu.externaltools.gnu-tools-for-stm32.13.3.rel1.win32_1.0.0.202411081344/tools/bin/../lib/gcc/arm-none-eabi/13.3.1/../../../../arm-none-eabi/lib/thumb/v6-m/nofp\libc_nano.a(libc_a-printf.o)
 .debug_frame   0x00003478       0x44 C:/ST/STM32CubeIDE_1.18.1/STM32CubeIDE/plugins/com.st.stm32cube.ide.mcu.externaltools.gnu-tools-for-stm32.13.3.rel1.win32_1.0.0.202411081344/tools/bin/../lib/gcc/arm-none-eabi/13.3.1/../../../../arm-none-eabi/lib/thumb/v6-m/nofp\libc_nano.a(libc_a-puts.o)
 .debug_frame   0x000034bc       0x90 C:/ST/STM32CubeIDE_1.18.1/STM32CubeIDE/plugins/com.st.stm32cube.ide.mcu.externaltools.gnu-tools-for-stm32.13.3.rel1.win32_1.0.0.202411081344/tools/bin/../lib/gcc/arm-none-eabi/13.3.1/../../../../arm-none-eabi/lib/thumb/v6-m/nofp\libc_nano.a(libc_a-stdio.o)