Archive member included to satisfy reference by file (symbol)

C:/ST/STM32CubeIDE_1.18.1/STM32CubeIDE/plugins/com.st.stm32cube.ide.mcu.externaltools.gnu-tools-for-stm32.13.3.rel1.win32_1.0.0.202411081344/tools/bin/../lib/gcc/arm-none-eabi/13.3.1/../../../../arm-none-eabi/lib/thumb/v6-m/nofp\libc_nano.a(libc_a-exit.o)
                              C:/ST/STM32CubeIDE_1.18.1/STM32CubeIDE/plugins/com.st.stm32cube.ide.mcu.externaltools.gnu-tools-for-stm32.13.3.rel1.win32_1.0.0.202411081344/tools/bin/../lib/gcc/arm-none-eabi/13.3.1/../../../../arm-none-eabi/lib/thumb/v6-m/nofp/crt0.o (exit)
C:/ST/STM32CubeIDE_1.18.1/STM32CubeIDE/plugins/com.st.stm32cube.ide.mcu.externaltools.gnu-tools-for-stm32.13.3.rel1.win32_1.0.0.202411081344/tools/bin/../lib/gcc/arm-none-eabi/13.3.1/../../../../arm-none-eabi/lib/thumb/v6-m/nofp\libc_nano.a(libc_a-findfp.o)
                              C:/ST/STM32CubeIDE_1.18.1/STM32CubeIDE/plugins/com.st.stm32cube.ide.mcu.externaltools.gnu-tools-for-stm32.13.3.rel1.win32_1.0.0.202411081344/tools/bin/../lib/gcc/arm-none-eabi/13.3.1/../../../../arm-none-eabi/lib/thumb/v6-m/nofp\libc_nano.a(libc_a-exit.o) (__stdio_exit_handler)
C:/ST/STM32CubeIDE_1.18.1/STM32CubeIDE/plugins/com.st.stm32cube.ide.mcu.externaltools.gnu-tools-for-stm32.13.3.rel1.win32_1.0.0.202411081344/tools/bin/../lib/gcc/arm-none-eabi/13.3.1/../../../../arm-none-eabi/lib/thumb/v6-m/nofp\libc_nano.a(libc_a-fwalk.o)
                              C:/ST/STM32CubeIDE_1.18.1/STM32CubeIDE/plugins/com.st.stm32cube.ide.mcu.externaltools.gnu-tools-for-stm32.13.3.rel1.win32_1.0.0.202411081344/tools/bin/../lib/gcc/arm-none-eabi/13.3.1/../../../../arm-none-eabi/lib/thumb/v6-m/nofp\libc_nano.a(libc_a-findfp.o) (_fwalk_sglue)
C:/ST/STM32CubeIDE_1.18.1/STM32CubeIDE/plugins/com.st.stm32cube.ide.mcu.externaltools.gnu-tools-for-stm32.13.3.rel1.win32_1.0.0.202411081344/tools/bin/../lib/gcc/arm-none-eabi/13.3.1/../../../../arm-none-eabi/lib/thumb/v6-m/nofp\libc_nano.a(libc_a-stdio.o)
                              C:/ST/STM32CubeIDE_1.18.1/STM32CubeIDE/plugins/com.st.stm32cube.ide.mcu.externaltools.gnu-tools-for-stm32.13.3.rel1.win32_1.0.0.202411081344/tools/bin/../lib/gcc/arm-none-eabi/13.3.1/../../../../arm-none-eabi/lib/thumb/v6-m/nofp\libc_nano.a(libc_a-findfp.o) (__sread)
C:/ST/STM32CubeIDE_1.18.1/STM32CubeIDE/plugins/com.st.stm32cube.ide.mcu.externaltools.gnu-tools-for-stm32.13.3.rel1.win32_1.0.0.202411081344/tools/bin/../lib/gcc/arm-none-eabi/13.3.1/../../../../arm-none-eabi/lib/thumb/v6-m/nofp\libc_nano.a(libc_a-memset.o)
                              C:/ST/STM32CubeIDE_1.18.1/STM32CubeIDE/plugins/com.st.stm32cube.ide.mcu.externaltools.gnu-tools-for-stm32.13.3.rel1.win32_1.0.0.202411081344/tools/bin/../lib/gcc/arm-none-eabi/13.3.1/../../../../arm-none-eabi/lib/thumb/v6-m/nofp/crt0.o (memset)
C:/ST/STM32CubeIDE_1.18.1/STM32CubeIDE/plugins/com.st.stm32cube.ide.mcu.externaltools.gnu-tools-for-stm32.13.3.rel1.win32_1.0.0.202411081344/tools/bin/../lib/gcc/arm-none-eabi/13.3.1/../../../../arm-none-eabi/lib/thumb/v6-m/nofp\libc_nano.a(libc_a-closer.o)
                              C:/ST/STM32CubeIDE_1.18.1/STM32CubeIDE/plugins/com.st.stm32cube.ide.mcu.externaltools.gnu-tools-for-stm32.13.3.rel1.win32_1.0.0.202411081344/tools/bin/../lib/gcc/arm-none-eabi/13.3.1/../../../../arm-none-eabi/lib/thumb/v6-m/nofp\libc_nano.a(libc_a-stdio.o) (_close_r)
C:/ST/STM32CubeIDE_1.18.1/STM32CubeIDE/plugins/com.st.stm32cube.ide.mcu.externaltools.gnu-tools-for-stm32.13.3.rel1.win32_1.0.0.202411081344/tools/bin/../lib/gcc/arm-none-eabi/13.3.1/../../../../arm-none-eabi/lib/thumb/v6-m/nofp\libc_nano.a(libc_a-reent.o)
                              C:/ST/STM32CubeIDE_1.18.1/STM32CubeIDE/plugins/com.st.stm32cube.ide.mcu.externaltools.gnu-tools-for-stm32.13.3.rel1.win32_1.0.0.202411081344/tools/bin/../lib/gcc/arm-none-eabi/13.3.1/../../../../arm-none-eabi/lib/thumb/v6-m/nofp\libc_nano.a(libc_a-closer.o) (errno)
C:/ST/STM32CubeIDE_1.18.1/STM32CubeIDE/plugins/com.st.stm32cube.ide.mcu.externaltools.gnu-tools-for-stm32.13.3.rel1.win32_1.0.0.202411081344/tools/bin/../lib/gcc/arm-none-eabi/13.3.1/../../../../arm-none-eabi/lib/thumb/v6-m/nofp\libc_nano.a(libc_a-impure.o)
                              C:/ST/STM32CubeIDE_1.18.1/STM32CubeIDE/plugins/com.st.stm32cube.ide.mcu.externaltools.gnu-tools-for-stm32.13.3.rel1.win32_1.0.0.202411081344/tools/bin/../lib/gcc/arm-none-eabi/13.3.1/../../../../arm-none-eabi/lib/thumb/v6-m/nofp\libc_nano.a(libc_a-reent.o) (_impure_ptr)
C:/ST/STM32CubeIDE_1.18.1/STM32CubeIDE/plugins/com.st.stm32cube.ide.mcu.externaltools.gnu-tools-for-stm32.13.3.rel1.win32_1.0.0.202411081344/tools/bin/../lib/gcc/arm-none-eabi/13.3.1/../../../../arm-none-eabi/lib/thumb/v6-m/nofp\libc_nano.a(libc_a-lseekr.o)
[...]
Memory Configuration

Name             Origin             Length             Attributes
RAM              0x20000000         0x00008000         xrw
FLASH            0x08000000         0x00040000         xr
*default*        0x00000000         0xffffffff

Linker script and memory map

LOAD C:/ST/STM32CubeIDE_1.18.1/STM32CubeIDE/plugins/com.st.stm32cube.ide.mcu.externaltools.gnu-tools-for-stm32.13.3.rel1.win32_1.0.0.202411081344/tools/bin/../lib/gcc/arm-none-eabi/13.3.1/thumb/v6-m/nofp/crti.o
LOAD C:/ST/STM32CubeIDE_1.18.1/STM32CubeIDE/plugins/com.st.stm32cube.ide.mcu.externaltools.gnu-tools-for-stm32.13.3.rel1.win32_1.0.0.202411081344/tools/bin/../lib/gcc/arm-none-eabi/13.3.1/thumb/v6-m/nofp/crtbegin.o
LOAD C:/ST/STM32CubeIDE_1.18.1/STM32CubeIDE/plugins/com.st.stm32cube.ide.mcu.externaltools.gnu-tools-for-stm32.13.3.rel1.win32_1.0.0.202411081344/tools/bin/../lib/gcc/arm-none-eabi/13.3.1/../../../../arm-none-eabi/lib/thumb/v6-m/nofp/crt0.o
LOAD ./Core/Src/GFX_FUNCTIONS.o
LOAD ./Core/Src/ST7735.o
LOAD ./Core/Src/fonts.o
LOAD ./Core/Src/icons.o
LOAD ./Core/Src/main.o
LOAD ./Core/Src/menu.o
LOAD ./Core/Src/stm32f0xx_hal_msp.o
LOAD ./Core/Src/stm32f0xx_it.o
LOAD ./Core/Src/syscalls.o
LOAD ./Core/Src/sysmem.o
LOAD ./Core/Src/system_stm32f0xx.o
LOAD ./Core/Startup/startup_stm32f030cctx.o
LOAD ./Drivers/STM32F0xx_HAL_Driver/Src/stm32f0xx_hal.o
LOAD ./Drivers/STM32F0xx_HAL_Driver/Src/stm32f0xx_hal_cortex.o
LOAD ./Drivers/STM32F0xx_HAL_Driver/Src/stm32f0xx_hal_dma.o
LOAD ./Drivers/STM32F0xx_HAL_Driver/Src/stm32f0xx_hal_exti.o
LOAD ./Drivers/STM32F0xx_HAL_Driver/Src/stm32f0xx_hal_flash.o
LOAD ./Drivers/STM32F0xx_HAL_Driver/Src/stm32f0xx_hal_flash_ex.o
LOAD ./Drivers/STM32F0xx_HAL_Driver/Src/stm32f0xx_hal_gpio.o
LOAD ./Drivers/STM32F0xx_HAL_Driver/Src/stm32f0xx_hal_i2c.o
LOAD ./Drivers/STM32F0xx_HAL_Driver/Src/stm32f0xx_hal_i2c_ex.o
LOAD ./Drivers/STM32F0xx_HAL_Driver/Src/stm32f0xx_hal_pwr.o
LOAD ./Drivers/STM32F0xx_HAL_Driver/Src/stm32f0xx_hal_pwr_ex.o
LOAD ./Drivers/STM32F0xx_HAL_Driver/Src/stm32f0xx_hal_rcc.o
LOAD ./Drivers/STM32F0xx_HAL_Driver/Src/stm32f0xx_hal_rcc_ex.o
LOAD ./Drivers/STM32F0xx_HAL_Driver/Src/stm32f0xx_hal_spi.o
LOAD ./Drivers/STM32F0xx_HAL_Driver/Src/stm32f0xx_hal_spi_ex.o
LOAD ./Drivers/STM32F0xx_HAL_Driver/Src/stm32f0xx_hal_uart.o
LOAD ./Drivers/STM32F0xx_HAL_Driver/Src/stm32f0xx_hal_uart_ex.o
START GROUP
LOAD C:/ST/STM32CubeIDE_1.18.1/STM32CubeIDE/plugins/com.st.stm32cube.ide.mcu.externaltools.gnu-tools-for-stm32.13.3.rel1.win32_1.0.0.202411081344/tools/bin/../lib/gcc/arm-none-eabi/13.3.1/../../../../arm-none-eabi/lib/thumb/v6-m/nofp\libc_nano.a
LOAD C:/ST/STM32CubeIDE_1.18.1/STM32CubeIDE/plugins/com.st.stm32cube.ide.mcu.externaltools.gnu-tools-for-stm32.13.3.rel1.win32_1.0.0.202411081344/tools/bin/../lib/gcc/arm-none-eabi/13.3.1/../../../../arm-none-eabi/lib/thumb/v6-m/nofp\libm.a
END GROUP
START GROUP
LOAD C:/ST/STM32CubeIDE_1.18.1/STM32CubeIDE/plugins/com.st.stm32cube.ide.mcu.externaltools.gnu-tools-for-stm32.13.3.rel1.win32_1.0.0.202411081344/tools/bin/../lib/gcc/arm-none-eabi/13.3.1/thumb/v6-m/nofp\libgcc.a
LOAD C:/ST/STM32CubeIDE_1.18.1/STM32CubeIDE/plugins/com.st.stm32cube.ide.mcu.externaltools.gnu-tools-for-stm32.13.3.rel1.win32_1.0.0.202411081344/tools/bin/../lib/gcc/arm-none-eabi/13.3.1/../../../../arm-none-eabi/lib/thumb/v6-m/nofp\libc_nano.a
END GROUP
START GROUP
LOAD C:/ST/STM32CubeIDE_1.18.1/STM32CubeIDE/plugins/com.st.stm32cube.ide.mcu.externaltools.gnu-tools-for-stm32.13.3.rel1.win32_1.0.0.202411081344/tools/bin/../lib/gcc/arm-none-eabi/13.3.1/thumb/v6-m/nofp\libgcc.a
LOAD C:/ST/STM32CubeIDE_1.18.1/STM32CubeIDE/plugins/com.st.stm32cube.ide.mcu.externaltools.gnu-tools-for-stm32.13.3.rel1.win32_1.0.0.202411081344/tools/bin/../lib/gcc/arm-none-eabi/13.3.1/../../../../arm-none-eabi/lib/thumb/v6-m/nofp\libc_nano.a
LOAD C:/ST/STM32CubeIDE_1.18.1/STM32CubeIDE/plugins/com.st.stm32cube.ide.mcu.externaltools.gnu-tools-for-stm32.13.3.rel1.win32_1.0.0.202411081344/tools/bin/../lib/gcc/arm-none-eabi/13.3.1/../../../../arm-none-eabi/lib/thumb/v6-m/nofp\libnosys.a
END GROUP
START GROUP
LOAD C:/ST/STM32CubeIDE_1.18.1/STM32CubeIDE/plugins/com.st.stm32cube.ide.mcu.externaltools.gnu-tools-for-stm32.13.3.rel1.win32_1.0.0.202411081344/tools/bin/../lib/gcc/arm-none-eabi/13.3.1/thumb/v6-m/nofp\libgcc.a
LOAD C:/ST/STM32CubeIDE_1.18.1/STM32CubeIDE/plugins/com.st.stm32cube.ide.mcu.externaltools.gnu-tools-for-stm32.13.3.rel1.win32_1.0.0.202411081344/tools/bin/../lib/gcc/arm-none-eabi/13.3.1/../../../../arm-none-eabi/lib/thumb/v6-m/nofp\libc_nano.a
LOAD C:/ST/STM32CubeIDE_1.18.1/STM32CubeIDE/plugins/com.st.stm32cube.ide.mcu.externaltools.gnu-tools-for-stm32.13.3.rel1.win32_1.0.0.202411081344/tools/bin/../lib/gcc/arm-none-eabi/13.3.1/../../../../arm-none-eabi/lib/thumb/v6-m/nofp\libnosys.a
END GROUP
LOAD C:/ST/STM32CubeIDE_1.18.1/STM32CubeIDE/plugins/com.st.stm32cube.ide.mcu.externaltools.gnu-tools-for-stm32.13.3.rel1.win32_1.0.0.202411081344/tools/bin/../lib/gcc/arm-none-eabi/13.3.1/thumb/v6-m/nofp/crtend.o
LOAD C:/ST/STM32CubeIDE_1.18.1/STM32CubeIDE/plugins/com.st.stm32cube.ide.mcu.externaltools.gnu-tools-for-stm32.13.3.rel1.win32_1.0.0.202411081344/tools/bin/../lib/gcc/arm-none-eabi/13.3.1/thumb/v6-m/nofp/crtn.o
                0x20008000                        _estack = (ORIGIN (RAM) + LENGTH (RAM))
                0x00000200                        _Min_Heap_Size = 0x200
                0x00000400                        _Min_Stack_Size = 0x400

.isr_vector     0x08000000       0xbc
                0x08000000                        . = ALIGN (0x4)
 *(.isr_vector)
 .isr_vector    0x08000000       0xbc ./Core/Startup/startup_stm32f030cctx.o
                0x08000000                g_pfnVectors
                0x080000bc                        . = ALIGN (0x4)

.text           0x080000bc     0x3cb8
                0x080000bc                        . = ALIGN (0x4)
 *(.text)
 .text          0x080000bc       0x48 C:/ST/STM32CubeIDE_1.18.1/STM32CubeIDE/plugins/com.st.stm32cube.ide.mcu.externaltools.gnu-tools-for-stm32.13.3.rel1.win32_1.0.0.202411081344/tools/bin/../lib/gcc/arm-none-eabi/13.3.1/thumb/v6-m/nofp/crtbegin.o
 .text          0x08000104        0xe C:/ST/STM32CubeIDE_1.18.1/STM32CubeIDE/plugins/com.st.stm32cube.ide.mcu.externaltools.gnu-tools-for-stm32.13.3.rel1.win32_1.0.0.202411081344/tools/bin/../lib/gcc/arm-none-eabi/13.3.1/../../../../arm-none-eabi/lib/thumb/v6-m/nofp\libc_nano.a(libc_a-strlen.o)
                0x08000104                strlen
 *fill*         0x08000112        0x2 
 .text          0x08000114      0x114 C:/ST/STM32CubeIDE_1.18.1/STM32CubeIDE/plugins/com.st.stm32cube.ide.mcu.externaltools.gnu-tools-for-stm32.13.3.rel1.win32_1.0.0.202411081344/tools/bin/../lib/gcc/arm-none-eabi/13.3.1/thumb/v6-m/nofp\libgcc.a(_udivsi3.o)
                0x08000114                __aeabi_uidiv
                0x08000114                __udivsi3
                0x08000220                __aeabi_uidivmod
 .text          0x08000228      0x1d4 C:/ST/STM32CubeIDE_1.18.1/STM32CubeIDE/plugins/com.st.stm32cube.ide.mcu.externaltools.gnu-tools-for-stm32.13.3.rel1.win32_1.0.0.202411081344/tools/bin/../lib/gcc/arm-none-eabi/13.3.1/thumb/v6-m/nofp\libgcc.a(_divsi3.o)
                0x08000228                __divsi3
                0x08000228                __aeabi_idiv
                0x080003f4                __aeabi_idivmod
 .text          0x080003fc        0x4 C:/ST/STM32CubeIDE_1.18.1/STM32CubeIDE/plugins/com.st.stm32cube.ide.mcu.externaltools.gnu-tools-for-stm32.13.3.rel1.win32_1.0.0.202411081344/tools/bin/../lib/gcc/arm-none-eabi/13.3.1/thumb/v6-m/nofp\libgcc.a(_dvmd_tls.o)
                0x080003fc                __aeabi_idiv0
                0x080003fc                __aeabi_ldiv0
 *(.text*)
 .text.fillRect
                0x08000400       0x4c ./Core/Src/GFX_FUNCTIONS.o
                0x08000400                fillRect
 .text.FillScreen
                0x0800044c       0x26 ./Core/Src/GFX_FUNCTIONS.o
                0x0800044c                FillScreen
 .text.ST7735_Select
                0x08000472       0x1a ./Core/Src/ST7735.o
                0x08000472                ST7735_Select
 .text.ST7735_Unselect
                0x0800048c       0x1a ./Core/Src/ST7735.o
                0x0800048c                ST7735_Unselect
 *fill*         0x080004a6        0x2 
 .text.ST7735_Reset
                0x080004a8       0x2c ./Core/Src/ST7735.o
                0x080004a8                ST7735_Reset
 .text.ST7735_WriteCommand
                0x080004d4       0x38 ./Core/Src/ST7735.o
                0x080004d4                ST7735_WriteCommand
 .text.ST7735_WriteData
                0x0800050c       0x38 ./Core/Src/ST7735.o
                0x0800050c                ST7735_WriteData
 .text.DisplayInit
                0x08000544       0xc8 ./Core/Src/ST7735.o
                0x08000544                DisplayInit
 .text.ST7735_SetAddressWindow
                0x0800060c       0xb0 ./Core/Src/ST7735.o
                0x0800060c                ST7735_SetAddressWindow
 .text.ST7735_Init
                0x080006bc       0x58 ./Core/Src/ST7735.o
                0x080006bc                ST7735_Init
 .text.ST7735_SetRotation
                0x08000714      0x114 ./Core/Src/ST7735.o
                0x08000714                ST7735_SetRotation
 .text.ST7735_DrawPixel
                0x08000828       0x9c ./Core/Src/ST7735.o
                0x08000828                ST7735_DrawPixel
 .text.ST7735_WriteChar
                0x080008c4      0x138 ./Core/Src/ST7735.o
                0x080008c4                ST7735_WriteChar
 .text.ST7735_WriteString
                0x080009fc      0x124 ./Core/Src/ST7735.o
                0x080009fc                ST7735_WriteString
 .text.ST7735_FillRectangle
                0x08000b20      0x160 ./Core/Src/ST7735.o
                0x08000b20                ST7735_FillRectangle
 .text.draw_image_mono
                0x08000c80      0x10c ./Core/Src/ST7735.o
                0x08000c80                draw_image_mono
 .text.main     0x08000d8c      0x20c ./Core/Src/main.o
                0x08000d8c                main
 .text.SystemClock_Config
                0x08000f98       0xca ./Core/Src/main.o
                0x08000f98                SystemClock_Config
 *fill*         0x08001062        0x2 
 .text.MX_I2C1_Init
                0x08001064       0x80 ./Core/Src/main.o
 .text.MX_SPI1_Init
                0x080010e4       0x7c ./Core/Src/main.o
 .text.MX_USART1_UART_Init
                0x08001160       0x60 ./Core/Src/main.o
 .text.MX_GPIO_Init
                0x080011c0      0x1ac ./Core/Src/main.o
 .text.Error_Handler
                0x0800136c        0xc ./Core/Src/main.o
                0x0800136c                Error_Handler
 .text.drawMenu
                0x08001378       0xd8 ./Core/Src/menu.o
                0x08001378                drawMenu
 .text.animateMenuTransition
                0x08001450      0x200 ./Core/Src/menu.o
                0x08001450                animateMenuTransition
 .text.show_startup_screen
                0x08001650       0xb8 ./Core/Src/menu.o
                0x08001650                show_startup_screen
 .text.drawThemePage
                0x08001708       0x70 ./Core/Src/menu.o
                0x08001708                drawThemePage
 .text.theme_page_tuslari
                0x08001778      0x130 ./Core/Src/menu.o
                0x08001778                theme_page_tuslari
 .text.HAL_MspInit
                0x080018a8       0x48 ./Core/Src/stm32f0xx_hal_msp.o
                0x080018a8                HAL_MspInit
 .text.HAL_I2C_MspInit
                0x080018f0       0x9c ./Core/Src/stm32f0xx_hal_msp.o
                0x080018f0                HAL_I2C_MspInit
 .text.HAL_SPI_MspInit
                0x0800198c       0x9c ./Core/Src/stm32f0xx_hal_msp.o
                0x0800198c                HAL_SPI_MspInit
 .text.HAL_UART_MspInit
                0x08001a28       0x9c ./Core/Src/stm32f0xx_hal_msp.o
                0x08001a28                HAL_UART_MspInit
 .text.NMI_Handler
                0x08001ac4        0x8 ./Core/Src/stm32f0xx_it.o
                0x08001ac4                NMI_Handler
 .text.HardFault_Handler
                0x08001acc        0x8 ./Core/Src/stm32f0xx_it.o
                0x08001acc                HardFault_Handler
 .text.SVC_Handler
                0x08001ad4        0xa ./Core/Src/stm32f0xx_it.o
                0x08001ad4                SVC_Handler
 .text.PendSV_Handler
                0x08001ade        0xa ./Core/Src/stm32f0xx_it.o
                0x08001ade                PendSV_Handler
 .text.SysTick_Handler
                0x08001ae8        0xe ./Core/Src/stm32f0xx_it.o
                0x08001ae8                SysTick_Handler
 .text.SystemInit
                0x08001af6        0xa ./Core/Src/system_stm32f0xx.o
                0x08001af6                SystemInit
 .text.Reset_Handler
                0x08001b00       0x50 ./Core/Startup/startup_stm32f030cctx.o
                0x08001b00                Reset_Handler
 .text.Default_Handler
                0x08001b50        0x2 ./Core/Startup/startup_stm32f030cctx.o
                0x08001b50                TIM1_CC_IRQHandler
                0x08001b50                TIM6_IRQHandler
                0x08001b50                I2C1_IRQHandler
                0x08001b50                SPI1_IRQHandler
                0x08001b50                EXTI2_3_IRQHandler
                0x08001b50                ADC1_IRQHandler
                0x08001b50                I2C2_IRQHandler
                0x08001b50                USART3_6_IRQHandler
                0x08001b50                TIM17_IRQHandler
                0x08001b50                RTC_IRQHandler
                0x08001b50                TIM16_IRQHandler
                0x08001b50                TIM3_IRQHandler
                0x08001b50                EXTI4_15_IRQHandler
                0x08001b50                RCC_IRQHandler
                0x08001b50                DMA1_Channel1_IRQHandler
                0x08001b50                Default_Handler
                0x08001b50                TIM14_IRQHandler
                0x08001b50                DMA1_Channel4_5_IRQHandler
                0x08001b50                TIM7_IRQHandler
                0x08001b50                TIM15_IRQHandler
                0x08001b50                EXTI0_1_IRQHandler
                0x08001b50                SPI2_IRQHandler
                0x08001b50                WWDG_IRQHandler
                0x08001b50                DMA1_Channel2_3_IRQHandler
                0x08001b50                USART2_IRQHandler
                0x08001b50                FLASH_IRQHandler
                0x08001b50                USART1_IRQHandler
                0x08001b50                TIM1_BRK_UP_TRG_COM_IRQHandler
 *fill*         0x08001b52        0x2 
 .text.HAL_Init
                0x08001b54       0x28 ./Drivers/STM32F0xx_HAL_Driver/Src/stm32f0xx_hal.o
                0x08001b54                HAL_Init
 .text.HAL_InitTick
                0x08001b7c       0x68 ./Drivers/STM32F0xx_HAL_Driver/Src/stm32f0xx_hal.o
                0x08001b7c                HAL_InitTick
 .text.HAL_IncTick
                0x08001be4       0x24 ./Drivers/STM32F0xx_HAL_Driver/Src/stm32f0xx_hal.o
                0x08001be4                HAL_IncTick
 .text.HAL_GetTick
                0x08001c08       0x14 ./Drivers/STM32F0xx_HAL_Driver/Src/stm32f0xx_hal.o
                0x08001c08                HAL_GetTick
 .text.HAL_Delay
                0x08001c1c       0x48 ./Drivers/STM32F0xx_HAL_Driver/Src/stm32f0xx_hal.o
                0x08001c1c                HAL_Delay
 .text.__NVIC_SetPriority
                0x08001c64       0xdc ./Drivers/STM32F0xx_HAL_Driver/Src/stm32f0xx_hal_cortex.o
 .text.SysTick_Config
                0x08001d40       0x48 ./Drivers/STM32F0xx_HAL_Driver/Src/stm32f0xx_hal_cortex.o
 .text.HAL_NVIC_SetPriority
                0x08001d88       0x2a ./Drivers/STM32F0xx_HAL_Driver/Src/stm32f0xx_hal_cortex.o
                0x08001d88                HAL_NVIC_SetPriority
 .text.HAL_SYSTICK_Config
                0x08001db2       0x1a ./Drivers/STM32F0xx_HAL_Driver/Src/stm32f0xx_hal_cortex.o
                0x08001db2                HAL_SYSTICK_Config
 .text.HAL_GPIO_Init
                0x08001dcc      0x2e0 ./Drivers/STM32F0xx_HAL_Driver/Src/stm32f0xx_hal_gpio.o
                0x08001dcc                HAL_GPIO_Init
 .text.HAL_GPIO_ReadPin
                0x080020ac       0x3a ./Drivers/STM32F0xx_HAL_Driver/Src/stm32f0xx_hal_gpio.o
                0x080020ac                HAL_GPIO_ReadPin
 .text.HAL_GPIO_WritePin
                0x080020e6       0x3a ./Drivers/STM32F0xx_HAL_Driver/Src/stm32f0xx_hal_gpio.o
                0x080020e6                HAL_GPIO_WritePin
 .text.HAL_I2C_Init
                0x08002120      0x14c ./Drivers/STM32F0xx_HAL_Driver/Src/stm32f0xx_hal_i2c.o
                0x08002120                HAL_I2C_Init
 .text.HAL_I2CEx_ConfigAnalogFilter
                0x0800226c       0x98 ./Drivers/STM32F0xx_HAL_Driver/Src/stm32f0xx_hal_i2c_ex.o
                0x0800226c                HAL_I2CEx_ConfigAnalogFilter
 .text.HAL_I2CEx_ConfigDigitalFilter
                0x08002304       0x98 ./Drivers/STM32F0xx_HAL_Driver/Src/stm32f0xx_hal_i2c_ex.o
                0x08002304                HAL_I2CEx_ConfigDigitalFilter
 .text.HAL_RCC_OscConfig
                0x0800239c      0x63c ./Drivers/STM32F0xx_HAL_Driver/Src/stm32f0xx_hal_rcc.o
                0x0800239c                HAL_RCC_OscConfig
 .text.HAL_RCC_ClockConfig
                0x080029d8      0x19c ./Drivers/STM32F0xx_HAL_Driver/Src/stm32f0xx_hal_rcc.o
                0x080029d8                HAL_RCC_ClockConfig
 .text.HAL_RCC_GetSysClockFreq
                0x08002b74       0xb0 ./Drivers/STM32F0xx_HAL_Driver/Src/stm32f0xx_hal_rcc.o
                0x08002b74                HAL_RCC_GetSysClockFreq
 .text.HAL_RCC_GetHCLKFreq
                0x08002c24       0x14 ./Drivers/STM32F0xx_HAL_Driver/Src/stm32f0xx_hal_rcc.o
                0x08002c24                HAL_RCC_GetHCLKFreq
 .text.HAL_RCC_GetPCLK1Freq
                0x08002c38       0x2c ./Drivers/STM32F0xx_HAL_Driver/Src/stm32f0xx_hal_rcc.o
                0x08002c38                HAL_RCC_GetPCLK1Freq
 .text.HAL_RCCEx_PeriphCLKConfig
                0x08002c64      0x19c ./Drivers/STM32F0xx_HAL_Driver/Src/stm32f0xx_hal_rcc_ex.o
                0x08002c64                HAL_RCCEx_PeriphCLKConfig
 .text.HAL_SPI_Init
                0x08002e00      0x170 ./Drivers/STM32F0xx_HAL_Driver/Src/stm32f0xx_hal_spi.o
                0x08002e00                HAL_SPI_Init
 .text.HAL_SPI_Transmit
                0x08002f70      0x2be ./Drivers/STM32F0xx_HAL_Driver/Src/stm32f0xx_hal_spi.o
                0x08002f70                HAL_SPI_Transmit
 *fill*         0x0800322e        0x2 
 .text.SPI_WaitFlagStateUntilTimeout
                0x08003230      0x11c ./Drivers/STM32F0xx_HAL_Driver/Src/stm32f0xx_hal_spi.o
 .text.SPI_WaitFifoStateUntilTimeout
                0x0800334c      0x144 ./Drivers/STM32F0xx_HAL_Driver/Src/stm32f0xx_hal_spi.o
 .text.SPI_EndRxTxTransaction
                0x08003490       0x8c ./Drivers/STM32F0xx_HAL_Driver/Src/stm32f0xx_hal_spi.o
 .text.HAL_UART_Init
                0x0800351c       0xa8 ./Drivers/STM32F0xx_HAL_Driver/Src/stm32f0xx_hal_uart.o
                0x0800351c                HAL_UART_Init
 .text.UART_SetConfig
                0x080035c4      0x2e0 ./Drivers/STM32F0xx_HAL_Driver/Src/stm32f0xx_hal_uart.o
                0x080035c4                UART_SetConfig
 .text.UART_AdvFeatureConfig
                0x080038a4      0x168 ./Drivers/STM32F0xx_HAL_Driver/Src/stm32f0xx_hal_uart.o
                0x080038a4                UART_AdvFeatureConfig
 .text.UART_CheckIdleState
                0x08003a0c      0x150 ./Drivers/STM32F0xx_HAL_Driver/Src/stm32f0xx_hal_uart.o
                0x08003a0c                UART_CheckIdleState
 .text.UART_WaitOnFlagUntilTimeout
                0x08003b5c       0xde ./Drivers/STM32F0xx_HAL_Driver/Src/stm32f0xx_hal_uart.o
                0x08003b5c                UART_WaitOnFlagUntilTimeout
 *fill*         0x08003c3a        0x2 
 .text.UART_EndRxTransfer
                0x08003c3c       0xc8 ./Drivers/STM32F0xx_HAL_Driver/Src/stm32f0xx_hal_uart.o
 .text.memset   0x08003d04       0x10 C:/ST/STM32CubeIDE_1.18.1/STM32CubeIDE/plugins/com.st.stm32cube.ide.mcu.externaltools.gnu-tools-for-stm32.13.3.rel1.win32_1.0.0.202411081344/tools/bin/../lib/gcc/arm-none-eabi/13.3.1/../../../../arm-none-eabi/lib/thumb/v6-m/nofp\libc_nano.a(libc_a-memset.o)
                0x08003d04                memset
 .text.__libc_init_array
                0x08003d14       0x48 C:/ST/STM32CubeIDE_1.18.1/STM32CubeIDE/plugins/com.st.stm32cube.ide.mcu.externaltools.gnu-tools-for-stm32.13.3.rel1.win32_1.0.0.202411081344/tools/bin/../lib/gcc/arm-none-eabi/13.3.1/../../../../arm-none-eabi/lib/thumb/v6-m/nofp\libc_nano.a(libc_a-init.o)
                0x08003d14                __libc_init_array
 *(.glue_7)
 .glue_7        0x08003d5c        0x0 linker stubs
 *(.glue_7t)
 .glue_7t       0x08003d5c        0x0 linker stubs
 *(.eh_frame)
 .eh_frame      0x08003d5c        0x0 C:/ST/STM32CubeIDE_1.18.1/STM32CubeIDE/plugins/com.st.stm32cube.ide.mcu.externaltools.gnu-tools-for-stm32.13.3.rel1.win32_1.0.0.202411081344/tools/bin/../lib/gcc/arm-none-eabi/13.3.1/thumb/v6-m/nofp/crtbegin.o
 *(.init)
 .init          0x08003d5c        0x4 C:/ST/STM32CubeIDE_1.18.1/STM32CubeIDE/plugins/com.st.stm32cube.ide.mcu.externaltools.gnu-tools-for-stm32.13.3.rel1.win32_1.0.0.202411081344/tools/bin/../lib/gcc/arm-none-eabi/13.3.1/thumb/v6-m/nofp/crti.o
                0x08003d5c                _init
 .init          0x08003d60        0x8 C:/ST/STM32CubeIDE_1.18.1/STM32CubeIDE/plugins/com.st.stm32cube.ide.mcu.externaltools.gnu-tools-for-stm32.13.3.rel1.win32_1.0.0.202411081344/tools/bin/../lib/gcc/arm-none-eabi/13.3.1/thumb/v6-m/nofp/crtn.o
 *(.fini)
 .fini          0x08003d68        0x4 C:/ST/STM32CubeIDE_1.18.1/STM32CubeIDE/plugins/com.st.stm32cube.ide.mcu.externaltools.gnu-tools-for-stm32.13.3.rel1.win32_1.0.0.202411081344/tools/bin/../lib/gcc/arm-none-eabi/13.3.1/thumb/v6-m/nofp/crti.o
                0x08003d68                _fini
 .fini          0x08003d6c        0x8 C:/ST/STM32CubeIDE_1.18.1/STM32CubeIDE/plugins/com.st.stm32cube.ide.mcu.externaltools.gnu-tools-for-stm32.13.3.rel1.win32_1.0.0.202411081344/tools/bin/../lib/gcc/arm-none-eabi/13.3.1/thumb/v6-m/nofp/crtn.o
                0x08003d74                        . = ALIGN (0x4)
                0x08003d74                        _etext = .

.vfp11_veneer   0x08003d74        0x0
 .vfp11_veneer  0x08003d74        0x0 linker stubs

.v4_bx          0x08003d74        0x0
 .v4_bx         0x08003d74        0x0 linker stubs

.iplt           0x08003d74        0x0
 .iplt          0x08003d74        0x0 C:/ST/STM32CubeIDE_1.18.1/STM32CubeIDE/plugins/com.st.stm32cube.ide.mcu.externaltools.gnu-tools-for-stm32.13.3.rel1.win32_1.0.0.202411081344/tools/bin/../lib/gcc/arm-none-eabi/13.3.1/thumb/v6-m/nofp/crtbegin.o

.rodata         0x08003d74     0x1668
                0x08003d74                        . = ALIGN (0x4)
 *(.rodata)
 .rodata        0x08003d74       0x4c ./Core/Src/menu.o
 *(.rodata*)
 .rodata.init_cmds1
                0x08003dc0       0x38 ./Core/Src/ST7735.o
                0x08003dc0                init_cmds1
 .rodata.init_cmds3
                0x08003df8       0x2b ./Core/Src/ST7735.o
                0x08003df8                init_cmds3
 *fill*         0x08003e23        0x1 
 .rodata.Font7x10
                0x08003e24      0x76c ./Core/Src/fonts.o
 .rodata.Font11x18
                0x08004590      0xd5c ./Core/Src/fonts.o
 .rodata.image_open_bulb
                0x080052ec       0x48 ./Core/Src/icons.o
                0x080052ec                image_open_bulb
 .rodata.lightbulb_open
                0x08005334        0xc ./Core/Src/icons.o
                0x08005334                lightbulb_open
 .rodata.image_closed_bulb
                0x08005340       0x48 ./Core/Src/icons.o
                0x08005340                image_closed_bulb
 .rodata.lightbulb_closed
                0x08005388        0xc ./Core/Src/icons.o
                0x08005388                lightbulb_closed
 .rodata.themeColors
                0x08005394        0xe ./Core/Src/menu.o
                0x08005394                themeColors
 *fill*         0x080053a2        0x2 
 .rodata.AHBPrescTable
                0x080053a4       0x10 ./Core/Src/system_stm32f0xx.o
                0x080053a4                AHBPrescTable
 .rodata.APBPrescTable
                0x080053b4        0x8 ./Core/Src/system_stm32f0xx.o
                0x080053b4                APBPrescTable
 .rodata.aPLLMULFactorTable.1
                0x080053bc       0x10 ./Drivers/STM32F0xx_HAL_Driver/Src/stm32f0xx_hal_rcc.o
 .rodata.aPredivFactorTable.0
                0x080053cc       0x10 ./Drivers/STM32F0xx_HAL_Driver/Src/stm32f0xx_hal_rcc.o
                0x080053dc                        . = ALIGN (0x4)

.ARM.extab      0x080053dc        0x0
                0x080053dc                        . = ALIGN (0x4)
 *(.ARM.extab* .gnu.linkonce.armextab.*)
                0x080053dc                        . = ALIGN (0x4)

.ARM            0x080053dc        0x0
                0x080053dc                        . = ALIGN (0x4)
                0x080053dc                        __exidx_start = .
 *(.ARM.exidx*)
                0x080053dc                        __exidx_end = .
                0x080053dc                        . = ALIGN (0x4)

.preinit_array  0x080053dc        0x0
                0x080053dc                        . = ALIGN (0x4)
                0x080053dc                        PROVIDE (__preinit_array_start = .)
 *(.preinit_array*)
                0x080053dc                        PROVIDE (__preinit_array_end = .)
                0x080053dc                        . = ALIGN (0x4)

.init_array     0x080053dc        0x4
                0x080053dc                        . = ALIGN (0x4)
                0x080053dc                        PROVIDE (__init_array_start = .)
 *(SORT_BY_NAME(.init_array.*))
 *(.init_array*)
 .init_array    0x080053dc        0x4 C:/ST/STM32CubeIDE_1.18.1/STM32CubeIDE/plugins/com.st.stm32cube.ide.mcu.externaltools.gnu-tools-for-stm32.13.3.rel1.win32_1.0.0.202411081344/tools/bin/../lib/gcc/arm-none-eabi/13.3.1/thumb/v6-m/nofp/crtbegin.o
                0x080053e0                        PROVIDE (__init_array_end = .)
                0x080053e0                        . = ALIGN (0x4)

.fini_array     0x080053e0        0x4
                0x080053e0                        . = ALIGN (0x4)
                [!provide]                        PROVIDE (__fini_array_start = .)
 *(SORT_BY_NAME(.fini_array.*))
 *(.fini_array*)
 .fini_array    0x080053e0        0x4 C:/ST/STM32CubeIDE_1.18.1/STM32CubeIDE/plugins/com.st.stm32cube.ide.mcu.externaltools.gnu-tools-for-stm32.13.3.rel1.win32_1.0.0.202411081344/tools/bin/../lib/gcc/arm-none-eabi/13.3.1/thumb/v6-m/nofp/crtbegin.o
                [!provide]                        PROVIDE (__fini_array_end = .)
                0x080053e4                        . = ALIGN (0x4)
                0x080053e4                        _sidata = LOADADDR (.data)

.rel.dyn        0x080053e4        0x0
 .rel.iplt      0x080053e4        0x0 C:/ST/STM32CubeIDE_1.18.1/STM32CubeIDE/plugins/com.st.stm32cube.ide.mcu.externaltools.gnu-tools-for-stm32.13.3.rel1.win32_1.0.0.202411081344/tools/bin/../lib/gcc/arm-none-eabi/13.3.1/thumb/v6-m/nofp/crtbegin.o

.data           0x20000000       0x90 load address 0x080053e4
                0x20000000                        . = ALIGN (0x4)
                0x20000000                        _sdata = .
 *(.data)
 *(.data*)
 .data.Font_7x10
                0x20000000        0x8 ./Core/Src/fonts.o
                0x20000000                Font_7x10
 .data.Font_11x18
                0x20000008        0x8 ./Core/Src/fonts.o
                0x20000008                Font_11x18
 .data.debounceDelay
                0x20000010        0x4 ./Core/Src/menu.o
                0x20000010                debounceDelay
 .data.menu_items
                0x20000014       0x70 ./Core/Src/menu.o
                0x20000014                menu_items
 .data.SystemCoreClock
                0x20000084        0x4 ./Core/Src/system_stm32f0xx.o
                0x20000084                SystemCoreClock
 .data.uwTickPrio
                0x20000088        0x4 ./Drivers/STM32F0xx_HAL_Driver/Src/stm32f0xx_hal.o
                0x20000088                uwTickPrio
 .data.uwTickFreq
                0x2000008c        0x1 ./Drivers/STM32F0xx_HAL_Driver/Src/stm32f0xx_hal.o
                0x2000008c                uwTickFreq
 *(.RamFunc)
 *(.RamFunc*)
                0x20000090                        . = ALIGN (0x4)
 *fill*         0x2000008d        0x3 
                0x20000090                        _edata = .

.igot.plt       0x20000090        0x0 load address 0x08005474
 .igot.plt      0x20000090        0x0 C:/ST/STM32CubeIDE_1.18.1/STM32CubeIDE/plugins/com.st.stm32cube.ide.mcu.externaltools.gnu-tools-for-stm32.13.3.rel1.win32_1.0.0.202411081344/tools/bin/../lib/gcc/arm-none-eabi/13.3.1/thumb/v6-m/nofp/crtbegin.o
                0x20000090                        . = ALIGN (0x4)

.bss            0x20000090      0x180 load address 0x08005474
                0x20000090                        _sbss = .
                0x20000090                        __bss_start__ = _sbss
 *(.bss)
 .bss           0x20000090       0x1c C:/ST/STM32CubeIDE_1.18.1/STM32CubeIDE/plugins/com.st.stm32cube.ide.mcu.externaltools.gnu-tools-for-stm32.13.3.rel1.win32_1.0.0.202411081344/tools/bin/../lib/gcc/arm-none-eabi/13.3.1/thumb/v6-m/nofp/crtbegin.o
 *(.bss*)
 .bss._width    0x200000ac        0x2 ./Core/Src/ST7735.o
                0x200000ac                _width
 .bss._height   0x200000ae        0x2 ./Core/Src/ST7735.o
                0x200000ae                _height
 .bss.rotation  0x200000b0        0x1 ./Core/Src/ST7735.o
                0x200000b0                rotation
 .bss._colstart
                0x200000b1        0x1 ./Core/Src/ST7735.o
                0x200000b1                _colstart
 .bss._rowstart
                0x200000b2        0x1 ./Core/Src/ST7735.o
                0x200000b2                _rowstart
 .bss._xstart   0x200000b3        0x1 ./Core/Src/ST7735.o
                0x200000b3                _xstart
 .bss._ystart   0x200000b4        0x1 ./Core/Src/ST7735.o
                0x200000b4                _ystart
 *fill*         0x200000b5        0x3 
 .bss.hi2c1     0x200000b8       0x54 ./Core/Src/main.o
                0x200000b8                hi2c1
 .bss.hspi1     0x2000010c       0x64 ./Core/Src/main.o
                0x2000010c                hspi1
 .bss.huart1    0x20000170       0x88 ./Core/Src/main.o
                0x20000170                huart1
 .bss.currentPage
                0x200001f8        0x1 ./Core/Src/menu.o
                0x200001f8                currentPage
 *fill*         0x200001f9        0x3 
 .bss.lastButtonPressTime
                0x200001fc        0x4 ./Core/Src/menu.o
                0x200001fc                lastButtonPressTime
 .bss.startupDone
                0x20000200        0x1 ./Core/Src/menu.o
                0x20000200                startupDone
 *fill*         0x20000201        0x3 
 .bss.startupTime
                0x20000204        0x4 ./Core/Src/menu.o
                0x20000204                startupTime
 .bss.currentTheme
                0x20000208        0x1 ./Core/Src/menu.o
                0x20000208                currentTheme
 *fill*         0x20000209        0x3 
 .bss.uwTick    0x2000020c        0x4 ./Drivers/STM32F0xx_HAL_Driver/Src/stm32f0xx_hal.o
                0x2000020c                uwTick
 *(COMMON)
                0x20000210                        . = ALIGN (0x4)
                0x20000210                        _ebss = .
                0x20000210                        __bss_end__ = _ebss

._user_heap_stack
                0x20000210      0x600 load address 0x08005474
                0x20000210                        . = ALIGN (0x8)
                [!provide]                        PROVIDE (end = .)
                0x20000210                        PROVIDE (_end = .)
                0x20000410                        . = (. + _Min_Heap_Size)
 *fill*         0x20000210      0x200 
                0x20000810                        . = (. + _Min_Stack_Size)
 *fill*         0x20000410      0x400 
                0x20000810                        . = ALIGN (0x8)

/DISCARD/
 libc.a(*)
 libm.a(*)
 libgcc.a(*)

.ARM.attributes
                0x00000000       0x28
 *(.ARM.attributes)
 .ARM.attributes
                0x00000000       0x1e C:/ST/STM32CubeIDE_1.18.1/STM32CubeIDE/plugins/com.st.stm32cube.ide.mcu.externaltools.gnu-tools-for-stm32.13.3.rel1.win32_1.0.0.202411081344/tools/bin/../lib/gcc/arm-none-eabi/13.3.1/thumb/v6-m/nofp/crti.o
 .ARM.attributes
                0x0000001e       0x2c C:/ST/STM32CubeIDE_1.18.1/STM32CubeIDE/plugins/com.st.stm32cube.ide.mcu.externaltools.gnu-tools-for-stm32.13.3.rel1.win32_1.0.0.202411081344/tools/bin/../lib/gcc/arm-none-eabi/13.3.1/thumb/v6-m/nofp/crtbegin.o
 .ARM.attributes
                0x0000004a       0x2c ./Core/Src/GFX_FUNCTIONS.o
 .ARM.attributes
                0x00000076       0x2c ./Core/Src/ST7735.o
 .ARM.attributes
                0x000000a2       0x2c ./Core/Src/fonts.o
 .ARM.attributes
                0x000000ce       0x2c ./Core/Src/icons.o
 .ARM.attributes
                0x000000fa       0x2c ./Core/Src/main.o
 .ARM.attributes
                0x00000126       0x2c ./Core/Src/menu.o
 .ARM.attributes
                0x00000152       0x2c ./Core/Src/stm32f0xx_hal_msp.o
 .ARM.attributes
                0x0000017e       0x2c ./Core/Src/stm32f0xx_it.o
 .ARM.attributes
                0x000001aa       0x2c ./Core/Src/system_stm32f0xx.o
 .ARM.attributes
                0x000001d6       0x21 ./Core/Startup/startup_stm32f030cctx.o
 .ARM.attributes
                0x000001f7       0x2c ./Drivers/STM32F0xx_HAL_Driver/Src/stm32f0xx_hal.o
 .ARM.attributes
                0x00000223       0x2c ./Drivers/STM32F0xx_HAL_Driver/Src/stm32f0xx_hal_cortex.o
 .ARM.attributes
                0x0000024f       0x2c ./Drivers/STM32F0xx_HAL_Driver/Src/stm32f0xx_hal_gpio.o
 .ARM.attributes
                0x0000027b       0x2c ./Drivers/STM32F0xx_HAL_Driver/Src/stm32f0xx_hal_i2c.o
 .ARM.attributes
                0x000002a7       0x2c ./Drivers/STM32F0xx_HAL_Driver/Src/stm32f0xx_hal_i2c_ex.o
 .ARM.attributes
                0x000002d3       0x2c ./Drivers/STM32F0xx_HAL_Driver/Src/stm32f0xx_hal_rcc.o
 .ARM.attributes
                0x000002ff       0x2c ./Drivers/STM32F0xx_HAL_Driver/Src/stm32f0xx_hal_rcc_ex.o
 .ARM.attributes
                0x0000032b       0x2c ./Drivers/STM32F0xx_HAL_Driver/Src/stm32f0xx_hal_spi.o
 .ARM.attributes
                0x00000357       0x2c ./Drivers/STM32F0xx_HAL_Driver/Src/stm32f0xx_hal_uart.o
 .ARM.attributes
                0x00000383       0x2c C:/ST/STM32CubeIDE_1.18.1/STM32CubeIDE/plugins/com.st.stm32cube.ide.mcu.externaltools.gnu-tools-for-stm32.13.3.rel1.win32_1.0.0.202411081344/tools/bin/../lib/gcc/arm-none-eabi/13.3.1/../../../../arm-none-eabi/lib/thumb/v6-m/nofp\libc_nano.a(libc_a-memset.o)
 .ARM.attributes
                0x000003af       0x2c C:/ST/STM32CubeIDE_1.18.1/STM32CubeIDE/plugins/com.st.stm32cube.ide.mcu.externaltools.gnu-tools-for-stm32.13.3.rel1.win32_1.0.0.202411081344/tools/bin/../lib/gcc/arm-none-eabi/13.3.1/../../../../arm-none-eabi/lib/thumb/v6-m/nofp\libc_nano.a(libc_a-init.o)
 .ARM.attributes
                0x000003db       0x1c C:/ST/STM32CubeIDE_1.18.1/STM32CubeIDE/plugins/com.st.stm32cube.ide.mcu.externaltools.gnu-tools-for-stm32.13.3.rel1.win32_1.0.0.202411081344/tools/bin/../lib/gcc/arm-none-eabi/13.3.1/../../../../arm-none-eabi/lib/thumb/v6-m/nofp\libc_nano.a(libc_a-strlen.o)
 .ARM.attributes
                0x000003f7       0x1e C:/ST/STM32CubeIDE_1.18.1/STM32CubeIDE/plugins/com.st.stm32cube.ide.mcu.externaltools.gnu-tools-for-stm32.13.3.rel1.win32_1.0.0.202411081344/tools/bin/../lib/gcc/arm-none-eabi/13.3.1/thumb/v6-m/nofp\libgcc.a(_udivsi3.o)
 .ARM.attributes
                0x00000415       0x1e C:/ST/STM32CubeIDE_1.18.1/STM32CubeIDE/plugins/com.st.stm32cube.ide.mcu.externaltools.gnu-tools-for-stm32.13.3.rel1.win32_1.0.0.202411081344/tools/bin/../lib/gcc/arm-none-eabi/13.3.1/thumb/v6-m/nofp\libgcc.a(_divsi3.o)
 .ARM.attributes
                0x00000433       0x1e C:/ST/STM32CubeIDE_1.18.1/STM32CubeIDE/plugins/com.st.stm32cube.ide.mcu.externaltools.gnu-tools-for-stm32.13.3.rel1.win32_1.0.0.202411081344/tools/bin/../lib/gcc/arm-none-eabi/13.3.1/thumb/v6-m/nofp\libgcc.a(_dvmd_tls.o)
 .ARM.attributes
                0x00000451       0x1e C:/ST/STM32CubeIDE_1.18.1/STM32CubeIDE/plugins/com.st.stm32cube.ide.mcu.externaltools.gnu-tools-for-stm32.13.3.rel1.win32_1.0.0.202411081344/tools/bin/../lib/gcc/arm-none-eabi/13.3.1/thumb/v6-m/nofp/crtn.o
OUTPUT(ekran_dokunmatik.elf elf32-littlearm)
LOAD linker stubs
LOAD C:/ST/STM32CubeIDE_1.18.1/STM32CubeIDE/plugins/com.st.stm32cube.ide.mcu.externaltools.gnu-tools-for-stm32.13.3.rel1.win32_1.0.0.202411081344/tools/bin/../lib/gcc/arm-none-eabi/13.3.1/../../../../arm-none-eabi/lib/thumb/v6-m/nofp\libc.a
LOAD C:/ST/STM32CubeIDE_1.18.1/STM32CubeIDE/plugins/com.st.stm32cube.ide.mcu.externaltools.gnu-tools-for-stm32.13.3.rel1.win32_1.0.0.202411081344/tools/bin/../lib/gcc/arm-none-eabi/13.3.1/../../../../arm-none-eabi/lib/thumb/v6-m/nofp\libm.a
LOAD C:/ST/STM32CubeIDE_1.18.1/STM32CubeIDE/plugins/com.st.stm32cube.ide.mcu.externaltools.gnu-tools-for-stm32.13.3.rel1.win32_1.0.0.202411081344/tools/bin/../lib/gcc/arm-none-eabi/13.3.1/thumb/v6-m/nofp\libgcc.a

.debug_info     0x00000000     0xe515
 .debug_info    0x00000000      0xe41 ./Core/Src/GFX_FUNCTIONS.o
 .debug_info    0x00000e41      0xdcf ./Core/Src/ST7735.o
 .debug_info    0x00001c10      0x19a ./Core/Src/fonts.o
 .debug_info    0x00001daa      0x150 ./Core/Src/icons.o
 .debug_info    0x00001efa     0x13fc ./Core/Src/main.o
 .debug_info    0x000032f6      0x709 ./Core/Src/menu.o
 .debug_info    0x000039ff      0xfbb ./Core/Src/stm32f0xx_hal_msp.o
 .debug_info    0x000049ba       0xd3 ./Core/Src/stm32f0xx_it.o
 .debug_info    0x00004a8d      0x242 ./Core/Src/system_stm32f0xx.o
 .debug_info    0x00004ccf       0x30 ./Core/Startup/startup_stm32f030cctx.o
 .debug_info    0x00004cff      0x67c ./Drivers/STM32F0xx_HAL_Driver/Src/stm32f0xx_hal.o
 .debug_info    0x0000537b      0x6a7 ./Drivers/STM32F0xx_HAL_Driver/Src/stm32f0xx_hal_cortex.o
 .debug_info    0x00005a22      0x5bf ./Drivers/STM32F0xx_HAL_Driver/Src/stm32f0xx_hal_gpio.o
 .debug_info    0x00005fe1     0x20f7 ./Drivers/STM32F0xx_HAL_Driver/Src/stm32f0xx_hal_i2c.o
 .debug_info    0x000080d8      0x806 ./Drivers/STM32F0xx_HAL_Driver/Src/stm32f0xx_hal_i2c_ex.o
 .debug_info    0x000088de      0x844 ./Drivers/STM32F0xx_HAL_Driver/Src/stm32f0xx_hal_rcc.o
 .debug_info    0x00009122      0x35d ./Drivers/STM32F0xx_HAL_Driver/Src/stm32f0xx_hal_rcc_ex.o
 .debug_info    0x0000947f     0x1642 ./Drivers/STM32F0xx_HAL_Driver/Src/stm32f0xx_hal_spi.o
 .debug_info    0x0000aac1     0x3a54 ./Drivers/STM32F0xx_HAL_Driver/Src/stm32f0xx_hal_uart.o

.debug_abbrev   0x00000000     0x2211
 .debug_abbrev  0x00000000      0x1b0 ./Core/Src/GFX_FUNCTIONS.o
 .debug_abbrev  0x000001b0      0x26b ./Core/Src/ST7735.o
 .debug_abbrev  0x0000041b       0xb3 ./Core/Src/fonts.o
 .debug_abbrev  0x000004ce       0xb5 ./Core/Src/icons.o
 .debug_abbrev  0x00000583      0x2da ./Core/Src/main.o
 .debug_abbrev  0x0000085d      0x1da ./Core/Src/menu.o
 .debug_abbrev  0x00000a37      0x1e1 ./Core/Src/stm32f0xx_hal_msp.o
 .debug_abbrev  0x00000c18       0x73 ./Core/Src/stm32f0xx_it.o
 .debug_abbrev  0x00000c8b      0x11c ./Core/Src/system_stm32f0xx.o
 .debug_abbrev  0x00000da7       0x24 ./Core/Startup/startup_stm32f030cctx.o
 .debug_abbrev  0x00000dcb      0x24b ./Drivers/STM32F0xx_HAL_Driver/Src/stm32f0xx_hal.o
 .debug_abbrev  0x00001016      0x28c ./Drivers/STM32F0xx_HAL_Driver/Src/stm32f0xx_hal_cortex.o
 .debug_abbrev  0x000012a2      0x1ca ./Drivers/STM32F0xx_HAL_Driver/Src/stm32f0xx_hal_gpio.o
 .debug_abbrev  0x0000146c      0x282 ./Drivers/STM32F0xx_HAL_Driver/Src/stm32f0xx_hal_i2c.o
 .debug_abbrev  0x000016ee      0x1d4 ./Drivers/STM32F0xx_HAL_Driver/Src/stm32f0xx_hal_i2c_ex.o
 .debug_abbrev  0x000018c2      0x28b ./Drivers/STM32F0xx_HAL_Driver/Src/stm32f0xx_hal_rcc.o
 .debug_abbrev  0x00001b4d      0x16f ./Drivers/STM32F0xx_HAL_Driver/Src/stm32f0xx_hal_rcc_ex.o
 .debug_abbrev  0x00001cbc      0x277 ./Drivers/STM32F0xx_HAL_Driver/Src/stm32f0xx_hal_spi.o
 .debug_abbrev  0x00001f33      0x2de ./Drivers/STM32F0xx_HAL_Driver/Src/stm32f0xx_hal_uart.o

.debug_aranges  0x00000000      0xc98
 .debug_aranges
                0x00000000      0x100 ./Core/Src/GFX_FUNCTIONS.o
 .debug_aranges
                0x00000100       0x98 ./Core/Src/ST7735.o
 .debug_aranges
                0x00000198       0x18 ./Core/Src/fonts.o
 .debug_aranges
                0x000001b0       0x18 ./Core/Src/icons.o
 .debug_aranges
                0x000001c8       0x50 ./Core/Src/main.o
 .debug_aranges
                0x00000218       0x40 ./Core/Src/menu.o
 .debug_aranges
                0x00000258       0x50 ./Core/Src/stm32f0xx_hal_msp.o
 .debug_aranges
                0x000002a8       0x40 ./Core/Src/stm32f0xx_it.o
 .debug_aranges
                0x000002e8       0x28 ./Core/Src/system_stm32f0xx.o
 .debug_aranges
                0x00000310       0x28 ./Core/Startup/startup_stm32f030cctx.o
 .debug_aranges
                0x00000338       0xd0 ./Drivers/STM32F0xx_HAL_Driver/Src/stm32f0xx_hal.o
 .debug_aranges
                0x00000408       0xc0 ./Drivers/STM32F0xx_HAL_Driver/Src/stm32f0xx_hal_cortex.o
 .debug_aranges
                0x000004c8       0x58 ./Drivers/STM32F0xx_HAL_Driver/Src/stm32f0xx_hal_gpio.o
 .debug_aranges
                0x00000520      0x2a0 ./Drivers/STM32F0xx_HAL_Driver/Src/stm32f0xx_hal_i2c.o
 .debug_aranges
                0x000007c0       0x38 ./Drivers/STM32F0xx_HAL_Driver/Src/stm32f0xx_hal_i2c_ex.o
 .debug_aranges
                0x000007f8       0x80 ./Drivers/STM32F0xx_HAL_Driver/Src/stm32f0xx_hal_rcc.o
 .debug_aranges
                0x00000878       0x30 ./Drivers/STM32F0xx_HAL_Driver/Src/stm32f0xx_hal_rcc_ex.o
 .debug_aranges
                0x000008a8      0x1d8 ./Drivers/STM32F0xx_HAL_Driver/Src/stm32f0xx_hal_spi.o
 .debug_aranges
                0x00000a80      0x218 ./Drivers/STM32F0xx_HAL_Driver/Src/stm32f0xx_hal_uart.o

.debug_rnglists
                0x00000000      0x9c3
 .debug_rnglists
                0x00000000       0xcf ./Core/Src/GFX_FUNCTIONS.o
 .debug_rnglists
                0x000000cf       0x76 ./Core/Src/ST7735.o
 .debug_rnglists
                0x00000145       0x3b ./Core/Src/main.o
 .debug_rnglists
                0x00000180       0x2f ./Core/Src/menu.o
 .debug_rnglists
                0x000001af       0x3a ./Core/Src/stm32f0xx_hal_msp.o
 .debug_rnglists
                0x000001e9       0x2b ./Core/Src/stm32f0xx_it.o
 .debug_rnglists
                0x00000214       0x1a ./Core/Src/system_stm32f0xx.o
 .debug_rnglists
                0x0000022e       0x19 ./Core/Startup/startup_stm32f030cctx.o
 .debug_rnglists
                0x00000247       0x97 ./Drivers/STM32F0xx_HAL_Driver/Src/stm32f0xx_hal.o
 .debug_rnglists
                0x000002de       0x8c ./Drivers/STM32F0xx_HAL_Driver/Src/stm32f0xx_hal_cortex.o
 .debug_rnglists
                0x0000036a       0x3f ./Drivers/STM32F0xx_HAL_Driver/Src/stm32f0xx_hal_gpio.o
 .debug_rnglists
                0x000003a9      0x229 ./Drivers/STM32F0xx_HAL_Driver/Src/stm32f0xx_hal_i2c.o
 .debug_rnglists
                0x000005d2       0x27 ./Drivers/STM32F0xx_HAL_Driver/Src/stm32f0xx_hal_i2c_ex.o
 .debug_rnglists
                0x000005f9       0x61 ./Drivers/STM32F0xx_HAL_Driver/Src/stm32f0xx_hal_rcc.o
 .debug_rnglists
                0x0000065a       0x21 ./Drivers/STM32F0xx_HAL_Driver/Src/stm32f0xx_hal_rcc_ex.o
 .debug_rnglists
                0x0000067b      0x17a ./Drivers/STM32F0xx_HAL_Driver/Src/stm32f0xx_hal_spi.o
 .debug_rnglists
                0x000007f5      0x1ce ./Drivers/STM32F0xx_HAL_Driver/Src/stm32f0xx_hal_uart.o

.debug_macro    0x00000000    0x117f0
 .debug_macro   0x00000000      0x2d5 ./Core/Src/GFX_FUNCTIONS.o
 .debug_macro   0x000002d5      0xaae ./Core/Src/GFX_FUNCTIONS.o
 .debug_macro   0x00000d83       0x22 ./Core/Src/GFX_FUNCTIONS.o
 .debug_macro   0x00000da5       0x8e ./Core/Src/GFX_FUNCTIONS.o
 .debug_macro   0x00000e33       0x51 ./Core/Src/GFX_FUNCTIONS.o
 .debug_macro   0x00000e84      0x103 ./Core/Src/GFX_FUNCTIONS.o
 .debug_macro   0x00000f87       0x6a ./Core/Src/GFX_FUNCTIONS.o
 .debug_macro   0x00000ff1      0x1df ./Core/Src/GFX_FUNCTIONS.o
 .debug_macro   0x000011d0      0x133 ./Core/Src/GFX_FUNCTIONS.o
 .debug_macro   0x00001303       0x2e ./Core/Src/GFX_FUNCTIONS.o
 .debug_macro   0x00001331       0x22 ./Core/Src/GFX_FUNCTIONS.o
 .debug_macro   0x00001353       0x1c ./Core/Src/GFX_FUNCTIONS.o
 .debug_macro   0x0000136f       0x22 ./Core/Src/GFX_FUNCTIONS.o
 .debug_macro   0x00001391       0xaf ./Core/Src/GFX_FUNCTIONS.o
 .debug_macro   0x00001440      0x391 ./Core/Src/GFX_FUNCTIONS.o
 .debug_macro   0x000017d1     0x785b ./Core/Src/GFX_FUNCTIONS.o
 .debug_macro   0x0000902c       0x66 ./Core/Src/GFX_FUNCTIONS.o
 .debug_macro   0x00009092     0x34da ./Core/Src/GFX_FUNCTIONS.o
 .debug_macro   0x0000c56c      0x190 ./Core/Src/GFX_FUNCTIONS.o
 .debug_macro   0x0000c6fc       0x55 ./Core/Src/GFX_FUNCTIONS.o
 .debug_macro   0x0000c751      0x924 ./Core/Src/GFX_FUNCTIONS.o
 .debug_macro   0x0000d075      0x289 ./Core/Src/GFX_FUNCTIONS.o
 .debug_macro   0x0000d2fe      0x1ae ./Core/Src/GFX_FUNCTIONS.o
 .debug_macro   0x0000d4ac      0x153 ./Core/Src/GFX_FUNCTIONS.o
 .debug_macro   0x0000d5ff      0x1a0 ./Core/Src/GFX_FUNCTIONS.o
 .debug_macro   0x0000d79f      0x1bc ./Core/Src/GFX_FUNCTIONS.o
 .debug_macro   0x0000d95b      0x1dd ./Core/Src/GFX_FUNCTIONS.o
 .debug_macro   0x0000db38       0x3c ./Core/Src/GFX_FUNCTIONS.o
 .debug_macro   0x0000db74       0x28 ./Core/Src/GFX_FUNCTIONS.o
 .debug_macro   0x0000db9c       0xb0 ./Core/Src/GFX_FUNCTIONS.o
 .debug_macro   0x0000dc4c      0x217 ./Core/Src/GFX_FUNCTIONS.o
 .debug_macro   0x0000de63      0x22c ./Core/Src/GFX_FUNCTIONS.o
 .debug_macro   0x0000e08f       0x61 ./Core/Src/GFX_FUNCTIONS.o
 .debug_macro   0x0000e0f0       0xa5 ./Core/Src/GFX_FUNCTIONS.o
 .debug_macro   0x0000e195       0x4c ./Core/Src/GFX_FUNCTIONS.o
 .debug_macro   0x0000e1e1       0x49 ./Core/Src/GFX_FUNCTIONS.o
 .debug_macro   0x0000e22a      0x2fe ./Core/Src/GFX_FUNCTIONS.o
 .debug_macro   0x0000e528      0x56d ./Core/Src/GFX_FUNCTIONS.o
 .debug_macro   0x0000ea95       0x44 ./Core/Src/GFX_FUNCTIONS.o
 .debug_macro   0x0000ead9      0x10d ./Core/Src/GFX_FUNCTIONS.o
 .debug_macro   0x0000ebe6       0x22 ./Core/Src/GFX_FUNCTIONS.o
 .debug_macro   0x0000ec08      0x184 ./Core/Src/GFX_FUNCTIONS.o
 .debug_macro   0x0000ed8c       0x24 ./Core/Src/GFX_FUNCTIONS.o
 .debug_macro   0x0000edb0       0x61 ./Core/Src/GFX_FUNCTIONS.o
 .debug_macro   0x0000ee11       0x43 ./Core/Src/GFX_FUNCTIONS.o
 .debug_macro   0x0000ee54       0x34 ./Core/Src/GFX_FUNCTIONS.o
 .debug_macro   0x0000ee88       0x16 ./Core/Src/GFX_FUNCTIONS.o
 .debug_macro   0x0000ee9e       0x3c ./Core/Src/GFX_FUNCTIONS.o
 .debug_macro   0x0000eeda      0x370 ./Core/Src/GFX_FUNCTIONS.o
 .debug_macro   0x0000f24a       0x16 ./Core/Src/GFX_FUNCTIONS.o
 .debug_macro   0x0000f260       0x4a ./Core/Src/GFX_FUNCTIONS.o
 .debug_macro   0x0000f2aa       0x34 ./Core/Src/GFX_FUNCTIONS.o
 .debug_macro   0x0000f2de       0x10 ./Core/Src/GFX_FUNCTIONS.o
 .debug_macro   0x0000f2ee       0x58 ./Core/Src/GFX_FUNCTIONS.o
 .debug_macro   0x0000f346       0x8e ./Core/Src/GFX_FUNCTIONS.o
 .debug_macro   0x0000f3d4       0x1c ./Core/Src/GFX_FUNCTIONS.o
 .debug_macro   0x0000f3f0      0x185 ./Core/Src/GFX_FUNCTIONS.o
 .debug_macro   0x0000f575       0x16 ./Core/Src/GFX_FUNCTIONS.o
 .debug_macro   0x0000f58b       0x29 ./Core/Src/GFX_FUNCTIONS.o
 .debug_macro   0x0000f5b4      0x2d1 ./Core/Src/ST7735.o
 .debug_macro   0x0000f885       0x6d ./Core/Src/fonts.o
 .debug_macro   0x0000f8f2       0x6d ./Core/Src/icons.o
 .debug_macro   0x0000f95f      0x2df ./Core/Src/main.o
 .debug_macro   0x0000fc3e       0x34 ./Core/Src/main.o
 .debug_macro   0x0000fc72       0x10 ./Core/Src/main.o
 .debug_macro   0x0000fc82       0x20 ./Core/Src/main.o
 .debug_macro   0x0000fca2       0x16 ./Core/Src/main.o
 .debug_macro   0x0000fcb8      0x30a ./Core/Src/menu.o
 .debug_macro   0x0000ffc2       0x10 ./Core/Src/menu.o
 .debug_macro   0x0000ffd2       0x1c ./Core/Src/menu.o
 .debug_macro   0x0000ffee       0x10 ./Core/Src/menu.o
 .debug_macro   0x0000fffe       0x1c ./Core/Src/menu.o
 .debug_macro   0x0001001a       0x16 ./Core/Src/menu.o
 .debug_macro   0x00010030      0x146 ./Core/Src/menu.o
 .debug_macro   0x00010176      0x1d2 ./Core/Src/stm32f0xx_hal_msp.o
 .debug_macro   0x00010348      0x1dc ./Core/Src/stm32f0xx_it.o
 .debug_macro   0x00010524      0x1c3 ./Core/Src/system_stm32f0xx.o
 .debug_macro   0x000106e7      0x1e7 ./Drivers/STM32F0xx_HAL_Driver/Src/stm32f0xx_hal.o
 .debug_macro   0x000108ce      0x1c3 ./Drivers/STM32F0xx_HAL_Driver/Src/stm32f0xx_hal_cortex.o
 .debug_macro   0x00010a91      0x1ca ./Drivers/STM32F0xx_HAL_Driver/Src/stm32f0xx_hal_gpio.o
 .debug_macro   0x00010c5b      0x28f ./Drivers/STM32F0xx_HAL_Driver/Src/stm32f0xx_hal_i2c.o
 .debug_macro   0x00010eea      0x1c3 ./Drivers/STM32F0xx_HAL_Driver/Src/stm32f0xx_hal_i2c_ex.o
 .debug_macro   0x000110ad      0x1d5 ./Drivers/STM32F0xx_HAL_Driver/Src/stm32f0xx_hal_rcc.o
 .debug_macro   0x00011282      0x1c3 ./Drivers/STM32F0xx_HAL_Driver/Src/stm32f0xx_hal_rcc_ex.o
 .debug_macro   0x00011445      0x1cb ./Drivers/STM32F0xx_HAL_Driver/Src/stm32f0xx_hal_spi.o
 .debug_macro   0x00011610      0x1e0 ./Drivers/STM32F0xx_HAL_Driver/Src/stm32f0xx_hal_uart.o

.debug_line     0x00000000    0x11d0f
 .debug_line    0x00000000     0x1447 ./Core/Src/GFX_FUNCTIONS.o
 .debug_line    0x00001447      0xd4c ./Core/Src/ST7735.o
 .debug_line    0x00002193      0x40a ./Core/Src/fonts.o
 .debug_line    0x0000259d      0x40a ./Core/Src/icons.o
 .debug_line    0x000029a7      0xbc7 ./Core/Src/main.o
 .debug_line    0x0000356e      0xb73 ./Core/Src/menu.o
 .debug_line    0x000040e1      0x84a ./Core/Src/stm32f0xx_hal_msp.o
 .debug_line    0x0000492b      0x7bf ./Core/Src/stm32f0xx_it.o
 .debug_line    0x000050ea      0x7d7 ./Core/Src/system_stm32f0xx.o
 .debug_line    0x000058c1       0x7b ./Core/Startup/startup_stm32f030cctx.o
 .debug_line    0x0000593c      0x9e1 ./Drivers/STM32F0xx_HAL_Driver/Src/stm32f0xx_hal.o
 .debug_line    0x0000631d      0xa89 ./Drivers/STM32F0xx_HAL_Driver/Src/stm32f0xx_hal_cortex.o
 .debug_line    0x00006da6      0xb46 ./Drivers/STM32F0xx_HAL_Driver/Src/stm32f0xx_hal_gpio.o
 .debug_line    0x000078ec     0x3775 ./Drivers/STM32F0xx_HAL_Driver/Src/stm32f0xx_hal_i2c.o
 .debug_line    0x0000b061      0x834 ./Drivers/STM32F0xx_HAL_Driver/Src/stm32f0xx_hal_i2c_ex.o
 .debug_line    0x0000b895      0xe77 ./Drivers/STM32F0xx_HAL_Driver/Src/stm32f0xx_hal_rcc.o
 .debug_line    0x0000c70c      0x949 ./Drivers/STM32F0xx_HAL_Driver/Src/stm32f0xx_hal_rcc_ex.o
 .debug_line    0x0000d055     0x2000 ./Drivers/STM32F0xx_HAL_Driver/Src/stm32f0xx_hal_spi.o
 .debug_line    0x0000f055     0x2cba ./Drivers/STM32F0xx_HAL_Driver/Src/stm32f0xx_hal_uart.o

.debug_str      0x00000000    0x67576
 .debug_str     0x00000000    0x67576 ./Core/Src/GFX_FUNCTIONS.o
                              0x63816 (size before relaxing)
 .debug_str     0x00067576    0x63c8a ./Core/Src/ST7735.o
 .debug_str     0x00067576     0x3d2e ./Core/Src/fonts.o
 .debug_str     0x00067576     0x3d37 ./Core/Src/icons.o
 .debug_str     0x00067576    0x64382 ./Core/Src/main.o
 .debug_str     0x00067576    0x63e29 ./Core/Src/menu.o
 .debug_str     0x00067576    0x608a7 ./Core/Src/stm32f0xx_hal_msp.o
 .debug_str     0x00067576    0x5ff03 ./Core/Src/stm32f0xx_it.o
 .debug_str     0x00067576    0x5fea1 ./Core/Src/system_stm32f0xx.o
 .debug_str     0x00067576       0x89 ./Core/Startup/startup_stm32f030cctx.o
 .debug_str     0x00067576    0x6044d ./Drivers/STM32F0xx_HAL_Driver/Src/stm32f0xx_hal.o
 .debug_str     0x00067576    0x6023e ./Drivers/STM32F0xx_HAL_Driver/Src/stm32f0xx_hal_cortex.o
 .debug_str     0x00067576    0x60042 ./Drivers/STM32F0xx_HAL_Driver/Src/stm32f0xx_hal_gpio.o
 .debug_str     0x00067576    0x6120f ./Drivers/STM32F0xx_HAL_Driver/Src/stm32f0xx_hal_i2c.o
 .debug_str     0x00067576    0x603e0 ./Drivers/STM32F0xx_HAL_Driver/Src/stm32f0xx_hal_i2c_ex.o
 .debug_str     0x00067576    0x602dd ./Drivers/STM32F0xx_HAL_Driver/Src/stm32f0xx_hal_rcc.o
 .debug_str     0x00067576    0x5ffea ./Drivers/STM32F0xx_HAL_Driver/Src/stm32f0xx_hal_rcc_ex.o
 .debug_str     0x00067576    0x6081b ./Drivers/STM32F0xx_HAL_Driver/Src/stm32f0xx_hal_spi.o
 .debug_str     0x00067576    0x60bca ./Drivers/STM32F0xx_HAL_Driver/Src/stm32f0xx_hal_uart.o

.comment        0x00000000       0x43
 .comment       0x00000000       0x43 ./Core/Src/GFX_FUNCTIONS.o
                                 0x44 (size before relaxing)
 .comment       0x00000043       0x44 ./Core/Src/ST7735.o
 .comment       0x00000043       0x44 ./Core/Src/fonts.o
 .comment       0x00000043       0x44 ./Core/Src/icons.o
 .comment       0x00000043       0x44 ./Core/Src/main.o
 .comment       0x00000043       0x44 ./Core/Src/menu.o
 .comment       0x00000043       0x44 ./Core/Src/stm32f0xx_hal_msp.o
 .comment       0x00000043       0x44 ./Core/Src/stm32f0xx_it.o
 .comment       0x00000043       0x44 ./Core/Src/system_stm32f0xx.o
 .comment       0x00000043       0x44 ./Drivers/STM32F0xx_HAL_Driver/Src/stm32f0xx_hal.o
 .comment       0x00000043       0x44 ./Drivers/STM32F0xx_HAL_Driver/Src/stm32f0xx_hal_cortex.o
 .comment       0x00000043       0x44 ./Drivers/STM32F0xx_HAL_Driver/Src/stm32f0xx_hal_gpio.o
 .comment       0x00000043       0x44 ./Drivers/STM32F0xx_HAL_Driver/Src/stm32f0xx_hal_i2c.o
 .comment       0x00000043       0x44 ./Drivers/STM32F0xx_HAL_Driver/Src/stm32f0xx_hal_i2c_ex.o
 .comment       0x00000043       0x44 ./Drivers/STM32F0xx_HAL_Driver/Src/stm32f0xx_hal_rcc.o
 .comment       0x00000043       0x44 ./Drivers/STM32F0xx_HAL_Driver/Src/stm32f0xx_hal_rcc_ex.o
 .comment       0x00000043       0x44 ./Drivers/STM32F0xx_HAL_Driver/Src/stm32f0xx_hal_spi.o
 .comment       0x00000043       0x44 ./Drivers/STM32F0xx_HAL_Driver/Src/stm32f0xx_hal_uart.o

.debug_frame    0x00000000     0x2c90
 .debug_frame   0x00000000      0x400 ./Core/Src/GFX_FUNCTIONS.o
 .debug_frame   0x00000400      0x220 ./Core/Src/ST7735.o
 .debug_frame   0x00000620       0xe0 ./Core/Src/main.o
 .debug_frame   0x00000700       0xb8 ./Core/Src/menu.o
 .debug_frame   0x000007b8       0xf0 ./Core/Src/stm32f0xx_hal_msp.o
 .debug_frame   0x000008a8       0x9c ./Core/Src/stm32f0xx_it.o
 .debug_frame   0x00000944       0x4c ./Core/Src/system_stm32f0xx.o
 .debug_frame   0x00000990      0x2a4 ./Drivers/STM32F0xx_HAL_Driver/Src/stm32f0xx_hal.o
 .debug_frame   0x00000c34      0x2a0 ./Drivers/STM32F0xx_HAL_Driver/Src/stm32f0xx_hal_cortex.o
 .debug_frame   0x00000ed4      0x110 ./Drivers/STM32F0xx_HAL_Driver/Src/stm32f0xx_hal_gpio.o
 .debug_frame   0x00000fe4      0xa68 ./Drivers/STM32F0xx_HAL_Driver/Src/stm32f0xx_hal_i2c.o
 .debug_frame   0x00001a4c       0x90 ./Drivers/STM32F0xx_HAL_Driver/Src/stm32f0xx_hal_i2c_ex.o
 .debug_frame   0x00001adc      0x198 ./Drivers/STM32F0xx_HAL_Driver/Src/stm32f0xx_hal_rcc.o
 .debug_frame   0x00001c74       0x70 ./Drivers/STM32F0xx_HAL_Driver/Src/stm32f0xx_hal_rcc_ex.o
 .debug_frame   0x00001ce4      0x710 ./Drivers/STM32F0xx_HAL_Driver/Src/stm32f0xx_hal_spi.o
 .debug_frame   0x000023f4      0x810 ./Drivers/STM32F0xx_HAL_Driver/Src/stm32f0xx_hal_uart.o
 .debug_frame   0x00002c04       0x20 C:/ST/STM32CubeIDE_1.18.1/STM32CubeIDE/plugins/com.st.stm32cube.ide.mcu.externaltools.gnu-tools-for-stm32.13.3.rel1.win32_1.0.0.202411081344/tools/bin/../lib/gcc/arm-none-eabi/13.3.1/../../../../arm-none-eabi/lib/thumb/v6-m/nofp\libc_nano.a(libc_a-memset.o)
 .debug_frame   0x00002c24       0x2c C:/ST/STM32CubeIDE_1.18.1/STM32CubeIDE/plugins/com.st.stm32cube.ide.mcu.externaltools.gnu-tools-for-stm32.13.3.rel1.win32_1.0.0.202411081344/tools/bin/../lib/gcc/arm-none-eabi/13.3.1/../../../../arm-none-eabi/lib/thumb/v6-m/nofp\libc_nano.a(libc_a-init.o)
 .debug_frame   0x00002c50       0x20 C:/ST/STM32CubeIDE_1.18.1/STM32CubeIDE/plugins/com.st.stm32cube.ide.mcu.externaltools.gnu-tools-for-stm32.13.3.rel1.win32_1.0.0.202411081344/tools/bin/../lib/gcc/arm-none-eabi/13.3.1/thumb/v6-m/nofp\libgcc.a(_udivsi3.o)
 .debug_frame   0x00002c70       0x20 C:/ST/STM32CubeIDE_1.18.1/STM32CubeIDE/plugins/com.st.stm32cube.ide.mcu.externaltools.gnu-tools-for-stm32.13.3.rel1.win32_1.0.0.202411081344/tools/bin/../lib/gcc/arm-none-eabi/13.3.1/thumb/v6-m/nofp\libgcc.a(_divsi3.o)

.debug_line_str
                0x00000000       0x6d
 .debug_line_str
                0x00000000       0x6d ./Core/Startup/startup_stm32f030cctx.o
