../Core/Src/GFX_FUNCTIONS.c:23:6:drawPixel	24	static
../Core/Src/GFX_FUNCTIONS.c:28:6:fillRect	32	static
../Core/Src/GFX_FUNCTIONS.c:47:6:writePixel	24	static
../Core/Src/GFX_FUNCTIONS.c:52:6:writeLine	48	static
../Core/Src/GFX_FUNCTIONS.c:92:7:drawFastVLine	32	static
../Core/Src/GFX_FUNCTIONS.c:96:7:drawFastHLine	32	static
../Core/Src/GFX_FUNCTIONS.c:101:6:drawLine	40	static
../Core/Src/GFX_FUNCTIONS.c:114:6:drawCircle	40	static
../Core/Src/GFX_FUNCTIONS.c:148:6:drawCircleHelper	48	static
../Core/Src/GFX_FUNCTIONS.c:184:6:fillCircleHelper	40	static
../Core/Src/GFX_FUNCTIONS.c:221:6:fillCircle	32	static
../Core/Src/GFX_FUNCTIONS.c:229:6:drawRect	24	static
../Core/Src/GFX_FUNCTIONS.c:237:6:drawRoundRect	48	static
../Core/Src/GFX_FUNCTIONS.c:254:6:fillRoundRect	48	static
../Core/Src/GFX_FUNCTIONS.c:266:6:drawTriangle	40	static
../Core/Src/GFX_FUNCTIONS.c:274:6:fillTriangle	72	static
../Core/Src/GFX_FUNCTIONS.c:351:6:testLines	56	static
../Core/Src/GFX_FUNCTIONS.c:394:6:testFastLines	32	static
../Core/Src/GFX_FUNCTIONS.c:403:6:testRects	56	static
../Core/Src/GFX_FUNCTIONS.c:418:6:testFilledRects	56	static
../Core/Src/GFX_FUNCTIONS.c:435:6:testFilledCircles	40	static
../Core/Src/GFX_FUNCTIONS.c:448:6:testCircles	40	static
../Core/Src/GFX_FUNCTIONS.c:464:6:testTriangles	56	static
../Core/Src/GFX_FUNCTIONS.c:481:6:testFilledTriangles	64	static
../Core/Src/GFX_FUNCTIONS.c:494:6:testRoundRects	56	static
../Core/Src/GFX_FUNCTIONS.c:511:6:testFilledRoundRects	56	static
../Core/Src/GFX_FUNCTIONS.c:526:6:testFillScreen	8	static
../Core/Src/GFX_FUNCTIONS.c:535:6:testAll	8	static
