Archive member included to satisfy reference by file (symbol)

C:/ST/STM32CubeIDE_1.18.1/STM32CubeIDE/plugins/com.st.stm32cube.ide.mcu.externaltools.gnu-tools-for-stm32.13.3.rel1.win32_1.0.0.202411081344/tools/bin/../lib/gcc/arm-none-eabi/13.3.1/../../../../arm-none-eabi/lib/thumb/v6-m/nofp\libc_nano.a(libc_a-exit.o)
                              C:/ST/STM32CubeIDE_1.18.1/STM32CubeIDE/plugins/com.st.stm32cube.ide.mcu.externaltools.gnu-tools-for-stm32.13.3.rel1.win32_1.0.0.202411081344/tools/bin/../lib/gcc/arm-none-eabi/13.3.1/../../../../arm-none-eabi/lib/thumb/v6-m/nofp/crt0.o (exit)
C:/ST/STM32CubeIDE_1.18.1/STM32CubeIDE/plugins/com.st.stm32cube.ide.mcu.externaltools.gnu-tools-for-stm32.13.3.rel1.win32_1.0.0.202411081344/tools/bin/../lib/gcc/arm-none-eabi/13.3.1/../../../../arm-none-eabi/lib/thumb/v6-m/nofp\libc_nano.a(libc_a-findfp.o)
                              C:/ST/STM32CubeIDE_1.18.1/STM32CubeIDE/plugins/com.st.stm32cube.ide.mcu.externaltools.gnu-tools-for-stm32.13.3.rel1.win32_1.0.0.202411081344/tools/bin/../lib/gcc/arm-none-eabi/13.3.1/../../../../arm-none-eabi/lib/thumb/v6-m/nofp\libc_nano.a(libc_a-exit.o) (__stdio_exit_handler)
C:/ST/STM32CubeIDE_1.18.1/STM32CubeIDE/plugins/com.st.stm32cube.ide.mcu.externaltools.gnu-tools-for-stm32.13.3.rel1.win32_1.0.0.202411081344/tools/bin/../lib/gcc/arm-none-eabi/13.3.1/../../../../arm-none-eabi/lib/thumb/v6-m/nofp\libc_nano.a(libc_a-fwalk.o)
                              C:/ST/STM32CubeIDE_1.18.1/STM32CubeIDE/plugins/com.st.stm32cube.ide.mcu.externaltools.gnu-tools-for-stm32.13.3.rel1.win32_1.0.0.202411081344/tools/bin/../lib/gcc/arm-none-eabi/13.3.1/../../../../arm-none-eabi/lib/thumb/v6-m/nofp\libc_nano.a(libc_a-findfp.o) (_fwalk_sglue)
C:/ST/STM32CubeIDE_1.18.1/STM32CubeIDE/plugins/com.st.stm32cube.ide.mcu.externaltools.gnu-tools-for-stm32.13.3.rel1.win32_1.0.0.202411081344/tools/bin/../lib/gcc/arm-none-eabi/13.3.1/../../../../arm-none-eabi/lib/thumb/v6-m/nofp\libc_nano.a(libc_a-stdio.o)
                              C:/ST/STM32CubeIDE_1.18.1/STM32CubeIDE/plugins/com.st.stm32cube.ide.mcu.externaltools.gnu-tools-for-stm32.13.3.rel1.win32_1.0.0.202411081344/tools/bin/../lib/gcc/arm-none-eabi/13.3.1/../../../../arm-none-eabi/lib/thumb/v6-m/nofp\libc_nano.a(libc_a-findfp.o) (__sread)
C:/ST/STM32CubeIDE_1.18.1/STM32CubeIDE/plugins/com.st.stm32cube.ide.mcu.externaltools.gnu-tools-for-stm32.13.3.rel1.win32_1.0.0.202411081344/tools/bin/../lib/gcc/arm-none-eabi/13.3.1/../../../../arm-none-eabi/lib/thumb/v6-m/nofp\libc_nano.a(libc_a-memset.o)
                              C:/ST/STM32CubeIDE_1.18.1/STM32CubeIDE/plugins/com.st.stm32cube.ide.mcu.externaltools.gnu-tools-for-stm32.13.3.rel1.win32_1.0.0.202411081344/tools/bin/../lib/gcc/arm-none-eabi/13.3.1/../../../../arm-none-eabi/lib/thumb/v6-m/nofp/crt0.o (memset)
C:/ST/STM32CubeIDE_1.18.1/STM32CubeIDE/plugins/com.st.stm32cube.ide.mcu.externaltools.gnu-tools-for-stm32.13.3.rel1.win32_1.0.0.202411081344/tools/bin/../lib/gcc/arm-none-eabi/13.3.1/../../../../arm-none-eabi/lib/thumb/v6-m/nofp\libc_nano.a(libc_a-closer.o)
                              C:/ST/STM32CubeIDE_1.18.1/STM32CubeIDE/plugins/com.st.stm32cube.ide.mcu.externaltools.gnu-tools-for-stm32.13.3.rel1.win32_1.0.0.202411081344/tools/bin/../lib/gcc/arm-none-eabi/13.3.1/../../../../arm-none-eabi/lib/thumb/v6-m/nofp\libc_nano.a(libc_a-stdio.o) (_close_r)
C:/ST/STM32CubeIDE_1.18.1/STM32CubeIDE/plugins/com.st.stm32cube.ide.mcu.externaltools.gnu-tools-for-stm32.13.3.rel1.win32_1.0.0.202411081344/tools/bin/../lib/gcc/arm-none-eabi/13.3.1/../../../../arm-none-eabi/lib/thumb/v6-m/nofp\libc_nano.a(libc_a-reent.o)
                              C:/ST/STM32CubeIDE_1.18.1/STM32CubeIDE/plugins/com.st.stm32cube.ide.mcu.externaltools.gnu-tools-for-stm32.13.3.rel1.win32_1.0.0.202411081344/tools/bin/../lib/gcc/arm-none-eabi/13.3.1/../../../../arm-none-eabi/lib/thumb/v6-m/nofp\libc_nano.a(libc_a-closer.o) (errno)
C:/ST/STM32CubeIDE_1.18.1/STM32CubeIDE/plugins/com.st.stm32cube.ide.mcu.externaltools.gnu-tools-for-stm32.13.3.rel1.win32_1.0.0.202411081344/tools/bin/../lib/gcc/arm-none-eabi/13.3.1/../../../../arm-none-eabi/lib/thumb/v6-m/nofp\libc_nano.a(libc_a-impure.o)
                              C:/ST/STM32CubeIDE_1.18.1/STM32CubeIDE/plugins/com.st.stm32cube.ide.mcu.externaltools.gnu-tools-for-stm32.13.3.rel1.win32_1.0.0.202411081344/tools/bin/../lib/gcc/arm-none-eabi/13.3.1/../../../../arm-none-eabi/lib/thumb/v6-m/nofp\libc_nano.a(libc_a-reent.o) (_impure_ptr)
C:/ST/STM32CubeIDE_1.18.1/STM32CubeIDE/plugins/com.st.stm32cube.ide.mcu.externaltools.gnu-tools-for-stm32.13.3.rel1.win32_1.0.0.202411081344/tools/bin/../lib/gcc/arm-none-eabi/13.3.1/../../../../arm-none-eabi/lib/thumb/v6-m/nofp\libc_nano.a(libc_a-lseekr.o)
[...]
Memory Configuration

Name             Origin             Length             Attributes
RAM              0x20000000         0x00002000         xrw
FLASH            0x08000000         0x00010000         xr
*default*        0x00000000         0xffffffff

Linker script and memory map

LOAD C:/ST/STM32CubeIDE_1.18.1/STM32CubeIDE/plugins/com.st.stm32cube.ide.mcu.externaltools.gnu-tools-for-stm32.13.3.rel1.win32_1.0.0.202411081344/tools/bin/../lib/gcc/arm-none-eabi/13.3.1/thumb/v6-m/nofp/crti.o
LOAD C:/ST/STM32CubeIDE_1.18.1/STM32CubeIDE/plugins/com.st.stm32cube.ide.mcu.externaltools.gnu-tools-for-stm32.13.3.rel1.win32_1.0.0.202411081344/tools/bin/../lib/gcc/arm-none-eabi/13.3.1/thumb/v6-m/nofp/crtbegin.o
LOAD C:/ST/STM32CubeIDE_1.18.1/STM32CubeIDE/plugins/com.st.stm32cube.ide.mcu.externaltools.gnu-tools-for-stm32.13.3.rel1.win32_1.0.0.202411081344/tools/bin/../lib/gcc/arm-none-eabi/13.3.1/../../../../arm-none-eabi/lib/thumb/v6-m/nofp/crt0.o
LOAD ./Core/Src/ds18b20.o
LOAD ./Core/Src/freertos.o
LOAD ./Core/Src/gpio.o
LOAD ./Core/Src/main.o
LOAD ./Core/Src/onewire.o
LOAD ./Core/Src/stm32f0xx_hal_msp.o
LOAD ./Core/Src/stm32f0xx_hal_timebase_tim.o
LOAD ./Core/Src/stm32f0xx_it.o
LOAD ./Core/Src/syscalls.o
LOAD ./Core/Src/sysmem.o
LOAD ./Core/Src/system_stm32f0xx.o
LOAD ./Core/Src/tim.o
LOAD ./Core/Startup/startup_stm32f030c8tx.o
LOAD ./Drivers/STM32F0xx_HAL_Driver/Src/stm32f0xx_hal.o
LOAD ./Drivers/STM32F0xx_HAL_Driver/Src/stm32f0xx_hal_cortex.o
LOAD ./Drivers/STM32F0xx_HAL_Driver/Src/stm32f0xx_hal_dma.o
LOAD ./Drivers/STM32F0xx_HAL_Driver/Src/stm32f0xx_hal_exti.o
LOAD ./Drivers/STM32F0xx_HAL_Driver/Src/stm32f0xx_hal_flash.o
LOAD ./Drivers/STM32F0xx_HAL_Driver/Src/stm32f0xx_hal_flash_ex.o
LOAD ./Drivers/STM32F0xx_HAL_Driver/Src/stm32f0xx_hal_gpio.o
LOAD ./Drivers/STM32F0xx_HAL_Driver/Src/stm32f0xx_hal_i2c.o
LOAD ./Drivers/STM32F0xx_HAL_Driver/Src/stm32f0xx_hal_i2c_ex.o
LOAD ./Drivers/STM32F0xx_HAL_Driver/Src/stm32f0xx_hal_pwr.o
LOAD ./Drivers/STM32F0xx_HAL_Driver/Src/stm32f0xx_hal_pwr_ex.o
LOAD ./Drivers/STM32F0xx_HAL_Driver/Src/stm32f0xx_hal_rcc.o
LOAD ./Drivers/STM32F0xx_HAL_Driver/Src/stm32f0xx_hal_rcc_ex.o
LOAD ./Drivers/STM32F0xx_HAL_Driver/Src/stm32f0xx_hal_tim.o
LOAD ./Drivers/STM32F0xx_HAL_Driver/Src/stm32f0xx_hal_tim_ex.o
LOAD ./Middlewares/Third_Party/FreeRTOS/Source/CMSIS_RTOS/cmsis_os.o
LOAD ./Middlewares/Third_Party/FreeRTOS/Source/croutine.o
LOAD ./Middlewares/Third_Party/FreeRTOS/Source/event_groups.o
LOAD ./Middlewares/Third_Party/FreeRTOS/Source/list.o
LOAD ./Middlewares/Third_Party/FreeRTOS/Source/queue.o
LOAD ./Middlewares/Third_Party/FreeRTOS/Source/stream_buffer.o
LOAD ./Middlewares/Third_Party/FreeRTOS/Source/tasks.o
LOAD ./Middlewares/Third_Party/FreeRTOS/Source/timers.o
LOAD ./Middlewares/Third_Party/FreeRTOS/Source/portable/GCC/ARM_CM0/port.o
LOAD ./Middlewares/Third_Party/FreeRTOS/Source/portable/MemMang/heap_4.o
START GROUP
LOAD C:/ST/STM32CubeIDE_1.18.1/STM32CubeIDE/plugins/com.st.stm32cube.ide.mcu.externaltools.gnu-tools-for-stm32.13.3.rel1.win32_1.0.0.202411081344/tools/bin/../lib/gcc/arm-none-eabi/13.3.1/../../../../arm-none-eabi/lib/thumb/v6-m/nofp\libc_nano.a
LOAD C:/ST/STM32CubeIDE_1.18.1/STM32CubeIDE/plugins/com.st.stm32cube.ide.mcu.externaltools.gnu-tools-for-stm32.13.3.rel1.win32_1.0.0.202411081344/tools/bin/../lib/gcc/arm-none-eabi/13.3.1/../../../../arm-none-eabi/lib/thumb/v6-m/nofp\libm.a
END GROUP
START GROUP
LOAD C:/ST/STM32CubeIDE_1.18.1/STM32CubeIDE/plugins/com.st.stm32cube.ide.mcu.externaltools.gnu-tools-for-stm32.13.3.rel1.win32_1.0.0.202411081344/tools/bin/../lib/gcc/arm-none-eabi/13.3.1/thumb/v6-m/nofp\libgcc.a
LOAD C:/ST/STM32CubeIDE_1.18.1/STM32CubeIDE/plugins/com.st.stm32cube.ide.mcu.externaltools.gnu-tools-for-stm32.13.3.rel1.win32_1.0.0.202411081344/tools/bin/../lib/gcc/arm-none-eabi/13.3.1/../../../../arm-none-eabi/lib/thumb/v6-m/nofp\libc_nano.a
END GROUP
START GROUP
LOAD C:/ST/STM32CubeIDE_1.18.1/STM32CubeIDE/plugins/com.st.stm32cube.ide.mcu.externaltools.gnu-tools-for-stm32.13.3.rel1.win32_1.0.0.202411081344/tools/bin/../lib/gcc/arm-none-eabi/13.3.1/thumb/v6-m/nofp\libgcc.a
LOAD C:/ST/STM32CubeIDE_1.18.1/STM32CubeIDE/plugins/com.st.stm32cube.ide.mcu.externaltools.gnu-tools-for-stm32.13.3.rel1.win32_1.0.0.202411081344/tools/bin/../lib/gcc/arm-none-eabi/13.3.1/../../../../arm-none-eabi/lib/thumb/v6-m/nofp\libc_nano.a
LOAD C:/ST/STM32CubeIDE_1.18.1/STM32CubeIDE/plugins/com.st.stm32cube.ide.mcu.externaltools.gnu-tools-for-stm32.13.3.rel1.win32_1.0.0.202411081344/tools/bin/../lib/gcc/arm-none-eabi/13.3.1/../../../../arm-none-eabi/lib/thumb/v6-m/nofp\libnosys.a
END GROUP
START GROUP
LOAD C:/ST/STM32CubeIDE_1.18.1/STM32CubeIDE/plugins/com.st.stm32cube.ide.mcu.externaltools.gnu-tools-for-stm32.13.3.rel1.win32_1.0.0.202411081344/tools/bin/../lib/gcc/arm-none-eabi/13.3.1/thumb/v6-m/nofp\libgcc.a
LOAD C:/ST/STM32CubeIDE_1.18.1/STM32CubeIDE/plugins/com.st.stm32cube.ide.mcu.externaltools.gnu-tools-for-stm32.13.3.rel1.win32_1.0.0.202411081344/tools/bin/../lib/gcc/arm-none-eabi/13.3.1/../../../../arm-none-eabi/lib/thumb/v6-m/nofp\libc_nano.a
LOAD C:/ST/STM32CubeIDE_1.18.1/STM32CubeIDE/plugins/com.st.stm32cube.ide.mcu.externaltools.gnu-tools-for-stm32.13.3.rel1.win32_1.0.0.202411081344/tools/bin/../lib/gcc/arm-none-eabi/13.3.1/../../../../arm-none-eabi/lib/thumb/v6-m/nofp\libnosys.a
END GROUP
LOAD C:/ST/STM32CubeIDE_1.18.1/STM32CubeIDE/plugins/com.st.stm32cube.ide.mcu.externaltools.gnu-tools-for-stm32.13.3.rel1.win32_1.0.0.202411081344/tools/bin/../lib/gcc/arm-none-eabi/13.3.1/thumb/v6-m/nofp/crtend.o
LOAD C:/ST/STM32CubeIDE_1.18.1/STM32CubeIDE/plugins/com.st.stm32cube.ide.mcu.externaltools.gnu-tools-for-stm32.13.3.rel1.win32_1.0.0.202411081344/tools/bin/../lib/gcc/arm-none-eabi/13.3.1/thumb/v6-m/nofp/crtn.o
                0x20002000                        _estack = (ORIGIN (RAM) + LENGTH (RAM))
                0x00000200                        _Min_Heap_Size = 0x200
                0x00000400                        _Min_Stack_Size = 0x400

.isr_vector     0x08000000       0xc0
                0x08000000                        . = ALIGN (0x4)
 *(.isr_vector)
 .isr_vector    0x08000000       0xc0 ./Core/Startup/startup_stm32f030c8tx.o
                0x08000000                g_pfnVectors
                0x080000c0                        . = ALIGN (0x4)

.text           0x080000c0     0x4974
                0x080000c0                        . = ALIGN (0x4)
 *(.text)
 .text          0x080000c0       0x48 C:/ST/STM32CubeIDE_1.18.1/STM32CubeIDE/plugins/com.st.stm32cube.ide.mcu.externaltools.gnu-tools-for-stm32.13.3.rel1.win32_1.0.0.202411081344/tools/bin/../lib/gcc/arm-none-eabi/13.3.1/thumb/v6-m/nofp/crtbegin.o
 .text          0x08000108      0x114 C:/ST/STM32CubeIDE_1.18.1/STM32CubeIDE/plugins/com.st.stm32cube.ide.mcu.externaltools.gnu-tools-for-stm32.13.3.rel1.win32_1.0.0.202411081344/tools/bin/../lib/gcc/arm-none-eabi/13.3.1/thumb/v6-m/nofp\libgcc.a(_udivsi3.o)
                0x08000108                __aeabi_uidiv
                0x08000108                __udivsi3
                0x08000214                __aeabi_uidivmod
 .text          0x0800021c        0x4 C:/ST/STM32CubeIDE_1.18.1/STM32CubeIDE/plugins/com.st.stm32cube.ide.mcu.externaltools.gnu-tools-for-stm32.13.3.rel1.win32_1.0.0.202411081344/tools/bin/../lib/gcc/arm-none-eabi/13.3.1/thumb/v6-m/nofp\libgcc.a(_dvmd_tls.o)
                0x0800021c                __aeabi_idiv0
                0x0800021c                __aeabi_ldiv0
 .text          0x08000220       0x74 C:/ST/STM32CubeIDE_1.18.1/STM32CubeIDE/plugins/com.st.stm32cube.ide.mcu.externaltools.gnu-tools-for-stm32.13.3.rel1.win32_1.0.0.202411081344/tools/bin/../lib/gcc/arm-none-eabi/13.3.1/thumb/v6-m/nofp\libgcc.a(_arm_cmpsf2.o)
                0x08000220                __aeabi_cfrcmple
                0x08000228                __aeabi_cfcmpeq
                0x08000228                __aeabi_cfcmple
                0x08000238                __aeabi_fcmpeq
                0x08000244                __aeabi_fcmplt
                0x08000258                __aeabi_fcmple
                0x0800026c                __aeabi_fcmpgt
                0x08000280                __aeabi_fcmpge
 .text          0x08000294      0x3e4 C:/ST/STM32CubeIDE_1.18.1/STM32CubeIDE/plugins/com.st.stm32cube.ide.mcu.externaltools.gnu-tools-for-stm32.13.3.rel1.win32_1.0.0.202411081344/tools/bin/../lib/gcc/arm-none-eabi/13.3.1/thumb/v6-m/nofp\libgcc.a(addsf3.o)
                0x08000294                __aeabi_fadd
 .text          0x08000678       0x50 C:/ST/STM32CubeIDE_1.18.1/STM32CubeIDE/plugins/com.st.stm32cube.ide.mcu.externaltools.gnu-tools-for-stm32.13.3.rel1.win32_1.0.0.202411081344/tools/bin/../lib/gcc/arm-none-eabi/13.3.1/thumb/v6-m/nofp\libgcc.a(eqsf2.o)
                0x08000678                __eqsf2
                0x08000678                __nesf2
 .text          0x080006c8       0x90 C:/ST/STM32CubeIDE_1.18.1/STM32CubeIDE/plugins/com.st.stm32cube.ide.mcu.externaltools.gnu-tools-for-stm32.13.3.rel1.win32_1.0.0.202411081344/tools/bin/../lib/gcc/arm-none-eabi/13.3.1/thumb/v6-m/nofp\libgcc.a(gesf2.o)
                0x080006c8                __gesf2
                0x080006c8                __gtsf2
 .text          0x08000758       0x90 C:/ST/STM32CubeIDE_1.18.1/STM32CubeIDE/plugins/com.st.stm32cube.ide.mcu.externaltools.gnu-tools-for-stm32.13.3.rel1.win32_1.0.0.202411081344/tools/bin/../lib/gcc/arm-none-eabi/13.3.1/thumb/v6-m/nofp\libgcc.a(lesf2.o)
                0x08000758                __ltsf2
                0x08000758                __lesf2
 .text          0x080007e8      0x2b4 C:/ST/STM32CubeIDE_1.18.1/STM32CubeIDE/plugins/com.st.stm32cube.ide.mcu.externaltools.gnu-tools-for-stm32.13.3.rel1.win32_1.0.0.202411081344/tools/bin/../lib/gcc/arm-none-eabi/13.3.1/thumb/v6-m/nofp\libgcc.a(mulsf3.o)
                0x080007e8                __aeabi_fmul
 .text          0x08000a9c      0x4c8 C:/ST/STM32CubeIDE_1.18.1/STM32CubeIDE/plugins/com.st.stm32cube.ide.mcu.externaltools.gnu-tools-for-stm32.13.3.rel1.win32_1.0.0.202411081344/tools/bin/../lib/gcc/arm-none-eabi/13.3.1/thumb/v6-m/nofp\libgcc.a(subsf3.o)
                0x08000a9c                __aeabi_fsub
 .text          0x08000f64       0xa0 C:/ST/STM32CubeIDE_1.18.1/STM32CubeIDE/plugins/com.st.stm32cube.ide.mcu.externaltools.gnu-tools-for-stm32.13.3.rel1.win32_1.0.0.202411081344/tools/bin/../lib/gcc/arm-none-eabi/13.3.1/thumb/v6-m/nofp\libgcc.a(floatsisf.o)
                0x08000f64                __aeabi_i2f
 .text          0x08001004       0x3c C:/ST/STM32CubeIDE_1.18.1/STM32CubeIDE/plugins/com.st.stm32cube.ide.mcu.externaltools.gnu-tools-for-stm32.13.3.rel1.win32_1.0.0.202411081344/tools/bin/../lib/gcc/arm-none-eabi/13.3.1/thumb/v6-m/nofp\libgcc.a(_clzsi2.o)
                0x08001004                __clzsi2
 *(.text*)
 .text.Ds18b20_Init
                0x08001040       0x60 ./Core/Src/ds18b20.o
                0x08001040                Ds18b20_Init
 .text.Task_Ds18b20
                0x080010a0      0x230 ./Core/Src/ds18b20.o
                0x080010a0                Task_Ds18b20
 .text.DS18B20_StartAll
                0x080012d0       0x2c ./Core/Src/ds18b20.o
                0x080012d0                DS18B20_StartAll
 .text.DS18B20_Read
                0x080012fc      0x24c ./Core/Src/ds18b20.o
                0x080012fc                DS18B20_Read
 .text.DS18B20_SetResolution
                0x08001548      0x17e ./Core/Src/ds18b20.o
                0x08001548                DS18B20_SetResolution
 .text.DS18B20_Is
                0x080016c6       0x1e ./Core/Src/ds18b20.o
                0x080016c6                DS18B20_Is
 .text.DS18B20_DisableAlarmTemperature
                0x080016e4       0xf6 ./Core/Src/ds18b20.o
                0x080016e4                DS18B20_DisableAlarmTemperature
 .text.DS18B20_AllDone
                0x080017da       0x1a ./Core/Src/ds18b20.o
                0x080017da                DS18B20_AllDone
 .text.vApplicationGetIdleTaskMemory
                0x080017f4       0x30 ./Core/Src/freertos.o
                0x080017f4                vApplicationGetIdleTaskMemory
 .text.MX_FREERTOS_Init
                0x08001824       0x38 ./Core/Src/freertos.o
                0x08001824                MX_FREERTOS_Init
 .text.StartTask1
                0x0800185c       0x10 ./Core/Src/freertos.o
                0x0800185c                StartTask1
 .text.MX_GPIO_Init
                0x0800186c       0x90 ./Core/Src/gpio.o
                0x0800186c                MX_GPIO_Init
 .text.main     0x080018fc       0x54 ./Core/Src/main.o
                0x080018fc                main
 .text.SystemClock_Config
                0x08001950       0x94 ./Core/Src/main.o
                0x08001950                SystemClock_Config
 .text.TempTask
                0x080019e4       0x8c ./Core/Src/main.o
                0x080019e4                TempTask
 .text.HAL_TIM_PeriodElapsedCallback
                0x08001a70       0x24 ./Core/Src/main.o
                0x08001a70                HAL_TIM_PeriodElapsedCallback
 .text.Error_Handler
                0x08001a94        0xc ./Core/Src/main.o
                0x08001a94                Error_Handler
 .text.ONEWIRE_DELAY
                0x08001aa0       0x34 ./Core/Src/onewire.o
                0x08001aa0                ONEWIRE_DELAY
 .text.ONEWIRE_LOW
                0x08001ad4       0x1e ./Core/Src/onewire.o
                0x08001ad4                ONEWIRE_LOW
 .text.ONEWIRE_HIGH
                0x08001af2       0x1a ./Core/Src/onewire.o
                0x08001af2                ONEWIRE_HIGH
 .text.ONEWIRE_INPUT
                0x08001b0c       0x3c ./Core/Src/onewire.o
                0x08001b0c                ONEWIRE_INPUT
 .text.ONEWIRE_OUTPUT
                0x08001b48       0x3c ./Core/Src/onewire.o
                0x08001b48                ONEWIRE_OUTPUT
 .text.OneWire_Init
                0x08001b84       0x70 ./Core/Src/onewire.o
                0x08001b84                OneWire_Init
 .text.OneWire_Reset
                0x08001bf4       0x64 ./Core/Src/onewire.o
                0x08001bf4                OneWire_Reset
 .text.OneWire_WriteBit
                0x08001c58       0x78 ./Core/Src/onewire.o
                0x08001c58                OneWire_WriteBit
 .text.OneWire_ReadBit
                0x08001cd0       0x62 ./Core/Src/onewire.o
                0x08001cd0                OneWire_ReadBit
 .text.OneWire_WriteByte
                0x08001d32       0x50 ./Core/Src/onewire.o
                0x08001d32                OneWire_WriteByte
 .text.OneWire_ReadByte
                0x08001d82       0x60 ./Core/Src/onewire.o
                0x08001d82                OneWire_ReadByte
 .text.OneWire_First
                0x08001de2       0x24 ./Core/Src/onewire.o
                0x08001de2                OneWire_First
 .text.OneWire_Next
                0x08001e06       0x1c ./Core/Src/onewire.o
                0x08001e06                OneWire_Next
 .text.OneWire_ResetSearch
                0x08001e22       0x22 ./Core/Src/onewire.o
                0x08001e22                OneWire_ResetSearch
 .text.OneWire_Search
                0x08001e44      0x23c ./Core/Src/onewire.o
                0x08001e44                OneWire_Search
 .text.OneWire_SelectWithPointer
                0x08002080       0x52 ./Core/Src/onewire.o
                0x08002080                OneWire_SelectWithPointer
 .text.OneWire_GetFullROM
                0x080020d2       0x48 ./Core/Src/onewire.o
                0x080020d2                OneWire_GetFullROM
 .text.OneWire_CRC8
                0x0800211a       0xa8 ./Core/Src/onewire.o
                0x0800211a                OneWire_CRC8
 *fill*         0x080021c2        0x2 
 .text.HAL_MspInit
                0x080021c4       0x54 ./Core/Src/stm32f0xx_hal_msp.o
                0x080021c4                HAL_MspInit
 .text.HAL_InitTick
                0x08002218      0x108 ./Core/Src/stm32f0xx_hal_timebase_tim.o
                0x08002218                HAL_InitTick
 .text.NMI_Handler
                0x08002320        0x8 ./Core/Src/stm32f0xx_it.o
                0x08002320                NMI_Handler
 .text.HardFault_Handler
                0x08002328        0x8 ./Core/Src/stm32f0xx_it.o
                0x08002328                HardFault_Handler
 .text.TIM3_IRQHandler
                0x08002330       0x18 ./Core/Src/stm32f0xx_it.o
                0x08002330                TIM3_IRQHandler
 .text.SystemInit
                0x08002348        0xa ./Core/Src/system_stm32f0xx.o
                0x08002348                SystemInit
 *fill*         0x08002352        0x2 
 .text.MX_TIM6_Init
                0x08002354       0x44 ./Core/Src/tim.o
                0x08002354                MX_TIM6_Init
 .text.HAL_TIM_Base_MspInit
                0x08002398       0x3c ./Core/Src/tim.o
                0x08002398                HAL_TIM_Base_MspInit
 .text.Reset_Handler
                0x080023d4       0x50 ./Core/Startup/startup_stm32f030c8tx.o
                0x080023d4                Reset_Handler
 .text.Default_Handler
                0x08002424        0x2 ./Core/Startup/startup_stm32f030c8tx.o
                0x08002424                TIM1_CC_IRQHandler
                0x08002424                TIM6_IRQHandler
                0x08002424                I2C1_IRQHandler
                0x08002424                SPI1_IRQHandler
                0x08002424                EXTI2_3_IRQHandler
                0x08002424                ADC1_IRQHandler
                0x08002424                I2C2_IRQHandler
                0x08002424                TIM17_IRQHandler
                0x08002424                RTC_IRQHandler
                0x08002424                TIM16_IRQHandler
                0x08002424                EXTI4_15_IRQHandler
                0x08002424                RCC_IRQHandler
                0x08002424                DMA1_Channel1_IRQHandler
                0x08002424                Default_Handler
                0x08002424                TIM14_IRQHandler
                0x08002424                DMA1_Channel4_5_IRQHandler
                0x08002424                TIM15_IRQHandler
                0x08002424                EXTI0_1_IRQHandler
                0x08002424                SPI2_IRQHandler
                0x08002424                WWDG_IRQHandler
                0x08002424                DMA1_Channel2_3_IRQHandler
                0x08002424                USART2_IRQHandler
                0x08002424                FLASH_IRQHandler
                0x08002424                USART1_IRQHandler
                0x08002424                TIM1_BRK_UP_TRG_COM_IRQHandler
 *fill*         0x08002426        0x2 
 .text.HAL_Init
                0x08002428       0x28 ./Drivers/STM32F0xx_HAL_Driver/Src/stm32f0xx_hal.o
                0x08002428                HAL_Init
 .text.HAL_IncTick
                0x08002450       0x24 ./Drivers/STM32F0xx_HAL_Driver/Src/stm32f0xx_hal.o
                0x08002450                HAL_IncTick
 .text.HAL_GetTick
                0x08002474       0x14 ./Drivers/STM32F0xx_HAL_Driver/Src/stm32f0xx_hal.o
                0x08002474                HAL_GetTick
 .text.HAL_Delay
                0x08002488       0x48 ./Drivers/STM32F0xx_HAL_Driver/Src/stm32f0xx_hal.o
                0x08002488                HAL_Delay
 .text.__NVIC_EnableIRQ
                0x080024d0       0x34 ./Drivers/STM32F0xx_HAL_Driver/Src/stm32f0xx_hal_cortex.o
 .text.__NVIC_SetPriority
                0x08002504       0xdc ./Drivers/STM32F0xx_HAL_Driver/Src/stm32f0xx_hal_cortex.o
 .text.HAL_NVIC_SetPriority
                0x080025e0       0x2a ./Drivers/STM32F0xx_HAL_Driver/Src/stm32f0xx_hal_cortex.o
                0x080025e0                HAL_NVIC_SetPriority
 .text.HAL_NVIC_EnableIRQ
                0x0800260a       0x20 ./Drivers/STM32F0xx_HAL_Driver/Src/stm32f0xx_hal_cortex.o
                0x0800260a                HAL_NVIC_EnableIRQ
 *fill*         0x0800262a        0x2 
 .text.HAL_GPIO_Init
                0x0800262c      0x2e0 ./Drivers/STM32F0xx_HAL_Driver/Src/stm32f0xx_hal_gpio.o
                0x0800262c                HAL_GPIO_Init
 .text.HAL_GPIO_ReadPin
                0x0800290c       0x3a ./Drivers/STM32F0xx_HAL_Driver/Src/stm32f0xx_hal_gpio.o
                0x0800290c                HAL_GPIO_ReadPin
 .text.HAL_GPIO_WritePin
                0x08002946       0x3a ./Drivers/STM32F0xx_HAL_Driver/Src/stm32f0xx_hal_gpio.o
                0x08002946                HAL_GPIO_WritePin
 .text.HAL_RCC_OscConfig
                0x08002980      0x634 ./Drivers/STM32F0xx_HAL_Driver/Src/stm32f0xx_hal_rcc.o
                0x08002980                HAL_RCC_OscConfig
 .text.HAL_RCC_ClockConfig
                0x08002fb4      0x19c ./Drivers/STM32F0xx_HAL_Driver/Src/stm32f0xx_hal_rcc.o
                0x08002fb4                HAL_RCC_ClockConfig
 .text.HAL_RCC_GetSysClockFreq
                0x08003150       0xac ./Drivers/STM32F0xx_HAL_Driver/Src/stm32f0xx_hal_rcc.o
                0x08003150                HAL_RCC_GetSysClockFreq
 .text.HAL_RCC_GetHCLKFreq
                0x080031fc       0x14 ./Drivers/STM32F0xx_HAL_Driver/Src/stm32f0xx_hal_rcc.o
                0x080031fc                HAL_RCC_GetHCLKFreq
 .text.HAL_RCC_GetPCLK1Freq
                0x08003210       0x2c ./Drivers/STM32F0xx_HAL_Driver/Src/stm32f0xx_hal_rcc.o
                0x08003210                HAL_RCC_GetPCLK1Freq
 .text.HAL_RCC_GetClockConfig
                0x0800323c       0x54 ./Drivers/STM32F0xx_HAL_Driver/Src/stm32f0xx_hal_rcc.o
                0x0800323c                HAL_RCC_GetClockConfig
 .text.HAL_TIM_Base_Init
                0x08003290       0xa0 ./Drivers/STM32F0xx_HAL_Driver/Src/stm32f0xx_hal_tim.o
                0x08003290                HAL_TIM_Base_Init
 .text.HAL_TIM_Base_Start
                0x08003330       0x88 ./Drivers/STM32F0xx_HAL_Driver/Src/stm32f0xx_hal_tim.o
                0x08003330                HAL_TIM_Base_Start
 .text.HAL_TIM_Base_Start_IT
                0x080033b8       0x98 ./Drivers/STM32F0xx_HAL_Driver/Src/stm32f0xx_hal_tim.o
                0x080033b8                HAL_TIM_Base_Start_IT
 .text.HAL_TIM_IRQHandler
                0x08003450      0x1dc ./Drivers/STM32F0xx_HAL_Driver/Src/stm32f0xx_hal_tim.o
                0x08003450                HAL_TIM_IRQHandler
 .text.HAL_TIM_OC_DelayElapsedCallback
                0x0800362c       0x10 ./Drivers/STM32F0xx_HAL_Driver/Src/stm32f0xx_hal_tim.o
                0x0800362c                HAL_TIM_OC_DelayElapsedCallback
 .text.HAL_TIM_IC_CaptureCallback
                0x0800363c       0x10 ./Drivers/STM32F0xx_HAL_Driver/Src/stm32f0xx_hal_tim.o
                0x0800363c                HAL_TIM_IC_CaptureCallback
 .text.HAL_TIM_PWM_PulseFinishedCallback
                0x0800364c       0x10 ./Drivers/STM32F0xx_HAL_Driver/Src/stm32f0xx_hal_tim.o
                0x0800364c                HAL_TIM_PWM_PulseFinishedCallback
 .text.HAL_TIM_TriggerCallback
                0x0800365c       0x10 ./Drivers/STM32F0xx_HAL_Driver/Src/stm32f0xx_hal_tim.o
                0x0800365c                HAL_TIM_TriggerCallback
 .text.TIM_Base_SetConfig
                0x0800366c      0x108 ./Drivers/STM32F0xx_HAL_Driver/Src/stm32f0xx_hal_tim.o
                0x0800366c                TIM_Base_SetConfig
 .text.HAL_TIMEx_CommutCallback
                0x08003774       0x10 ./Drivers/STM32F0xx_HAL_Driver/Src/stm32f0xx_hal_tim_ex.o
                0x08003774                HAL_TIMEx_CommutCallback
 .text.HAL_TIMEx_BreakCallback
                0x08003784       0x10 ./Drivers/STM32F0xx_HAL_Driver/Src/stm32f0xx_hal_tim_ex.o
                0x08003784                HAL_TIMEx_BreakCallback
 .text.makeFreeRtosPriority
                0x08003794       0x32 ./Middlewares/Third_Party/FreeRTOS/Source/CMSIS_RTOS/cmsis_os.o
 .text.osKernelStart
                0x080037c6       0x10 ./Middlewares/Third_Party/FreeRTOS/Source/CMSIS_RTOS/cmsis_os.o
                0x080037c6                osKernelStart
 .text.osThreadCreate
                0x080037d6       0x9a ./Middlewares/Third_Party/FreeRTOS/Source/CMSIS_RTOS/cmsis_os.o
                0x080037d6                osThreadCreate
 .text.osDelay  0x08003870       0x28 ./Middlewares/Third_Party/FreeRTOS/Source/CMSIS_RTOS/cmsis_os.o
                0x08003870                osDelay
 .text.vListInitialise
                0x08003898       0x3c ./Middlewares/Third_Party/FreeRTOS/Source/list.o
                0x08003898                vListInitialise
 .text.vListInitialiseItem
                0x080038d4       0x16 ./Middlewares/Third_Party/FreeRTOS/Source/list.o
                0x080038d4                vListInitialiseItem
 .text.vListInsertEnd
                0x080038ea       0x44 ./Middlewares/Third_Party/FreeRTOS/Source/list.o
                0x080038ea                vListInsertEnd
 .text.vListInsert
                0x0800392e       0x6c ./Middlewares/Third_Party/FreeRTOS/Source/list.o
                0x0800392e                vListInsert
 .text.uxListRemove
                0x0800399a       0x50 ./Middlewares/Third_Party/FreeRTOS/Source/list.o
                0x0800399a                uxListRemove
 .text.xTaskCreateStatic
                0x080039ea       0x8c ./Middlewares/Third_Party/FreeRTOS/Source/tasks.o
                0x080039ea                xTaskCreateStatic
 .text.xTaskCreate
                0x08003a76       0x98 ./Middlewares/Third_Party/FreeRTOS/Source/tasks.o
                0x08003a76                xTaskCreate
 *fill*         0x08003b0e        0x2 
 .text.prvInitialiseNewTask
                0x08003b10       0xf4 ./Middlewares/Third_Party/FreeRTOS/Source/tasks.o
 .text.prvAddNewTaskToReadyList
                0x08003c04       0xc8 ./Middlewares/Third_Party/FreeRTOS/Source/tasks.o
 .text.vTaskDelete
                0x08003ccc       0xc8 ./Middlewares/Third_Party/FreeRTOS/Source/tasks.o
                0x08003ccc                vTaskDelete
 .text.vTaskDelay
                0x08003d94       0x4c ./Middlewares/Third_Party/FreeRTOS/Source/tasks.o
                0x08003d94                vTaskDelay
 .text.vTaskStartScheduler
                0x08003de0       0x9c ./Middlewares/Third_Party/FreeRTOS/Source/tasks.o
                0x08003de0                vTaskStartScheduler
 .text.vTaskSuspendAll
                0x08003e7c       0x18 ./Middlewares/Third_Party/FreeRTOS/Source/tasks.o
                0x08003e7c                vTaskSuspendAll
 .text.xTaskResumeAll
                0x08003e94      0x118 ./Middlewares/Third_Party/FreeRTOS/Source/tasks.o
                0x08003e94                xTaskResumeAll
 .text.xTaskIncrementTick
                0x08003fac      0x16c ./Middlewares/Third_Party/FreeRTOS/Source/tasks.o
                0x08003fac                xTaskIncrementTick
 .text.vTaskSwitchContext
                0x08004118       0xa4 ./Middlewares/Third_Party/FreeRTOS/Source/tasks.o
                0x08004118                vTaskSwitchContext
 .text.prvIdleTask
                0x080041bc       0x20 ./Middlewares/Third_Party/FreeRTOS/Source/tasks.o
 .text.prvInitialiseTaskLists
                0x080041dc       0x88 ./Middlewares/Third_Party/FreeRTOS/Source/tasks.o
 .text.prvCheckTasksWaitingTermination
                0x08004264       0x5c ./Middlewares/Third_Party/FreeRTOS/Source/tasks.o
 .text.prvDeleteTCB
                0x080042c0       0x52 ./Middlewares/Third_Party/FreeRTOS/Source/tasks.o
 *fill*         0x08004312        0x2 
 .text.prvResetNextTaskUnblockTime
                0x08004314       0x48 ./Middlewares/Third_Party/FreeRTOS/Source/tasks.o
 .text.prvAddCurrentTaskToDelayedList
                0x0800435c       0xa8 ./Middlewares/Third_Party/FreeRTOS/Source/tasks.o
 .text.pxPortInitialiseStack
                0x08004404       0x54 ./Middlewares/Third_Party/FreeRTOS/Source/portable/GCC/ARM_CM0/port.o
                0x08004404                pxPortInitialiseStack
 .text.prvTaskExitError
                0x08004458       0x30 ./Middlewares/Third_Party/FreeRTOS/Source/portable/GCC/ARM_CM0/port.o
 .text.SVC_Handler
                0x08004488        0xa ./Middlewares/Third_Party/FreeRTOS/Source/portable/GCC/ARM_CM0/port.o
                0x08004488                SVC_Handler
 *fill*         0x08004492        0xe 
 .text.vPortStartFirstTask
                0x080044a0       0x38 ./Middlewares/Third_Party/FreeRTOS/Source/portable/GCC/ARM_CM0/port.o
 .text.xPortStartScheduler
                0x080044d8       0x48 ./Middlewares/Third_Party/FreeRTOS/Source/portable/GCC/ARM_CM0/port.o
                0x080044d8                xPortStartScheduler
 .text.vPortYield
                0x08004520       0x20 ./Middlewares/Third_Party/FreeRTOS/Source/portable/GCC/ARM_CM0/port.o
                0x08004520                vPortYield
 .text.vPortEnterCritical
                0x08004540       0x24 ./Middlewares/Third_Party/FreeRTOS/Source/portable/GCC/ARM_CM0/port.o
                0x08004540                vPortEnterCritical
 .text.vPortExitCritical
                0x08004564       0x30 ./Middlewares/Third_Party/FreeRTOS/Source/portable/GCC/ARM_CM0/port.o
                0x08004564                vPortExitCritical
 .text.ulSetInterruptMaskFromISR
                0x08004594        0xc ./Middlewares/Third_Party/FreeRTOS/Source/portable/GCC/ARM_CM0/port.o
                0x08004594                ulSetInterruptMaskFromISR
 .text.vClearInterruptMaskFromISR
                0x080045a0        0x8 ./Middlewares/Third_Party/FreeRTOS/Source/portable/GCC/ARM_CM0/port.o
                0x080045a0                vClearInterruptMaskFromISR
 *fill*         0x080045a8        0x8 
 .text.PendSV_Handler
                0x080045b0       0x48 ./Middlewares/Third_Party/FreeRTOS/Source/portable/GCC/ARM_CM0/port.o
                0x080045b0                PendSV_Handler
 .text.SysTick_Handler
                0x080045f8       0x34 ./Middlewares/Third_Party/FreeRTOS/Source/portable/GCC/ARM_CM0/port.o
                0x080045f8                SysTick_Handler
 .text.prvSetupTimerInterrupt
                0x0800462c       0x44 ./Middlewares/Third_Party/FreeRTOS/Source/portable/GCC/ARM_CM0/port.o
 .text.pvPortMalloc
                0x08004670      0x150 ./Middlewares/Third_Party/FreeRTOS/Source/portable/MemMang/heap_4.o
                0x08004670                pvPortMalloc
 .text.vPortFree
                0x080047c0       0x94 ./Middlewares/Third_Party/FreeRTOS/Source/portable/MemMang/heap_4.o
                0x080047c0                vPortFree
 .text.prvHeapInit
                0x08004854       0xc0 ./Middlewares/Third_Party/FreeRTOS/Source/portable/MemMang/heap_4.o
 .text.prvInsertBlockIntoFreeList
                0x08004914       0xb0 ./Middlewares/Third_Party/FreeRTOS/Source/portable/MemMang/heap_4.o
 .text.memset   0x080049c4       0x10 C:/ST/STM32CubeIDE_1.18.1/STM32CubeIDE/plugins/com.st.stm32cube.ide.mcu.externaltools.gnu-tools-for-stm32.13.3.rel1.win32_1.0.0.202411081344/tools/bin/../lib/gcc/arm-none-eabi/13.3.1/../../../../arm-none-eabi/lib/thumb/v6-m/nofp\libc_nano.a(libc_a-memset.o)
                0x080049c4                memset
 .text.__libc_init_array
                0x080049d4       0x48 C:/ST/STM32CubeIDE_1.18.1/STM32CubeIDE/plugins/com.st.stm32cube.ide.mcu.externaltools.gnu-tools-for-stm32.13.3.rel1.win32_1.0.0.202411081344/tools/bin/../lib/gcc/arm-none-eabi/13.3.1/../../../../arm-none-eabi/lib/thumb/v6-m/nofp\libc_nano.a(libc_a-init.o)
                0x080049d4                __libc_init_array
 *(.glue_7)
 .glue_7        0x08004a1c        0x0 linker stubs
 *(.glue_7t)
 .glue_7t       0x08004a1c        0x0 linker stubs
 *(.eh_frame)
 .eh_frame      0x08004a1c        0x0 C:/ST/STM32CubeIDE_1.18.1/STM32CubeIDE/plugins/com.st.stm32cube.ide.mcu.externaltools.gnu-tools-for-stm32.13.3.rel1.win32_1.0.0.202411081344/tools/bin/../lib/gcc/arm-none-eabi/13.3.1/thumb/v6-m/nofp/crtbegin.o
 *(.init)
 .init          0x08004a1c        0x4 C:/ST/STM32CubeIDE_1.18.1/STM32CubeIDE/plugins/com.st.stm32cube.ide.mcu.externaltools.gnu-tools-for-stm32.13.3.rel1.win32_1.0.0.202411081344/tools/bin/../lib/gcc/arm-none-eabi/13.3.1/thumb/v6-m/nofp/crti.o
                0x08004a1c                _init
 .init          0x08004a20        0x8 C:/ST/STM32CubeIDE_1.18.1/STM32CubeIDE/plugins/com.st.stm32cube.ide.mcu.externaltools.gnu-tools-for-stm32.13.3.rel1.win32_1.0.0.202411081344/tools/bin/../lib/gcc/arm-none-eabi/13.3.1/thumb/v6-m/nofp/crtn.o
 *(.fini)
 .fini          0x08004a28        0x4 C:/ST/STM32CubeIDE_1.18.1/STM32CubeIDE/plugins/com.st.stm32cube.ide.mcu.externaltools.gnu-tools-for-stm32.13.3.rel1.win32_1.0.0.202411081344/tools/bin/../lib/gcc/arm-none-eabi/13.3.1/thumb/v6-m/nofp/crti.o
                0x08004a28                _fini
 .fini          0x08004a2c        0x8 C:/ST/STM32CubeIDE_1.18.1/STM32CubeIDE/plugins/com.st.stm32cube.ide.mcu.externaltools.gnu-tools-for-stm32.13.3.rel1.win32_1.0.0.202411081344/tools/bin/../lib/gcc/arm-none-eabi/13.3.1/thumb/v6-m/nofp/crtn.o
                0x08004a34                        . = ALIGN (0x4)
                0x08004a34                        _etext = .

.vfp11_veneer   0x08004a34        0x0
 .vfp11_veneer  0x08004a34        0x0 linker stubs

.v4_bx          0x08004a34        0x0
 .v4_bx         0x08004a34        0x0 linker stubs

.iplt           0x08004a34        0x0
 .iplt          0x08004a34        0x0 C:/ST/STM32CubeIDE_1.18.1/STM32CubeIDE/plugins/com.st.stm32cube.ide.mcu.externaltools.gnu-tools-for-stm32.13.3.rel1.win32_1.0.0.202411081344/tools/bin/../lib/gcc/arm-none-eabi/13.3.1/thumb/v6-m/nofp/crtbegin.o

.rodata         0x08004a34       0x9c
                0x08004a34                        . = ALIGN (0x4)
 *(.rodata)
 .rodata        0x08004a34        0xf ./Core/Src/ds18b20.o
 *fill*         0x08004a43        0x1 
 .rodata        0x08004a44       0x24 ./Core/Src/freertos.o
 .rodata        0x08004a68       0x28 ./Core/Src/main.o
 .rodata        0x08004a90        0x5 ./Middlewares/Third_Party/FreeRTOS/Source/tasks.o
 *(.rodata*)
 *fill*         0x08004a95        0x3 
 .rodata.AHBPrescTable
                0x08004a98       0x10 ./Core/Src/system_stm32f0xx.o
                0x08004a98                AHBPrescTable
 .rodata.APBPrescTable
                0x08004aa8        0x8 ./Core/Src/system_stm32f0xx.o
                0x08004aa8                APBPrescTable
 .rodata.aPLLMULFactorTable.1
                0x08004ab0       0x10 ./Drivers/STM32F0xx_HAL_Driver/Src/stm32f0xx_hal_rcc.o
 .rodata.aPredivFactorTable.0
                0x08004ac0       0x10 ./Drivers/STM32F0xx_HAL_Driver/Src/stm32f0xx_hal_rcc.o
                0x08004ad0                        . = ALIGN (0x4)

.ARM.extab      0x08004ad0        0x0
                0x08004ad0                        . = ALIGN (0x4)
 *(.ARM.extab* .gnu.linkonce.armextab.*)
                0x08004ad0                        . = ALIGN (0x4)

.ARM            0x08004ad0        0x0
                0x08004ad0                        . = ALIGN (0x4)
                0x08004ad0                        __exidx_start = .
 *(.ARM.exidx*)
                0x08004ad0                        __exidx_end = .
                0x08004ad0                        . = ALIGN (0x4)

.preinit_array  0x08004ad0        0x0
                0x08004ad0                        . = ALIGN (0x4)
                0x08004ad0                        PROVIDE (__preinit_array_start = .)
 *(.preinit_array*)
                0x08004ad0                        PROVIDE (__preinit_array_end = .)
                0x08004ad0                        . = ALIGN (0x4)

.init_array     0x08004ad0        0x4
                0x08004ad0                        . = ALIGN (0x4)
                0x08004ad0                        PROVIDE (__init_array_start = .)
 *(SORT_BY_NAME(.init_array.*))
 *(.init_array*)
 .init_array    0x08004ad0        0x4 C:/ST/STM32CubeIDE_1.18.1/STM32CubeIDE/plugins/com.st.stm32cube.ide.mcu.externaltools.gnu-tools-for-stm32.13.3.rel1.win32_1.0.0.202411081344/tools/bin/../lib/gcc/arm-none-eabi/13.3.1/thumb/v6-m/nofp/crtbegin.o
                0x08004ad4                        PROVIDE (__init_array_end = .)
                0x08004ad4                        . = ALIGN (0x4)

.fini_array     0x08004ad4        0x4
                0x08004ad4                        . = ALIGN (0x4)
                [!provide]                        PROVIDE (__fini_array_start = .)
 *(SORT_BY_NAME(.fini_array.*))
 *(.fini_array*)
 .fini_array    0x08004ad4        0x4 C:/ST/STM32CubeIDE_1.18.1/STM32CubeIDE/plugins/com.st.stm32cube.ide.mcu.externaltools.gnu-tools-for-stm32.13.3.rel1.win32_1.0.0.202411081344/tools/bin/../lib/gcc/arm-none-eabi/13.3.1/thumb/v6-m/nofp/crtbegin.o
                [!provide]                        PROVIDE (__fini_array_end = .)
                0x08004ad8                        . = ALIGN (0x4)
                0x08004ad8                        _sidata = LOADADDR (.data)

.rel.dyn        0x08004ad8        0x0
 .rel.iplt      0x08004ad8        0x0 C:/ST/STM32CubeIDE_1.18.1/STM32CubeIDE/plugins/com.st.stm32cube.ide.mcu.externaltools.gnu-tools-for-stm32.13.3.rel1.win32_1.0.0.202411081344/tools/bin/../lib/gcc/arm-none-eabi/13.3.1/thumb/v6-m/nofp/crtbegin.o

.data           0x20000000       0x10 load address 0x08004ad8
                0x20000000                        . = ALIGN (0x4)
                0x20000000                        _sdata = .
 *(.data)
 *(.data*)
 .data.SystemCoreClock
                0x20000000        0x4 ./Core/Src/system_stm32f0xx.o
                0x20000000                SystemCoreClock
 .data.uwTickPrio
                0x20000004        0x4 ./Drivers/STM32F0xx_HAL_Driver/Src/stm32f0xx_hal.o
                0x20000004                uwTickPrio
 .data.uwTickFreq
                0x20000008        0x1 ./Drivers/STM32F0xx_HAL_Driver/Src/stm32f0xx_hal.o
                0x20000008                uwTickFreq
 *fill*         0x20000009        0x3 
 .data.uxCriticalNesting
                0x2000000c        0x4 ./Middlewares/Third_Party/FreeRTOS/Source/portable/GCC/ARM_CM0/port.o
 *(.RamFunc)
 *(.RamFunc*)
                0x20000010                        . = ALIGN (0x4)
                0x20000010                        _edata = .

.igot.plt       0x20000010        0x0 load address 0x08004ae8
 .igot.plt      0x20000010        0x0 C:/ST/STM32CubeIDE_1.18.1/STM32CubeIDE/plugins/com.st.stm32cube.ide.mcu.externaltools.gnu-tools-for-stm32.13.3.rel1.win32_1.0.0.202411081344/tools/bin/../lib/gcc/arm-none-eabi/13.3.1/thumb/v6-m/nofp/crtbegin.o
                0x20000010                        . = ALIGN (0x4)

.bss            0x20000010     0x1080 load address 0x08004ae8
                0x20000010                        _sbss = .
                0x20000010                        __bss_start__ = _sbss
 *(.bss)
 .bss           0x20000010       0x1c C:/ST/STM32CubeIDE_1.18.1/STM32CubeIDE/plugins/com.st.stm32cube.ide.mcu.externaltools.gnu-tools-for-stm32.13.3.rel1.win32_1.0.0.202411081344/tools/bin/../lib/gcc/arm-none-eabi/13.3.1/thumb/v6-m/nofp/crtbegin.o
 *(.bss*)
 .bss.ds18b20   0x2000002c       0x10 ./Core/Src/ds18b20.o
                0x2000002c                ds18b20
 .bss.OneWire   0x2000003c       0x14 ./Core/Src/ds18b20.o
                0x2000003c                OneWire
 .bss.OneWireDevices
                0x20000050        0x1 ./Core/Src/ds18b20.o
                0x20000050                OneWireDevices
 .bss.TempSensorCount
                0x20000051        0x1 ./Core/Src/ds18b20.o
                0x20000051                TempSensorCount
 .bss.Ds18b20StartConvert
                0x20000052        0x1 ./Core/Src/ds18b20.o
                0x20000052                Ds18b20StartConvert
 *fill*         0x20000053        0x1 
 .bss.Ds18b20Timeout
                0x20000054        0x2 ./Core/Src/ds18b20.o
                0x20000054                Ds18b20Timeout
 *fill*         0x20000056        0x2 
 .bss.Ds18b20Handle
                0x20000058        0x4 ./Core/Src/ds18b20.o
                0x20000058                Ds18b20Handle
 .bss.Task1Handle
                0x2000005c        0x4 ./Core/Src/freertos.o
                0x2000005c                Task1Handle
 .bss.xIdleTaskTCBBuffer
                0x20000060       0x54 ./Core/Src/freertos.o
 .bss.xIdleStack
                0x200000b4      0x200 ./Core/Src/freertos.o
 .bss.TempTaskHandle
                0x200002b4        0x4 ./Core/Src/main.o
                0x200002b4                TempTaskHandle
 .bss.htim3     0x200002b8       0x48 ./Core/Src/stm32f0xx_hal_timebase_tim.o
                0x200002b8                htim3
 .bss.htim6     0x20000300       0x48 ./Core/Src/tim.o
                0x20000300                htim6
 .bss.uwTick    0x20000348        0x4 ./Drivers/STM32F0xx_HAL_Driver/Src/stm32f0xx_hal.o
                0x20000348                uwTick
 .bss.pxCurrentTCB
                0x2000034c        0x4 ./Middlewares/Third_Party/FreeRTOS/Source/tasks.o
                0x2000034c                pxCurrentTCB
 .bss.pxReadyTasksLists
                0x20000350       0x8c ./Middlewares/Third_Party/FreeRTOS/Source/tasks.o
 .bss.xDelayedTaskList1
                0x200003dc       0x14 ./Middlewares/Third_Party/FreeRTOS/Source/tasks.o
 .bss.xDelayedTaskList2
                0x200003f0       0x14 ./Middlewares/Third_Party/FreeRTOS/Source/tasks.o
 .bss.pxDelayedTaskList
                0x20000404        0x4 ./Middlewares/Third_Party/FreeRTOS/Source/tasks.o
 .bss.pxOverflowDelayedTaskList
                0x20000408        0x4 ./Middlewares/Third_Party/FreeRTOS/Source/tasks.o
 .bss.xPendingReadyList
                0x2000040c       0x14 ./Middlewares/Third_Party/FreeRTOS/Source/tasks.o
 .bss.xTasksWaitingTermination
                0x20000420       0x14 ./Middlewares/Third_Party/FreeRTOS/Source/tasks.o
 .bss.uxDeletedTasksWaitingCleanUp
                0x20000434        0x4 ./Middlewares/Third_Party/FreeRTOS/Source/tasks.o
 .bss.xSuspendedTaskList
                0x20000438       0x14 ./Middlewares/Third_Party/FreeRTOS/Source/tasks.o
 .bss.uxCurrentNumberOfTasks
                0x2000044c        0x4 ./Middlewares/Third_Party/FreeRTOS/Source/tasks.o
 .bss.xTickCount
                0x20000450        0x4 ./Middlewares/Third_Party/FreeRTOS/Source/tasks.o
 .bss.uxTopReadyPriority
                0x20000454        0x4 ./Middlewares/Third_Party/FreeRTOS/Source/tasks.o
 .bss.xSchedulerRunning
                0x20000458        0x4 ./Middlewares/Third_Party/FreeRTOS/Source/tasks.o
 .bss.uxPendedTicks
                0x2000045c        0x4 ./Middlewares/Third_Party/FreeRTOS/Source/tasks.o
 .bss.xYieldPending
                0x20000460        0x4 ./Middlewares/Third_Party/FreeRTOS/Source/tasks.o
 .bss.xNumOfOverflows
                0x20000464        0x4 ./Middlewares/Third_Party/FreeRTOS/Source/tasks.o
 .bss.uxTaskNumber
                0x20000468        0x4 ./Middlewares/Third_Party/FreeRTOS/Source/tasks.o
 .bss.xNextTaskUnblockTime
                0x2000046c        0x4 ./Middlewares/Third_Party/FreeRTOS/Source/tasks.o
 .bss.xIdleTaskHandle
                0x20000470        0x4 ./Middlewares/Third_Party/FreeRTOS/Source/tasks.o
 .bss.uxSchedulerSuspended
                0x20000474        0x4 ./Middlewares/Third_Party/FreeRTOS/Source/tasks.o
 .bss.ucHeap    0x20000478      0xc00 ./Middlewares/Third_Party/FreeRTOS/Source/portable/MemMang/heap_4.o
 .bss.xStart    0x20001078        0x8 ./Middlewares/Third_Party/FreeRTOS/Source/portable/MemMang/heap_4.o
 .bss.pxEnd     0x20001080        0x4 ./Middlewares/Third_Party/FreeRTOS/Source/portable/MemMang/heap_4.o
 .bss.xFreeBytesRemaining
                0x20001084        0x4 ./Middlewares/Third_Party/FreeRTOS/Source/portable/MemMang/heap_4.o
 .bss.xMinimumEverFreeBytesRemaining
                0x20001088        0x4 ./Middlewares/Third_Party/FreeRTOS/Source/portable/MemMang/heap_4.o
 .bss.xBlockAllocatedBit
                0x2000108c        0x4 ./Middlewares/Third_Party/FreeRTOS/Source/portable/MemMang/heap_4.o
 *(COMMON)
                0x20001090                        . = ALIGN (0x4)
                0x20001090                        _ebss = .
                0x20001090                        __bss_end__ = _ebss

._user_heap_stack
                0x20001090      0x600 load address 0x08004ae8
                0x20001090                        . = ALIGN (0x8)
                [!provide]                        PROVIDE (end = .)
                0x20001090                        PROVIDE (_end = .)
                0x20001290                        . = (. + _Min_Heap_Size)
 *fill*         0x20001090      0x200 
                0x20001690                        . = (. + _Min_Stack_Size)
 *fill*         0x20001290      0x400 
                0x20001690                        . = ALIGN (0x8)

/DISCARD/
 libc.a(*)
 libm.a(*)
 libgcc.a(*)

.ARM.attributes
                0x00000000       0x28
 *(.ARM.attributes)
 .ARM.attributes
                0x00000000       0x1e C:/ST/STM32CubeIDE_1.18.1/STM32CubeIDE/plugins/com.st.stm32cube.ide.mcu.externaltools.gnu-tools-for-stm32.13.3.rel1.win32_1.0.0.202411081344/tools/bin/../lib/gcc/arm-none-eabi/13.3.1/thumb/v6-m/nofp/crti.o
 .ARM.attributes
                0x0000001e       0x2c C:/ST/STM32CubeIDE_1.18.1/STM32CubeIDE/plugins/com.st.stm32cube.ide.mcu.externaltools.gnu-tools-for-stm32.13.3.rel1.win32_1.0.0.202411081344/tools/bin/../lib/gcc/arm-none-eabi/13.3.1/thumb/v6-m/nofp/crtbegin.o
 .ARM.attributes
                0x0000004a       0x2c ./Core/Src/ds18b20.o
 .ARM.attributes
                0x00000076       0x2c ./Core/Src/freertos.o
 .ARM.attributes
                0x000000a2       0x2c ./Core/Src/gpio.o
 .ARM.attributes
                0x000000ce       0x2c ./Core/Src/main.o
 .ARM.attributes
                0x000000fa       0x2c ./Core/Src/onewire.o
 .ARM.attributes
                0x00000126       0x2c ./Core/Src/stm32f0xx_hal_msp.o
 .ARM.attributes
                0x00000152       0x2c ./Core/Src/stm32f0xx_hal_timebase_tim.o
 .ARM.attributes
                0x0000017e       0x2c ./Core/Src/stm32f0xx_it.o
 .ARM.attributes
                0x000001aa       0x2c ./Core/Src/system_stm32f0xx.o
 .ARM.attributes
                0x000001d6       0x2c ./Core/Src/tim.o
 .ARM.attributes
                0x00000202       0x21 ./Core/Startup/startup_stm32f030c8tx.o
 .ARM.attributes
                0x00000223       0x2c ./Drivers/STM32F0xx_HAL_Driver/Src/stm32f0xx_hal.o
 .ARM.attributes
                0x0000024f       0x2c ./Drivers/STM32F0xx_HAL_Driver/Src/stm32f0xx_hal_cortex.o
 .ARM.attributes
                0x0000027b       0x2c ./Drivers/STM32F0xx_HAL_Driver/Src/stm32f0xx_hal_gpio.o
 .ARM.attributes
                0x000002a7       0x2c ./Drivers/STM32F0xx_HAL_Driver/Src/stm32f0xx_hal_rcc.o
 .ARM.attributes
                0x000002d3       0x2c ./Drivers/STM32F0xx_HAL_Driver/Src/stm32f0xx_hal_tim.o
 .ARM.attributes
                0x000002ff       0x2c ./Drivers/STM32F0xx_HAL_Driver/Src/stm32f0xx_hal_tim_ex.o
 .ARM.attributes
                0x0000032b       0x2c ./Middlewares/Third_Party/FreeRTOS/Source/CMSIS_RTOS/cmsis_os.o
 .ARM.attributes
                0x00000357       0x2c ./Middlewares/Third_Party/FreeRTOS/Source/list.o
 .ARM.attributes
                0x00000383       0x2c ./Middlewares/Third_Party/FreeRTOS/Source/tasks.o
 .ARM.attributes
                0x000003af       0x2c ./Middlewares/Third_Party/FreeRTOS/Source/portable/GCC/ARM_CM0/port.o
 .ARM.attributes
                0x000003db       0x2c ./Middlewares/Third_Party/FreeRTOS/Source/portable/MemMang/heap_4.o
 .ARM.attributes
                0x00000407       0x2c C:/ST/STM32CubeIDE_1.18.1/STM32CubeIDE/plugins/com.st.stm32cube.ide.mcu.externaltools.gnu-tools-for-stm32.13.3.rel1.win32_1.0.0.202411081344/tools/bin/../lib/gcc/arm-none-eabi/13.3.1/../../../../arm-none-eabi/lib/thumb/v6-m/nofp\libc_nano.a(libc_a-memset.o)
 .ARM.attributes
                0x00000433       0x2c C:/ST/STM32CubeIDE_1.18.1/STM32CubeIDE/plugins/com.st.stm32cube.ide.mcu.externaltools.gnu-tools-for-stm32.13.3.rel1.win32_1.0.0.202411081344/tools/bin/../lib/gcc/arm-none-eabi/13.3.1/../../../../arm-none-eabi/lib/thumb/v6-m/nofp\libc_nano.a(libc_a-init.o)
 .ARM.attributes
                0x0000045f       0x1e C:/ST/STM32CubeIDE_1.18.1/STM32CubeIDE/plugins/com.st.stm32cube.ide.mcu.externaltools.gnu-tools-for-stm32.13.3.rel1.win32_1.0.0.202411081344/tools/bin/../lib/gcc/arm-none-eabi/13.3.1/thumb/v6-m/nofp\libgcc.a(_udivsi3.o)
 .ARM.attributes
                0x0000047d       0x1e C:/ST/STM32CubeIDE_1.18.1/STM32CubeIDE/plugins/com.st.stm32cube.ide.mcu.externaltools.gnu-tools-for-stm32.13.3.rel1.win32_1.0.0.202411081344/tools/bin/../lib/gcc/arm-none-eabi/13.3.1/thumb/v6-m/nofp\libgcc.a(_dvmd_tls.o)
 .ARM.attributes
                0x0000049b       0x1e C:/ST/STM32CubeIDE_1.18.1/STM32CubeIDE/plugins/com.st.stm32cube.ide.mcu.externaltools.gnu-tools-for-stm32.13.3.rel1.win32_1.0.0.202411081344/tools/bin/../lib/gcc/arm-none-eabi/13.3.1/thumb/v6-m/nofp\libgcc.a(_arm_cmpsf2.o)
 .ARM.attributes
                0x000004b9       0x2c C:/ST/STM32CubeIDE_1.18.1/STM32CubeIDE/plugins/com.st.stm32cube.ide.mcu.externaltools.gnu-tools-for-stm32.13.3.rel1.win32_1.0.0.202411081344/tools/bin/../lib/gcc/arm-none-eabi/13.3.1/thumb/v6-m/nofp\libgcc.a(addsf3.o)
 .ARM.attributes
                0x000004e5       0x2c C:/ST/STM32CubeIDE_1.18.1/STM32CubeIDE/plugins/com.st.stm32cube.ide.mcu.externaltools.gnu-tools-for-stm32.13.3.rel1.win32_1.0.0.202411081344/tools/bin/../lib/gcc/arm-none-eabi/13.3.1/thumb/v6-m/nofp\libgcc.a(eqsf2.o)
 .ARM.attributes
                0x00000511       0x2c C:/ST/STM32CubeIDE_1.18.1/STM32CubeIDE/plugins/com.st.stm32cube.ide.mcu.externaltools.gnu-tools-for-stm32.13.3.rel1.win32_1.0.0.202411081344/tools/bin/../lib/gcc/arm-none-eabi/13.3.1/thumb/v6-m/nofp\libgcc.a(gesf2.o)
 .ARM.attributes
                0x0000053d       0x2c C:/ST/STM32CubeIDE_1.18.1/STM32CubeIDE/plugins/com.st.stm32cube.ide.mcu.externaltools.gnu-tools-for-stm32.13.3.rel1.win32_1.0.0.202411081344/tools/bin/../lib/gcc/arm-none-eabi/13.3.1/thumb/v6-m/nofp\libgcc.a(lesf2.o)
 .ARM.attributes
                0x00000569       0x2c C:/ST/STM32CubeIDE_1.18.1/STM32CubeIDE/plugins/com.st.stm32cube.ide.mcu.externaltools.gnu-tools-for-stm32.13.3.rel1.win32_1.0.0.202411081344/tools/bin/../lib/gcc/arm-none-eabi/13.3.1/thumb/v6-m/nofp\libgcc.a(mulsf3.o)
 .ARM.attributes
                0x00000595       0x2c C:/ST/STM32CubeIDE_1.18.1/STM32CubeIDE/plugins/com.st.stm32cube.ide.mcu.externaltools.gnu-tools-for-stm32.13.3.rel1.win32_1.0.0.202411081344/tools/bin/../lib/gcc/arm-none-eabi/13.3.1/thumb/v6-m/nofp\libgcc.a(subsf3.o)
 .ARM.attributes
                0x000005c1       0x2c C:/ST/STM32CubeIDE_1.18.1/STM32CubeIDE/plugins/com.st.stm32cube.ide.mcu.externaltools.gnu-tools-for-stm32.13.3.rel1.win32_1.0.0.202411081344/tools/bin/../lib/gcc/arm-none-eabi/13.3.1/thumb/v6-m/nofp\libgcc.a(floatsisf.o)
 .ARM.attributes
                0x000005ed       0x1e C:/ST/STM32CubeIDE_1.18.1/STM32CubeIDE/plugins/com.st.stm32cube.ide.mcu.externaltools.gnu-tools-for-stm32.13.3.rel1.win32_1.0.0.202411081344/tools/bin/../lib/gcc/arm-none-eabi/13.3.1/thumb/v6-m/nofp\libgcc.a(_clzsi2.o)
 .ARM.attributes
                0x0000060b       0x1e C:/ST/STM32CubeIDE_1.18.1/STM32CubeIDE/plugins/com.st.stm32cube.ide.mcu.externaltools.gnu-tools-for-stm32.13.3.rel1.win32_1.0.0.202411081344/tools/bin/../lib/gcc/arm-none-eabi/13.3.1/thumb/v6-m/nofp/crtn.o
OUTPUT(DS18B20_sensor.elf elf32-littlearm)
LOAD linker stubs
LOAD C:/ST/STM32CubeIDE_1.18.1/STM32CubeIDE/plugins/com.st.stm32cube.ide.mcu.externaltools.gnu-tools-for-stm32.13.3.rel1.win32_1.0.0.202411081344/tools/bin/../lib/gcc/arm-none-eabi/13.3.1/../../../../arm-none-eabi/lib/thumb/v6-m/nofp\libc.a
LOAD C:/ST/STM32CubeIDE_1.18.1/STM32CubeIDE/plugins/com.st.stm32cube.ide.mcu.externaltools.gnu-tools-for-stm32.13.3.rel1.win32_1.0.0.202411081344/tools/bin/../lib/gcc/arm-none-eabi/13.3.1/../../../../arm-none-eabi/lib/thumb/v6-m/nofp\libm.a
LOAD C:/ST/STM32CubeIDE_1.18.1/STM32CubeIDE/plugins/com.st.stm32cube.ide.mcu.externaltools.gnu-tools-for-stm32.13.3.rel1.win32_1.0.0.202411081344/tools/bin/../lib/gcc/arm-none-eabi/13.3.1/thumb/v6-m/nofp\libgcc.a

.debug_info     0x00000000     0xdc7b
 .debug_info    0x00000000      0xb81 ./Core/Src/ds18b20.o
 .debug_info    0x00000b81      0x4ac ./Core/Src/freertos.o
 .debug_info    0x0000102d      0x309 ./Core/Src/gpio.o
 .debug_info    0x00001336      0xd74 ./Core/Src/main.o
 .debug_info    0x000020aa      0xde0 ./Core/Src/onewire.o
 .debug_info    0x00002e8a      0x284 ./Core/Src/stm32f0xx_hal_msp.o
 .debug_info    0x0000310e      0x937 ./Core/Src/stm32f0xx_hal_timebase_tim.o
 .debug_info    0x00003a45      0x618 ./Core/Src/stm32f0xx_it.o
 .debug_info    0x0000405d      0x242 ./Core/Src/system_stm32f0xx.o
 .debug_info    0x0000429f      0x772 ./Core/Src/tim.o
 .debug_info    0x00004a11       0x30 ./Core/Startup/startup_stm32f030c8tx.o
 .debug_info    0x00004a41      0x670 ./Drivers/STM32F0xx_HAL_Driver/Src/stm32f0xx_hal.o
 .debug_info    0x000050b1      0x69b ./Drivers/STM32F0xx_HAL_Driver/Src/stm32f0xx_hal_cortex.o
 .debug_info    0x0000574c      0x5c3 ./Drivers/STM32F0xx_HAL_Driver/Src/stm32f0xx_hal_gpio.o
 .debug_info    0x00005d0f      0x844 ./Drivers/STM32F0xx_HAL_Driver/Src/stm32f0xx_hal_rcc.o
 .debug_info    0x00006553     0x2946 ./Drivers/STM32F0xx_HAL_Driver/Src/stm32f0xx_hal_tim.o
 .debug_info    0x00008e99     0x1488 ./Drivers/STM32F0xx_HAL_Driver/Src/stm32f0xx_hal_tim_ex.o
 .debug_info    0x0000a321     0x1adc ./Middlewares/Third_Party/FreeRTOS/Source/CMSIS_RTOS/cmsis_os.o
 .debug_info    0x0000bdfd      0x2aa ./Middlewares/Third_Party/FreeRTOS/Source/list.o
 .debug_info    0x0000c0a7     0x1642 ./Middlewares/Third_Party/FreeRTOS/Source/tasks.o
 .debug_info    0x0000d6e9      0x289 ./Middlewares/Third_Party/FreeRTOS/Source/portable/GCC/ARM_CM0/port.o
 .debug_info    0x0000d972      0x309 ./Middlewares/Third_Party/FreeRTOS/Source/portable/MemMang/heap_4.o

.debug_abbrev   0x00000000     0x2c14
 .debug_abbrev  0x00000000      0x30b ./Core/Src/ds18b20.o
 .debug_abbrev  0x0000030b      0x162 ./Core/Src/freertos.o
 .debug_abbrev  0x0000046d      0x142 ./Core/Src/gpio.o
 .debug_abbrev  0x000005af      0x2b6 ./Core/Src/main.o
 .debug_abbrev  0x00000865      0x2e9 ./Core/Src/onewire.o
 .debug_abbrev  0x00000b4e      0x107 ./Core/Src/stm32f0xx_hal_msp.o
 .debug_abbrev  0x00000c55      0x21f ./Core/Src/stm32f0xx_hal_timebase_tim.o
 .debug_abbrev  0x00000e74      0x191 ./Core/Src/stm32f0xx_it.o
 .debug_abbrev  0x00001005      0x11c ./Core/Src/system_stm32f0xx.o
 .debug_abbrev  0x00001121      0x1e3 ./Core/Src/tim.o
 .debug_abbrev  0x00001304       0x24 ./Core/Startup/startup_stm32f030c8tx.o
 .debug_abbrev  0x00001328      0x24b ./Drivers/STM32F0xx_HAL_Driver/Src/stm32f0xx_hal.o
 .debug_abbrev  0x00001573      0x28c ./Drivers/STM32F0xx_HAL_Driver/Src/stm32f0xx_hal_cortex.o
 .debug_abbrev  0x000017ff      0x1c8 ./Drivers/STM32F0xx_HAL_Driver/Src/stm32f0xx_hal_gpio.o
 .debug_abbrev  0x000019c7      0x28b ./Drivers/STM32F0xx_HAL_Driver/Src/stm32f0xx_hal_rcc.o
 .debug_abbrev  0x00001c52      0x28c ./Drivers/STM32F0xx_HAL_Driver/Src/stm32f0xx_hal_tim.o
 .debug_abbrev  0x00001ede      0x297 ./Drivers/STM32F0xx_HAL_Driver/Src/stm32f0xx_hal_tim_ex.o
 .debug_abbrev  0x00002175      0x334 ./Middlewares/Third_Party/FreeRTOS/Source/CMSIS_RTOS/cmsis_os.o
 .debug_abbrev  0x000024a9       0xf5 ./Middlewares/Third_Party/FreeRTOS/Source/list.o
 .debug_abbrev  0x0000259e      0x2eb ./Middlewares/Third_Party/FreeRTOS/Source/tasks.o
 .debug_abbrev  0x00002889      0x1ea ./Middlewares/Third_Party/FreeRTOS/Source/portable/GCC/ARM_CM0/port.o
 .debug_abbrev  0x00002a73      0x1a1 ./Middlewares/Third_Party/FreeRTOS/Source/portable/MemMang/heap_4.o

.debug_aranges  0x00000000      0xf20
 .debug_aranges
                0x00000000       0x88 ./Core/Src/ds18b20.o
 .debug_aranges
                0x00000088       0x30 ./Core/Src/freertos.o
 .debug_aranges
                0x000000b8       0x20 ./Core/Src/gpio.o
 .debug_aranges
                0x000000d8       0x40 ./Core/Src/main.o
 .debug_aranges
                0x00000118       0xd0 ./Core/Src/onewire.o
 .debug_aranges
                0x000001e8       0x20 ./Core/Src/stm32f0xx_hal_msp.o
 .debug_aranges
                0x00000208       0x30 ./Core/Src/stm32f0xx_hal_timebase_tim.o
 .debug_aranges
                0x00000238       0x30 ./Core/Src/stm32f0xx_it.o
 .debug_aranges
                0x00000268       0x28 ./Core/Src/system_stm32f0xx.o
 .debug_aranges
                0x00000290       0x30 ./Core/Src/tim.o
 .debug_aranges
                0x000002c0       0x28 ./Core/Startup/startup_stm32f030c8tx.o
 .debug_aranges
                0x000002e8       0xd0 ./Drivers/STM32F0xx_HAL_Driver/Src/stm32f0xx_hal.o
 .debug_aranges
                0x000003b8       0xc0 ./Drivers/STM32F0xx_HAL_Driver/Src/stm32f0xx_hal_cortex.o
 .debug_aranges
                0x00000478       0x58 ./Drivers/STM32F0xx_HAL_Driver/Src/stm32f0xx_hal_gpio.o
 .debug_aranges
                0x000004d0       0x80 ./Drivers/STM32F0xx_HAL_Driver/Src/stm32f0xx_hal_rcc.o
 .debug_aranges
                0x00000550      0x3d0 ./Drivers/STM32F0xx_HAL_Driver/Src/stm32f0xx_hal_tim.o
 .debug_aranges
                0x00000920      0x168 ./Drivers/STM32F0xx_HAL_Driver/Src/stm32f0xx_hal_tim_ex.o
 .debug_aranges
                0x00000a88      0x1d8 ./Middlewares/Third_Party/FreeRTOS/Source/CMSIS_RTOS/cmsis_os.o
 .debug_aranges
                0x00000c60       0x40 ./Middlewares/Third_Party/FreeRTOS/Source/list.o
 .debug_aranges
                0x00000ca0      0x1a8 ./Middlewares/Third_Party/FreeRTOS/Source/tasks.o
 .debug_aranges
                0x00000e48       0x88 ./Middlewares/Third_Party/FreeRTOS/Source/portable/GCC/ARM_CM0/port.o
 .debug_aranges
                0x00000ed0       0x50 ./Middlewares/Third_Party/FreeRTOS/Source/portable/MemMang/heap_4.o

.debug_rnglists
                0x00000000      0xb8c
 .debug_rnglists
                0x00000000       0x68 ./Core/Src/ds18b20.o
 .debug_rnglists
                0x00000068       0x1f ./Core/Src/freertos.o
 .debug_rnglists
                0x00000087       0x14 ./Core/Src/gpio.o
 .debug_rnglists
                0x0000009b       0x2d ./Core/Src/main.o
 .debug_rnglists
                0x000000c8       0x9a ./Core/Src/onewire.o
 .debug_rnglists
                0x00000162       0x13 ./Core/Src/stm32f0xx_hal_msp.o
 .debug_rnglists
                0x00000175       0x20 ./Core/Src/stm32f0xx_hal_timebase_tim.o
 .debug_rnglists
                0x00000195       0x1f ./Core/Src/stm32f0xx_it.o
 .debug_rnglists
                0x000001b4       0x1a ./Core/Src/system_stm32f0xx.o
 .debug_rnglists
                0x000001ce       0x1f ./Core/Src/tim.o
 .debug_rnglists
                0x000001ed       0x19 ./Core/Startup/startup_stm32f030c8tx.o
 .debug_rnglists
                0x00000206       0x97 ./Drivers/STM32F0xx_HAL_Driver/Src/stm32f0xx_hal.o
 .debug_rnglists
                0x0000029d       0x8c ./Drivers/STM32F0xx_HAL_Driver/Src/stm32f0xx_hal_cortex.o
 .debug_rnglists
                0x00000329       0x3f ./Drivers/STM32F0xx_HAL_Driver/Src/stm32f0xx_hal_gpio.o
 .debug_rnglists
                0x00000368       0x60 ./Drivers/STM32F0xx_HAL_Driver/Src/stm32f0xx_hal_rcc.o
 .debug_rnglists
                0x000003c8      0x31c ./Drivers/STM32F0xx_HAL_Driver/Src/stm32f0xx_hal_tim.o
 .debug_rnglists
                0x000006e4      0x126 ./Drivers/STM32F0xx_HAL_Driver/Src/stm32f0xx_hal_tim_ex.o
 .debug_rnglists
                0x0000080a      0x168 ./Middlewares/Third_Party/FreeRTOS/Source/CMSIS_RTOS/cmsis_os.o
 .debug_rnglists
                0x00000972       0x2b ./Middlewares/Third_Party/FreeRTOS/Source/list.o
 .debug_rnglists
                0x0000099d      0x153 ./Middlewares/Third_Party/FreeRTOS/Source/tasks.o
 .debug_rnglists
                0x00000af0       0x61 ./Middlewares/Third_Party/FreeRTOS/Source/portable/GCC/ARM_CM0/port.o
 .debug_rnglists
                0x00000b51       0x3b ./Middlewares/Third_Party/FreeRTOS/Source/portable/MemMang/heap_4.o

.debug_macro    0x00000000    0x11166
 .debug_macro   0x00000000      0x2a4 ./Core/Src/ds18b20.o
 .debug_macro   0x000002a4      0xaae ./Core/Src/ds18b20.o
 .debug_macro   0x00000d52      0x12d ./Core/Src/ds18b20.o
 .debug_macro   0x00000e7f       0x2e ./Core/Src/ds18b20.o
 .debug_macro   0x00000ead       0x22 ./Core/Src/ds18b20.o
 .debug_macro   0x00000ecf       0x22 ./Core/Src/ds18b20.o
 .debug_macro   0x00000ef1       0x8e ./Core/Src/ds18b20.o
 .debug_macro   0x00000f7f       0x51 ./Core/Src/ds18b20.o
 .debug_macro   0x00000fd0      0x103 ./Core/Src/ds18b20.o
 .debug_macro   0x000010d3       0x6a ./Core/Src/ds18b20.o
 .debug_macro   0x0000113d      0x1df ./Core/Src/ds18b20.o
 .debug_macro   0x0000131c       0x1c ./Core/Src/ds18b20.o
 .debug_macro   0x00001338       0x22 ./Core/Src/ds18b20.o
 .debug_macro   0x0000135a       0xaf ./Core/Src/ds18b20.o
 .debug_macro   0x00001409      0x391 ./Core/Src/ds18b20.o
 .debug_macro   0x0000179a     0x6f47 ./Core/Src/ds18b20.o
 .debug_macro   0x000086e1       0x66 ./Core/Src/ds18b20.o
 .debug_macro   0x00008747     0x34da ./Core/Src/ds18b20.o
 .debug_macro   0x0000bc21      0x190 ./Core/Src/ds18b20.o
 .debug_macro   0x0000bdb1       0x55 ./Core/Src/ds18b20.o
 .debug_macro   0x0000be06      0x924 ./Core/Src/ds18b20.o
 .debug_macro   0x0000c72a      0x17f ./Core/Src/ds18b20.o
 .debug_macro   0x0000c8a9      0x1ae ./Core/Src/ds18b20.o
 .debug_macro   0x0000ca57       0xd8 ./Core/Src/ds18b20.o
 .debug_macro   0x0000cb2f      0x1a0 ./Core/Src/ds18b20.o
 .debug_macro   0x0000cccf      0x1ed ./Core/Src/ds18b20.o
 .debug_macro   0x0000cebc       0x34 ./Core/Src/ds18b20.o
 .debug_macro   0x0000cef0       0x43 ./Core/Src/ds18b20.o
 .debug_macro   0x0000cf33       0x28 ./Core/Src/ds18b20.o
 .debug_macro   0x0000cf5b       0xb0 ./Core/Src/ds18b20.o
 .debug_macro   0x0000d00b      0x199 ./Core/Src/ds18b20.o
 .debug_macro   0x0000d1a4      0x22c ./Core/Src/ds18b20.o
 .debug_macro   0x0000d3d0       0x61 ./Core/Src/ds18b20.o
 .debug_macro   0x0000d431       0xa5 ./Core/Src/ds18b20.o
 .debug_macro   0x0000d4d6       0x4c ./Core/Src/ds18b20.o
 .debug_macro   0x0000d522       0x2b ./Core/Src/ds18b20.o
 .debug_macro   0x0000d54d      0x8f4 ./Core/Src/ds18b20.o
 .debug_macro   0x0000de41       0x28 ./Core/Src/ds18b20.o
 .debug_macro   0x0000de69       0xff ./Core/Src/ds18b20.o
 .debug_macro   0x0000df68       0x40 ./Core/Src/ds18b20.o
 .debug_macro   0x0000dfa8       0x34 ./Core/Src/ds18b20.o
 .debug_macro   0x0000dfdc       0x22 ./Core/Src/ds18b20.o
 .debug_macro   0x0000dffe       0xb2 ./Core/Src/ds18b20.o
 .debug_macro   0x0000e0b0      0x15a ./Core/Src/ds18b20.o
 .debug_macro   0x0000e20a       0xac ./Core/Src/ds18b20.o
 .debug_macro   0x0000e2b6       0x10 ./Core/Src/ds18b20.o
 .debug_macro   0x0000e2c6       0x1f ./Core/Src/ds18b20.o
 .debug_macro   0x0000e2e5      0x4c5 ./Core/Src/ds18b20.o
 .debug_macro   0x0000e7aa       0xb5 ./Core/Src/ds18b20.o
 .debug_macro   0x0000e85f       0x8c ./Core/Src/ds18b20.o
 .debug_macro   0x0000e8eb       0x91 ./Core/Src/ds18b20.o
 .debug_macro   0x0000e97c       0x8d ./Core/Src/ds18b20.o
 .debug_macro   0x0000ea09       0x7e ./Core/Src/ds18b20.o
 .debug_macro   0x0000ea87       0x19 ./Core/Src/ds18b20.o
 .debug_macro   0x0000eaa0       0xf2 ./Core/Src/ds18b20.o
 .debug_macro   0x0000eb92       0x46 ./Core/Src/ds18b20.o
 .debug_macro   0x0000ebd8      0x26a ./Core/Src/freertos.o
 .debug_macro   0x0000ee42      0x1c1 ./Core/Src/gpio.o
 .debug_macro   0x0000f003      0x2ce ./Core/Src/main.o
 .debug_macro   0x0000f2d1      0x1e3 ./Core/Src/onewire.o
 .debug_macro   0x0000f4b4      0x1b7 ./Core/Src/stm32f0xx_hal_msp.o
 .debug_macro   0x0000f66b      0x1ad ./Core/Src/stm32f0xx_hal_timebase_tim.o
 .debug_macro   0x0000f818      0x1c1 ./Core/Src/stm32f0xx_it.o
 .debug_macro   0x0000f9d9      0x1ad ./Core/Src/system_stm32f0xx.o
 .debug_macro   0x0000fb86      0x1c1 ./Core/Src/tim.o
 .debug_macro   0x0000fd47      0x1d1 ./Drivers/STM32F0xx_HAL_Driver/Src/stm32f0xx_hal.o
 .debug_macro   0x0000ff18      0x1ad ./Drivers/STM32F0xx_HAL_Driver/Src/stm32f0xx_hal_cortex.o
 .debug_macro   0x000100c5      0x1b4 ./Drivers/STM32F0xx_HAL_Driver/Src/stm32f0xx_hal_gpio.o
 .debug_macro   0x00010279      0x1bf ./Drivers/STM32F0xx_HAL_Driver/Src/stm32f0xx_hal_rcc.o
 .debug_macro   0x00010438      0x1ae ./Drivers/STM32F0xx_HAL_Driver/Src/stm32f0xx_hal_tim.o
 .debug_macro   0x000105e6      0x1ad ./Drivers/STM32F0xx_HAL_Driver/Src/stm32f0xx_hal_tim_ex.o
 .debug_macro   0x00010793      0x1fe ./Middlewares/Third_Party/FreeRTOS/Source/CMSIS_RTOS/cmsis_os.o
 .debug_macro   0x00010991       0x10 ./Middlewares/Third_Party/FreeRTOS/Source/CMSIS_RTOS/cmsis_os.o
 .debug_macro   0x000109a1       0x20 ./Middlewares/Third_Party/FreeRTOS/Source/CMSIS_RTOS/cmsis_os.o
 .debug_macro   0x000109c1       0x9d ./Middlewares/Third_Party/FreeRTOS/Source/CMSIS_RTOS/cmsis_os.o
 .debug_macro   0x00010a5e      0x187 ./Middlewares/Third_Party/FreeRTOS/Source/list.o
 .debug_macro   0x00010be5      0x287 ./Middlewares/Third_Party/FreeRTOS/Source/tasks.o
 .debug_macro   0x00010e6c       0x10 ./Middlewares/Third_Party/FreeRTOS/Source/tasks.o
 .debug_macro   0x00010e7c      0x13c ./Middlewares/Third_Party/FreeRTOS/Source/portable/GCC/ARM_CM0/port.o
 .debug_macro   0x00010fb8      0x1ae ./Middlewares/Third_Party/FreeRTOS/Source/portable/MemMang/heap_4.o

.debug_line     0x00000000    0x1172e
 .debug_line    0x00000000      0xcfd ./Core/Src/ds18b20.o
 .debug_line    0x00000cfd      0x8e4 ./Core/Src/freertos.o
 .debug_line    0x000015e1      0x746 ./Core/Src/gpio.o
 .debug_line    0x00001d27      0x9da ./Core/Src/main.o
 .debug_line    0x00002701      0xc2e ./Core/Src/onewire.o
 .debug_line    0x0000332f      0x730 ./Core/Src/stm32f0xx_hal_msp.o
 .debug_line    0x00003a5f      0x7ad ./Core/Src/stm32f0xx_hal_timebase_tim.o
 .debug_line    0x0000420c      0x766 ./Core/Src/stm32f0xx_it.o
 .debug_line    0x00004972      0x79f ./Core/Src/system_stm32f0xx.o
 .debug_line    0x00005111      0x77b ./Core/Src/tim.o
 .debug_line    0x0000588c       0x7b ./Core/Startup/startup_stm32f030c8tx.o
 .debug_line    0x00005907      0x9ae ./Drivers/STM32F0xx_HAL_Driver/Src/stm32f0xx_hal.o
 .debug_line    0x000062b5      0xa56 ./Drivers/STM32F0xx_HAL_Driver/Src/stm32f0xx_hal_cortex.o
 .debug_line    0x00006d0b      0xb13 ./Drivers/STM32F0xx_HAL_Driver/Src/stm32f0xx_hal_gpio.o
 .debug_line    0x0000781e      0xe3f ./Drivers/STM32F0xx_HAL_Driver/Src/stm32f0xx_hal_rcc.o
 .debug_line    0x0000865d     0x370c ./Drivers/STM32F0xx_HAL_Driver/Src/stm32f0xx_hal_tim.o
 .debug_line    0x0000bd69     0x1883 ./Drivers/STM32F0xx_HAL_Driver/Src/stm32f0xx_hal_tim_ex.o
 .debug_line    0x0000d5ec     0x12e1 ./Middlewares/Third_Party/FreeRTOS/Source/CMSIS_RTOS/cmsis_os.o
 .debug_line    0x0000e8cd      0x78b ./Middlewares/Third_Party/FreeRTOS/Source/list.o
 .debug_line    0x0000f058     0x16c5 ./Middlewares/Third_Party/FreeRTOS/Source/tasks.o
 .debug_line    0x0001071d      0x703 ./Middlewares/Third_Party/FreeRTOS/Source/portable/GCC/ARM_CM0/port.o
 .debug_line    0x00010e20      0x90e ./Middlewares/Third_Party/FreeRTOS/Source/portable/MemMang/heap_4.o

.debug_str      0x00000000    0x68ba4
 .debug_str     0x00000000    0x68ba4 ./Core/Src/ds18b20.o
                              0x61005 (size before relaxing)
 .debug_str     0x00068ba4    0x60947 ./Core/Src/freertos.o
 .debug_str     0x00068ba4    0x5ae46 ./Core/Src/gpio.o
 .debug_str     0x00068ba4    0x613f7 ./Core/Src/main.o
 .debug_str     0x00068ba4    0x5b78f ./Core/Src/onewire.o
 .debug_str     0x00068ba4    0x5af1e ./Core/Src/stm32f0xx_hal_msp.o
 .debug_str     0x00068ba4    0x5b53c ./Core/Src/stm32f0xx_hal_timebase_tim.o
 .debug_str     0x00068ba4    0x5b21d ./Core/Src/stm32f0xx_it.o
 .debug_str     0x00068ba4    0x5addb ./Core/Src/system_stm32f0xx.o
 .debug_str     0x00068ba4    0x5b2c6 ./Core/Src/tim.o
 .debug_str     0x00068ba4       0x83 ./Core/Startup/startup_stm32f030c8tx.o
 .debug_str     0x00068ba4    0x5b36f ./Drivers/STM32F0xx_HAL_Driver/Src/stm32f0xx_hal.o
 .debug_str     0x00068ba4    0x5b160 ./Drivers/STM32F0xx_HAL_Driver/Src/stm32f0xx_hal_cortex.o
 .debug_str     0x00068ba4    0x5af7c ./Drivers/STM32F0xx_HAL_Driver/Src/stm32f0xx_hal_gpio.o
 .debug_str     0x00068ba4    0x5b217 ./Drivers/STM32F0xx_HAL_Driver/Src/stm32f0xx_hal_rcc.o
 .debug_str     0x00068ba4    0x5c1f1 ./Drivers/STM32F0xx_HAL_Driver/Src/stm32f0xx_hal_tim.o
 .debug_str     0x00068ba4    0x5b9fd ./Drivers/STM32F0xx_HAL_Driver/Src/stm32f0xx_hal_tim_ex.o
 .debug_str     0x00068ba4     0xdda2 ./Middlewares/Third_Party/FreeRTOS/Source/CMSIS_RTOS/cmsis_os.o
 .debug_str     0x00068ba4     0xa4f0 ./Middlewares/Third_Party/FreeRTOS/Source/list.o
 .debug_str     0x00068ba4     0xc73c ./Middlewares/Third_Party/FreeRTOS/Source/tasks.o
 .debug_str     0x00068ba4     0x7c0c ./Middlewares/Third_Party/FreeRTOS/Source/portable/GCC/ARM_CM0/port.o
 .debug_str     0x00068ba4     0xac0a ./Middlewares/Third_Party/FreeRTOS/Source/portable/MemMang/heap_4.o

.comment        0x00000000       0x43
 .comment       0x00000000       0x43 ./Core/Src/ds18b20.o
                                 0x44 (size before relaxing)
 .comment       0x00000043       0x44 ./Core/Src/freertos.o
 .comment       0x00000043       0x44 ./Core/Src/gpio.o
 .comment       0x00000043       0x44 ./Core/Src/main.o
 .comment       0x00000043       0x44 ./Core/Src/onewire.o
 .comment       0x00000043       0x44 ./Core/Src/stm32f0xx_hal_msp.o
 .comment       0x00000043       0x44 ./Core/Src/stm32f0xx_hal_timebase_tim.o
 .comment       0x00000043       0x44 ./Core/Src/stm32f0xx_it.o
 .comment       0x00000043       0x44 ./Core/Src/system_stm32f0xx.o
 .comment       0x00000043       0x44 ./Core/Src/tim.o
 .comment       0x00000043       0x44 ./Drivers/STM32F0xx_HAL_Driver/Src/stm32f0xx_hal.o
 .comment       0x00000043       0x44 ./Drivers/STM32F0xx_HAL_Driver/Src/stm32f0xx_hal_cortex.o
 .comment       0x00000043       0x44 ./Drivers/STM32F0xx_HAL_Driver/Src/stm32f0xx_hal_gpio.o
 .comment       0x00000043       0x44 ./Drivers/STM32F0xx_HAL_Driver/Src/stm32f0xx_hal_rcc.o
 .comment       0x00000043       0x44 ./Drivers/STM32F0xx_HAL_Driver/Src/stm32f0xx_hal_tim.o
 .comment       0x00000043       0x44 ./Drivers/STM32F0xx_HAL_Driver/Src/stm32f0xx_hal_tim_ex.o
 .comment       0x00000043       0x44 ./Middlewares/Third_Party/FreeRTOS/Source/CMSIS_RTOS/cmsis_os.o
 .comment       0x00000043       0x44 ./Middlewares/Third_Party/FreeRTOS/Source/list.o
 .comment       0x00000043       0x44 ./Middlewares/Third_Party/FreeRTOS/Source/tasks.o
 .comment       0x00000043       0x44 ./Middlewares/Third_Party/FreeRTOS/Source/portable/GCC/ARM_CM0/port.o
 .comment       0x00000043       0x44 ./Middlewares/Third_Party/FreeRTOS/Source/portable/MemMang/heap_4.o

.debug_frame    0x00000000     0x362c
 .debug_frame   0x00000000      0x1e8 ./Core/Src/ds18b20.o
 .debug_frame   0x000001e8       0x70 ./Core/Src/freertos.o
 .debug_frame   0x00000258       0x30 ./Core/Src/gpio.o
 .debug_frame   0x00000288       0xac ./Core/Src/main.o
 .debug_frame   0x00000334      0x2f8 ./Core/Src/onewire.o
 .debug_frame   0x0000062c       0x30 ./Core/Src/stm32f0xx_hal_msp.o
 .debug_frame   0x0000065c       0x6c ./Core/Src/stm32f0xx_hal_timebase_tim.o
 .debug_frame   0x000006c8       0x64 ./Core/Src/stm32f0xx_it.o
 .debug_frame   0x0000072c       0x4c ./Core/Src/system_stm32f0xx.o
 .debug_frame   0x00000778       0x6c ./Core/Src/tim.o
 .debug_frame   0x000007e4      0x2a4 ./Drivers/STM32F0xx_HAL_Driver/Src/stm32f0xx_hal.o
 .debug_frame   0x00000a88      0x2a0 ./Drivers/STM32F0xx_HAL_Driver/Src/stm32f0xx_hal_cortex.o
 .debug_frame   0x00000d28      0x110 ./Drivers/STM32F0xx_HAL_Driver/Src/stm32f0xx_hal_gpio.o
 .debug_frame   0x00000e38      0x198 ./Drivers/STM32F0xx_HAL_Driver/Src/stm32f0xx_hal_rcc.o
 .debug_frame   0x00000fd0      0xf00 ./Drivers/STM32F0xx_HAL_Driver/Src/stm32f0xx_hal_tim.o
 .debug_frame   0x00001ed0      0x560 ./Drivers/STM32F0xx_HAL_Driver/Src/stm32f0xx_hal_tim_ex.o
 .debug_frame   0x00002430      0x6f4 ./Middlewares/Third_Party/FreeRTOS/Source/CMSIS_RTOS/cmsis_os.o
 .debug_frame   0x00002b24       0xb0 ./Middlewares/Third_Party/FreeRTOS/Source/list.o
 .debug_frame   0x00002bd4      0x63c ./Middlewares/Third_Party/FreeRTOS/Source/tasks.o
 .debug_frame   0x00003210      0x174 ./Middlewares/Third_Party/FreeRTOS/Source/portable/GCC/ARM_CM0/port.o
 .debug_frame   0x00003384       0xe4 ./Middlewares/Third_Party/FreeRTOS/Source/portable/MemMang/heap_4.o
 .debug_frame   0x00003468       0x20 C:/ST/STM32CubeIDE_1.18.1/STM32CubeIDE/plugins/com.st.stm32cube.ide.mcu.externaltools.gnu-tools-for-stm32.13.3.rel1.win32_1.0.0.202411081344/tools/bin/../lib/gcc/arm-none-eabi/13.3.1/../../../../arm-none-eabi/lib/thumb/v6-m/nofp\libc_nano.a(libc_a-memset.o)
 .debug_frame   0x00003488       0x2c C:/ST/STM32CubeIDE_1.18.1/STM32CubeIDE/plugins/com.st.stm32cube.ide.mcu.externaltools.gnu-tools-for-stm32.13.3.rel1.win32_1.0.0.202411081344/tools/bin/../lib/gcc/arm-none-eabi/13.3.1/../../../../arm-none-eabi/lib/thumb/v6-m/nofp\libc_nano.a(libc_a-init.o)
 .debug_frame   0x000034b4       0x20 C:/ST/STM32CubeIDE_1.18.1/STM32CubeIDE/plugins/com.st.stm32cube.ide.mcu.externaltools.gnu-tools-for-stm32.13.3.rel1.win32_1.0.0.202411081344/tools/bin/../lib/gcc/arm-none-eabi/13.3.1/thumb/v6-m/nofp\libgcc.a(_udivsi3.o)
 .debug_frame   0x000034d4       0x38 C:/ST/STM32CubeIDE_1.18.1/STM32CubeIDE/plugins/com.st.stm32cube.ide.mcu.externaltools.gnu-tools-for-stm32.13.3.rel1.win32_1.0.0.202411081344/tools/bin/../lib/gcc/arm-none-eabi/13.3.1/thumb/v6-m/nofp\libgcc.a(addsf3.o)
 .debug_frame   0x0000350c       0x2c C:/ST/STM32CubeIDE_1.18.1/STM32CubeIDE/plugins/com.st.stm32cube.ide.mcu.externaltools.gnu-tools-for-stm32.13.3.rel1.win32_1.0.0.202411081344/tools/bin/../lib/gcc/arm-none-eabi/13.3.1/thumb/v6-m/nofp\libgcc.a(eqsf2.o)
 .debug_frame   0x00003538       0x2c C:/ST/STM32CubeIDE_1.18.1/STM32CubeIDE/plugins/com.st.stm32cube.ide.mcu.externaltools.gnu-tools-for-stm32.13.3.rel1.win32_1.0.0.202411081344/tools/bin/../lib/gcc/arm-none-eabi/13.3.1/thumb/v6-m/nofp\libgcc.a(gesf2.o)
 .debug_frame   0x00003564       0x2c C:/ST/STM32CubeIDE_1.18.1/STM32CubeIDE/plugins/com.st.stm32cube.ide.mcu.externaltools.gnu-tools-for-stm32.13.3.rel1.win32_1.0.0.202411081344/tools/bin/../lib/gcc/arm-none-eabi/13.3.1/thumb/v6-m/nofp\libgcc.a(lesf2.o)
 .debug_frame   0x00003590       0x38 C:/ST/STM32CubeIDE_1.18.1/STM32CubeIDE/plugins/com.st.stm32cube.ide.mcu.externaltools.gnu-tools-for-stm32.13.3.rel1.win32_1.0.0.202411081344/tools/bin/../lib/gcc/arm-none-eabi/13.3.1/thumb/v6-m/nofp\libgcc.a(mulsf3.o)
 .debug_frame   0x000035c8       0x38 C:/ST/STM32CubeIDE_1.18.1/STM32CubeIDE/plugins/com.st.stm32cube.ide.mcu.externaltools.gnu-tools-for-stm32.13.3.rel1.win32_1.0.0.202411081344/tools/bin/../lib/gcc/arm-none-eabi/13.3.1/thumb/v6-m/nofp\libgcc.a(subsf3.o)
 .debug_frame   0x00003600       0x2c C:/ST/STM32CubeIDE_1.18.1/STM32CubeIDE/plugins/com.st.stm32cube.ide.mcu.externaltools.gnu-tools-for-stm32.13.3.rel1.win32_1.0.0.202411081344/tools/bin/../lib/gcc/arm-none-eabi/13.3.1/thumb/v6-m/nofp\libgcc.a(floatsisf.o)

.debug_line_str
                0x00000000       0x67
 .debug_line_str
                0x00000000       0x67 ./Core/Startup/startup_stm32f030c8tx.o
