../Core/Src/main.c:84:5:main	24	static
../Core/Src/main.c:160:6:SystemClock_Config	120	static
../Core/Src/main.c:210:13:MX_I2C1_Init	8	static
../Core/Src/main.c:258:13:MX_GPIO_Init	48	static
../Core/Src/main.c:294:6:ADPD188BI_WriteReg	32	static
../Core/Src/main.c:304:10:ADPD188BI_ReadReg	40	static
../Core/Src/main.c:313:6:ADPD188BI_Init	8	static
../Core/Src/main.c:351:10:ADPD188BI_Read_Smoke	8	static
../Core/Src/main.c:356:6:Enter_Stop_Mode	8	static
../Core/Src/main.c:371:6:Error_Handler	8	static,ignoring_inline_asm
